Archive member included to satisfy reference by file (symbol)

.\CortexM0\ARM_GCC_541\Debug\Micro.a(UART.o)
                              .\CortexM0\ARM_GCC_541\Debug\main.o (UART_Start)
.\CortexM0\ARM_GCC_541\Debug\Micro.a(UART_UART.o)
                              .\CortexM0\ARM_GCC_541\Debug\Micro.a(UART.o) (UART_UartInit)
.\CortexM0\ARM_GCC_541\Debug\Micro.a(CyLib.o)
                              .\CortexM0\ARM_GCC_541\Debug\cyfitter_cfg.o (CyIntEnable)
.\CortexM0\ARM_GCC_541\Debug\Micro.a(CyLFClk.o)
                              .\CortexM0\ARM_GCC_541\Debug\cyfitter_cfg.o (CySysClkWcoStart)
.\CortexM0\ARM_GCC_541\Debug\Micro.a(ADC_MIC.o)
                              .\CortexM0\ARM_GCC_541\Debug\main.o (ADC_MIC_Start)
.\CortexM0\ARM_GCC_541\Debug\Micro.a(ADC_MIC_INT.o)
                              .\CortexM0\ARM_GCC_541\Debug\Micro.a(ADC_MIC.o) (ADC_MIC_ISR)
.\CortexM0\ARM_GCC_541\Debug\Micro.a(PWM_Brightness.o)
                              .\CortexM0\ARM_GCC_541\Debug\main.o (PWM_Brightness_WriteCompare)
.\CortexM0\ARM_GCC_541\Debug\Micro.a(Pin_DLed.o)
                              .\CortexM0\ARM_GCC_541\Debug\main.o (Pin_DLed_Write)
.\CortexM0\ARM_GCC_541\Debug\Micro.a(isr_Counter.o)
                              .\CortexM0\ARM_GCC_541\Debug\main.o (isr_Counter_StartEx)
.\CortexM0\ARM_GCC_541\Debug\Micro.a(CyBootAsmGnu.o)
                              .\CortexM0\ARM_GCC_541\Debug\cyfitter_cfg.o (CyDelayCycles)
.\CortexM0\ARM_GCC_541\Debug\Micro.a(UART_SPI_UART.o)
                              .\CortexM0\ARM_GCC_541\Debug\Micro.a(UART_UART.o) (UART_SpiUartReadRxData)
c:/program files (x86)/cypress/psoc creator/4.2/psoc creator/import/gnu/arm/5.4.1/bin/../lib/gcc/arm-none-eabi/5.4.1/armv6-m\libgcc.a(_udivsi3.o)
                              .\CortexM0\ARM_GCC_541\Debug\Micro.a(CyLib.o) (__aeabi_uidiv)
c:/program files (x86)/cypress/psoc creator/4.2/psoc creator/import/gnu/arm/5.4.1/bin/../lib/gcc/arm-none-eabi/5.4.1/armv6-m\libgcc.a(_divsi3.o)
                              .\CortexM0\ARM_GCC_541\Debug\Micro.a(CyLFClk.o) (__aeabi_idiv)
c:/program files (x86)/cypress/psoc creator/4.2/psoc creator/import/gnu/arm/5.4.1/bin/../lib/gcc/arm-none-eabi/5.4.1/armv6-m\libgcc.a(_dvmd_tls.o)
                              c:/program files (x86)/cypress/psoc creator/4.2/psoc creator/import/gnu/arm/5.4.1/bin/../lib/gcc/arm-none-eabi/5.4.1/armv6-m\libgcc.a(_udivsi3.o) (__aeabi_idiv0)
c:/program files (x86)/cypress/psoc creator/4.2/psoc creator/import/gnu/arm/5.4.1/bin/../lib/gcc/arm-none-eabi/5.4.1/armv6-m\libgcc.a(_aeabi_ldivmod.o)
                              .\CortexM0\ARM_GCC_541\Debug\Micro.a(ADC_MIC.o) (__aeabi_ldivmod)
c:/program files (x86)/cypress/psoc creator/4.2/psoc creator/import/gnu/arm/5.4.1/bin/../lib/gcc/arm-none-eabi/5.4.1/armv6-m\libgcc.a(_muldi3.o)
                              .\CortexM0\ARM_GCC_541\Debug\Micro.a(ADC_MIC.o) (__aeabi_lmul)
c:/program files (x86)/cypress/psoc creator/4.2/psoc creator/import/gnu/arm/5.4.1/bin/../lib/gcc/arm-none-eabi/5.4.1/armv6-m\libgcc.a(bpabi.o)
                              c:/program files (x86)/cypress/psoc creator/4.2/psoc creator/import/gnu/arm/5.4.1/bin/../lib/gcc/arm-none-eabi/5.4.1/armv6-m\libgcc.a(_aeabi_ldivmod.o) (__gnu_ldivmod_helper)
c:/program files (x86)/cypress/psoc creator/4.2/psoc creator/import/gnu/arm/5.4.1/bin/../lib/gcc/arm-none-eabi/5.4.1/armv6-m\libgcc.a(divsf3.o)
                              .\CortexM0\ARM_GCC_541\Debug\Micro.a(ADC_MIC.o) (__aeabi_fdiv)
c:/program files (x86)/cypress/psoc creator/4.2/psoc creator/import/gnu/arm/5.4.1/bin/../lib/gcc/arm-none-eabi/5.4.1/armv6-m\libgcc.a(mulsf3.o)
                              .\CortexM0\ARM_GCC_541\Debug\Micro.a(ADC_MIC.o) (__aeabi_fmul)
c:/program files (x86)/cypress/psoc creator/4.2/psoc creator/import/gnu/arm/5.4.1/bin/../lib/gcc/arm-none-eabi/5.4.1/armv6-m\libgcc.a(floatsisf.o)
                              .\CortexM0\ARM_GCC_541\Debug\Micro.a(ADC_MIC.o) (__aeabi_i2f)
c:/program files (x86)/cypress/psoc creator/4.2/psoc creator/import/gnu/arm/5.4.1/bin/../lib/gcc/arm-none-eabi/5.4.1/armv6-m\libgcc.a(_clzsi2.o)
                              c:/program files (x86)/cypress/psoc creator/4.2/psoc creator/import/gnu/arm/5.4.1/bin/../lib/gcc/arm-none-eabi/5.4.1/armv6-m\libgcc.a(divsf3.o) (__clzsi2)
c:/program files (x86)/cypress/psoc creator/4.2/psoc creator/import/gnu/arm/5.4.1/bin/../lib/gcc/arm-none-eabi/5.4.1/armv6-m\libgcc.a(_divdi3.o)
                              c:/program files (x86)/cypress/psoc creator/4.2/psoc creator/import/gnu/arm/5.4.1/bin/../lib/gcc/arm-none-eabi/5.4.1/armv6-m\libgcc.a(bpabi.o) (__divdi3)
c:/program files (x86)/cypress/psoc creator/4.2/psoc creator/import/gnu/arm/5.4.1/bin/../lib/gcc/arm-none-eabi/5.4.1/armv6-m\libgcc.a(_clzdi2.o)
                              c:/program files (x86)/cypress/psoc creator/4.2/psoc creator/import/gnu/arm/5.4.1/bin/../lib/gcc/arm-none-eabi/5.4.1/armv6-m\libgcc.a(_divdi3.o) (__clzdi2)
[...]
Memory Configuration

Name             Origin             Length             Attributes
rom              0x00000000         0x00040000         xr
ram              0x20000000         0x00008000         xrw
*default*        0x00000000         0xffffffff

Linker script and memory map

LOAD c:/program files (x86)/cypress/psoc creator/4.2/psoc creator/import/gnu/arm/5.4.1/bin/../lib/gcc/arm-none-eabi/5.4.1/armv6-m/crti.o
LOAD c:/program files (x86)/cypress/psoc creator/4.2/psoc creator/import/gnu/arm/5.4.1/bin/../lib/gcc/arm-none-eabi/5.4.1/armv6-m/crtbegin.o
LOAD c:/program files (x86)/cypress/psoc creator/4.2/psoc creator/import/gnu/arm/5.4.1/bin/../lib/gcc/arm-none-eabi/5.4.1/../../../../arm-none-eabi/lib/armv6-m/crt0.o
START GROUP
LOAD .\CortexM0\ARM_GCC_541\Debug\main.o
LOAD .\CortexM0\ARM_GCC_541\Debug\cyfitter_cfg.o
LOAD .\CortexM0\ARM_GCC_541\Debug\cymetadata.o
LOAD .\CortexM0\ARM_GCC_541\Debug\Cm0Start.o
LOAD .\CortexM0\ARM_GCC_541\Debug\Micro.a
END GROUP
START GROUP
LOAD c:/program files (x86)/cypress/psoc creator/4.2/psoc creator/import/gnu/arm/5.4.1/bin/../lib/gcc/arm-none-eabi/5.4.1/armv6-m\libgcc.a
LOAD c:/program files (x86)/cypress/psoc creator/4.2/psoc creator/import/gnu/arm/5.4.1/bin/../lib/gcc/arm-none-eabi/5.4.1/../../../../arm-none-eabi/lib/armv6-m\libg_nano.a
LOAD c:/program files (x86)/cypress/psoc creator/4.2/psoc creator/import/gnu/arm/5.4.1/bin/../lib/gcc/arm-none-eabi/5.4.1/../../../../arm-none-eabi/lib/armv6-m\libc_nano.a
END GROUP
START GROUP
LOAD c:/program files (x86)/cypress/psoc creator/4.2/psoc creator/import/gnu/arm/5.4.1/bin/../lib/gcc/arm-none-eabi/5.4.1/armv6-m\libgcc.a
LOAD c:/program files (x86)/cypress/psoc creator/4.2/psoc creator/import/gnu/arm/5.4.1/bin/../lib/gcc/arm-none-eabi/5.4.1/../../../../arm-none-eabi/lib/armv6-m\libc_nano.a
END GROUP
LOAD c:/program files (x86)/cypress/psoc creator/4.2/psoc creator/import/gnu/arm/5.4.1/bin/../lib/gcc/arm-none-eabi/5.4.1/armv6-m/crtend.o
LOAD c:/program files (x86)/cypress/psoc creator/4.2/psoc creator/import/gnu/arm/5.4.1/bin/../lib/gcc/arm-none-eabi/5.4.1/armv6-m/crtn.o
START GROUP
LOAD c:/program files (x86)/cypress/psoc creator/4.2/psoc creator/import/gnu/arm/5.4.1/bin/../lib/gcc/arm-none-eabi/5.4.1/armv6-m\libgcc.a
LOAD c:/program files (x86)/cypress/psoc creator/4.2/psoc creator/import/gnu/arm/5.4.1/bin/../lib/gcc/arm-none-eabi/5.4.1/../../../../arm-none-eabi/lib/armv6-m\libc.a
LOAD c:/program files (x86)/cypress/psoc creator/4.2/psoc creator/import/gnu/arm/5.4.1/bin/../lib/gcc/arm-none-eabi/5.4.1/../../../../arm-none-eabi/lib/armv6-m\libnosys.a
END GROUP
                0x00000000                CY_APPL_ORIGIN = 0x0
                0x00000100                CY_FLASH_ROW_SIZE = 0x100
                0x00000001                CY_APPL_NUM = 0x1
                0x00000001                CY_APPL_MAX = 0x1
                0x00000040                CY_METADATA_SIZE = 0x40
                0x00000000                CY_APPL_LOADABLE = 0x0
                0x00000000                CY_CHECKSUM_EXCLUDE_SIZE = ALIGN (0x0, CY_FLASH_ROW_SIZE)
                0x00000000                CY_APP_FOR_STACK_AND_COPIER = 0x0
                [!provide]                PROVIDE (__cy_heap_start, _end)
                0x00000001                PROVIDE (__cy_region_num, ((__cy_regions_end - __cy_regions) / 0x10))
                0x20008000                PROVIDE (__cy_stack, (ORIGIN (ram) + LENGTH (ram)))
                [!provide]                PROVIDE (__cy_heap_end, (__cy_stack - 0x800))

.cybootloader   0x00000000        0x0
 *(.cybootloader)
                0x00000000                appl1_start = CY_APPL_ORIGIN?CY_APPL_ORIGIN:ALIGN (CY_FLASH_ROW_SIZE)
                0x0001ff00                appl2_start = (appl1_start + ALIGN ((((LENGTH (rom) - appl1_start) - (0x2 * CY_FLASH_ROW_SIZE)) / 0x2), CY_FLASH_ROW_SIZE))
                0x00000000                appl_start = (CY_APPL_NUM == 0x1)?appl1_start:appl2_start
                0x00000001                cy_project_type_bootloader = (appl_start == 0x0)?0x1:0x0
                0x00000000                cy_project_type_app_for_stack_and_copier = (CY_APP_FOR_STACK_AND_COPIER == 0x1)?0x1:0x0

.text           0x00000000     0x178e
 CREATE_OBJECT_SYMBOLS
                0x00000000                PROVIDE (__cy_interrupt_vector, RomVectors)
 *(.romvectors)
 .romvectors    0x00000000       0x10 .\CortexM0\ARM_GCC_541\Debug\Cm0Start.o
                0x00000000                RomVectors
                0x00000001                ASSERT ((. != __cy_interrupt_vector), No interrupt vector)
                0x00000001                ASSERT (CY_APPL_ORIGIN?(SIZEOF (.cybootloader) <= CY_APPL_ORIGIN):0x1, Wrong image location)
                0x00000010                PROVIDE (__cy_reset, Reset)
 *(.text.Reset)
 .text.Reset    0x00000010        0x8 .\CortexM0\ARM_GCC_541\Debug\Cm0Start.o
                0x00000010                Reset
                0x00000001                ASSERT ((. != __cy_reset), No reset code)
 *(.psocinit)
 .psocinit      0x00000018      0x20c .\CortexM0\ARM_GCC_541\Debug\cyfitter_cfg.o
                0x0000012c                cyfitter_cfg
                0x00000224                . = MAX (., 0x100)
 *(.text .text.* .gnu.linkonce.t.*)
 .text          0x00000224       0x60 c:/program files (x86)/cypress/psoc creator/4.2/psoc creator/import/gnu/arm/5.4.1/bin/../lib/gcc/arm-none-eabi/5.4.1/armv6-m/crtbegin.o
 .text.CC_TC_InterruptHandler
                0x00000284       0x10 .\CortexM0\ARM_GCC_541\Debug\main.o
                0x00000284                CC_TC_InterruptHandler
 .text.get_compare_from_analog
                0x00000294       0x1c .\CortexM0\ARM_GCC_541\Debug\main.o
                0x00000294                get_compare_from_analog
 .text.main     0x000002b0       0x68 .\CortexM0\ARM_GCC_541\Debug\main.o
                0x000002b0                main
 .text.cfg_write_bytes32
                0x00000318       0x34 .\CortexM0\ARM_GCC_541\Debug\cyfitter_cfg.o
 .text.CYMEMZERO
                0x0000034c        0xc .\CortexM0\ARM_GCC_541\Debug\cyfitter_cfg.o
 .text.SetAnalogRoutingPumps
                0x00000358       0x20 .\CortexM0\ARM_GCC_541\Debug\cyfitter_cfg.o
                0x00000358                SetAnalogRoutingPumps
 .text.AnalogSetDefault
                0x00000378       0x48 .\CortexM0\ARM_GCC_541\Debug\cyfitter_cfg.o
 .text.IntDefaultHandler
                0x000003c0       0x10 .\CortexM0\ARM_GCC_541\Debug\Cm0Start.o
                0x000003c0                IntDefaultHandler
 .text._sbrk    0x000003d0       0x30 .\CortexM0\ARM_GCC_541\Debug\Cm0Start.o
                0x000003d0                _sbrk
 .text.Start_c  0x00000400       0x48 .\CortexM0\ARM_GCC_541\Debug\Cm0Start.o
                0x00000400                Start_c
 .text.initialize_psoc
                0x00000448       0x4c .\CortexM0\ARM_GCC_541\Debug\Cm0Start.o
                0x00000448                initialize_psoc
 .text.UART_ScbModePostEnable
                0x00000494        0x8 .\CortexM0\ARM_GCC_541\Debug\Micro.a(UART.o)
 .text.UART_Init
                0x0000049c        0x8 .\CortexM0\ARM_GCC_541\Debug\Micro.a(UART.o)
                0x0000049c                UART_Init
 .text.UART_Enable
                0x000004a4       0x18 .\CortexM0\ARM_GCC_541\Debug\Micro.a(UART.o)
                0x000004a4                UART_Enable
 .text.UART_Start
                0x000004bc       0x20 .\CortexM0\ARM_GCC_541\Debug\Micro.a(UART.o)
                0x000004bc                UART_Start
 .text.UART_UartInit
                0x000004dc       0xa8 .\CortexM0\ARM_GCC_541\Debug\Micro.a(UART_UART.o)
                0x000004dc                UART_UartInit
 .text.UART_UartPostEnable
                0x00000584       0x2c .\CortexM0\ARM_GCC_541\Debug\Micro.a(UART_UART.o)
                0x00000584                UART_UartPostEnable
 .text.UART_UartPutString
                0x000005b0       0x18 .\CortexM0\ARM_GCC_541\Debug\Micro.a(UART_UART.o)
                0x000005b0                UART_UartPutString
 .text.CySysClkEcoReadStatus
                0x000005c8       0x10 .\CortexM0\ARM_GCC_541\Debug\Micro.a(CyLib.o)
                0x000005c8                CySysClkEcoReadStatus
 .text.CyIntEnable
                0x000005d8       0x14 .\CortexM0\ARM_GCC_541\Debug\Micro.a(CyLib.o)
                0x000005d8                CyIntEnable
 .text.CyHalt   0x000005ec        0x4 .\CortexM0\ARM_GCC_541\Debug\Micro.a(CyLib.o)
                0x000005ec                CyHalt
 .text.CyIntSetVector
                0x000005f0       0x24 .\CortexM0\ARM_GCC_541\Debug\Micro.a(CyLib.o)
                0x000005f0                CyIntSetVector
 .text.CyIntSetPriority
                0x00000614       0x4c .\CortexM0\ARM_GCC_541\Debug\Micro.a(CyLib.o)
                0x00000614                CyIntSetPriority
 .text.CyDelay  0x00000660       0x30 .\CortexM0\ARM_GCC_541\Debug\Micro.a(CyLib.o)
                0x00000660                CyDelay
 .text.CyDelayUs
                0x00000690       0x14 .\CortexM0\ARM_GCC_541\Debug\Micro.a(CyLib.o)
                0x00000690                CyDelayUs
 .text.CySysClkWriteImoFreq
                0x000006a4      0x164 .\CortexM0\ARM_GCC_541\Debug\Micro.a(CyLib.o)
                0x000006a4                CySysClkWriteImoFreq
 .text.CySysClkEcoStart
                0x00000808       0x54 .\CortexM0\ARM_GCC_541\Debug\Micro.a(CyLib.o)
                0x00000808                CySysClkEcoStart
 .text.CySysWdtLocked
                0x0000085c       0x14 .\CortexM0\ARM_GCC_541\Debug\Micro.a(CyLFClk.o)
 .text.CySysClkWcoStart
                0x00000870       0x40 .\CortexM0\ARM_GCC_541\Debug\Micro.a(CyLFClk.o)
                0x00000870                CySysClkWcoStart
 .text.CySysClkWcoSetPowerMode
                0x000008b0       0x80 .\CortexM0\ARM_GCC_541\Debug\Micro.a(CyLFClk.o)
                0x000008b0                CySysClkWcoSetPowerMode
 .text.CySysWdtLock
                0x00000930       0x1c .\CortexM0\ARM_GCC_541\Debug\Micro.a(CyLFClk.o)
                0x00000930                CySysWdtLock
 .text.CySysWdtUnlock
                0x0000094c       0x30 .\CortexM0\ARM_GCC_541\Debug\Micro.a(CyLFClk.o)
                0x0000094c                CySysWdtUnlock
 .text.CySysWdtClearInterrupt
                0x0000097c       0x4c .\CortexM0\ARM_GCC_541\Debug\Micro.a(CyLFClk.o)
                0x0000097c                CySysWdtClearInterrupt
 .text.CySysWdtIsr
                0x000009c8       0xa4 .\CortexM0\ARM_GCC_541\Debug\Micro.a(CyLFClk.o)
                0x000009c8                CySysWdtIsr
 .text.ADC_MIC_Init
                0x00000a6c       0xf8 .\CortexM0\ARM_GCC_541\Debug\Micro.a(ADC_MIC.o)
                0x00000a6c                ADC_MIC_Init
 .text.ADC_MIC_Enable
                0x00000b64       0x30 .\CortexM0\ARM_GCC_541\Debug\Micro.a(ADC_MIC.o)
                0x00000b64                ADC_MIC_Enable
 .text.ADC_MIC_Start
                0x00000b94       0x20 .\CortexM0\ARM_GCC_541\Debug\Micro.a(ADC_MIC.o)
                0x00000b94                ADC_MIC_Start
 .text.ADC_MIC_StartConvert
                0x00000bb4       0x14 .\CortexM0\ARM_GCC_541\Debug\Micro.a(ADC_MIC.o)
                0x00000bb4                ADC_MIC_StartConvert
 .text.ADC_MIC_GetResult16
                0x00000bc8       0x2c .\CortexM0\ARM_GCC_541\Debug\Micro.a(ADC_MIC.o)
                0x00000bc8                ADC_MIC_GetResult16
 .text.ADC_MIC_ISR
                0x00000bf4        0xc .\CortexM0\ARM_GCC_541\Debug\Micro.a(ADC_MIC_INT.o)
                0x00000bf4                ADC_MIC_ISR
 .text.PWM_Brightness_WriteCounter
                0x00000c00       0x10 .\CortexM0\ARM_GCC_541\Debug\Micro.a(PWM_Brightness.o)
                0x00000c00                PWM_Brightness_WriteCounter
 .text.PWM_Brightness_WritePeriod
                0x00000c10       0x10 .\CortexM0\ARM_GCC_541\Debug\Micro.a(PWM_Brightness.o)
                0x00000c10                PWM_Brightness_WritePeriod
 .text.PWM_Brightness_WriteCompare
                0x00000c20       0x10 .\CortexM0\ARM_GCC_541\Debug\Micro.a(PWM_Brightness.o)
                0x00000c20                PWM_Brightness_WriteCompare
 .text.PWM_Brightness_TriggerCommand
                0x00000c30       0x1c .\CortexM0\ARM_GCC_541\Debug\Micro.a(PWM_Brightness.o)
                0x00000c30                PWM_Brightness_TriggerCommand
 .text.PWM_Brightness_Enable
                0x00000c4c       0x24 .\CortexM0\ARM_GCC_541\Debug\Micro.a(PWM_Brightness.o)
                0x00000c4c                PWM_Brightness_Enable
 .text.PWM_Brightness_SetInterruptMode
                0x00000c70        0xc .\CortexM0\ARM_GCC_541\Debug\Micro.a(PWM_Brightness.o)
                0x00000c70                PWM_Brightness_SetInterruptMode
 .text.PWM_Brightness_Init
                0x00000c7c       0x4c .\CortexM0\ARM_GCC_541\Debug\Micro.a(PWM_Brightness.o)
                0x00000c7c                PWM_Brightness_Init
 .text.PWM_Brightness_Start
                0x00000cc8       0x20 .\CortexM0\ARM_GCC_541\Debug\Micro.a(PWM_Brightness.o)
                0x00000cc8                PWM_Brightness_Start
 .text.Pin_DLed_Write
                0x00000ce8       0x18 .\CortexM0\ARM_GCC_541\Debug\Micro.a(Pin_DLed.o)
                0x00000ce8                Pin_DLed_Write
 .text.Pin_DLed_Read
                0x00000d00       0x10 .\CortexM0\ARM_GCC_541\Debug\Micro.a(Pin_DLed.o)
                0x00000d00                Pin_DLed_Read
 .text.isr_Counter_SetVector
                0x00000d10        0xc .\CortexM0\ARM_GCC_541\Debug\Micro.a(isr_Counter.o)
                0x00000d10                isr_Counter_SetVector
 .text.isr_Counter_SetPriority
                0x00000d1c       0x24 .\CortexM0\ARM_GCC_541\Debug\Micro.a(isr_Counter.o)
                0x00000d1c                isr_Counter_SetPriority
 .text.isr_Counter_Enable
                0x00000d40        0xc .\CortexM0\ARM_GCC_541\Debug\Micro.a(isr_Counter.o)
                0x00000d40                isr_Counter_Enable
 .text.isr_Counter_Disable
                0x00000d4c        0xc .\CortexM0\ARM_GCC_541\Debug\Micro.a(isr_Counter.o)
                0x00000d4c                isr_Counter_Disable
 .text.isr_Counter_StartEx
                0x00000d58       0x1c .\CortexM0\ARM_GCC_541\Debug\Micro.a(isr_Counter.o)
                0x00000d58                isr_Counter_StartEx
 *fill*         0x00000d74        0x4 
 .text          0x00000d78       0x20 .\CortexM0\ARM_GCC_541\Debug\Micro.a(CyBootAsmGnu.o)
                0x00000d78                CyDelayCycles
                0x00000d8a                CyEnterCriticalSection
                0x00000d92                CyExitCriticalSection
 .text.UART_SpiUartWriteTxData
                0x00000d98       0x1c .\CortexM0\ARM_GCC_541\Debug\Micro.a(UART_SPI_UART.o)
                0x00000d98                UART_SpiUartWriteTxData
 .text          0x00000db4      0x114 c:/program files (x86)/cypress/psoc creator/4.2/psoc creator/import/gnu/arm/5.4.1/bin/../lib/gcc/arm-none-eabi/5.4.1/armv6-m\libgcc.a(_udivsi3.o)
                0x00000db4                __aeabi_uidiv
                0x00000db4                __udivsi3
                0x00000ec0                __aeabi_uidivmod
 .text          0x00000ec8        0x4 c:/program files (x86)/cypress/psoc creator/4.2/psoc creator/import/gnu/arm/5.4.1/bin/../lib/gcc/arm-none-eabi/5.4.1/armv6-m\libgcc.a(_dvmd_tls.o)
                0x00000ec8                __aeabi_idiv0
                0x00000ec8                __aeabi_ldiv0
 .text.__errno  0x00000ecc        0xc c:/program files (x86)/cypress/psoc creator/4.2/psoc creator/import/gnu/arm/5.4.1/bin/../lib/gcc/arm-none-eabi/5.4.1/../../../../arm-none-eabi/lib/armv6-m\libg_nano.a(lib_a-errno.o)
                0x00000ecc                __errno
 .text.__libc_init_array
                0x00000ed8       0x4c c:/program files (x86)/cypress/psoc creator/4.2/psoc creator/import/gnu/arm/5.4.1/bin/../lib/gcc/arm-none-eabi/5.4.1/../../../../arm-none-eabi/lib/armv6-m\libg_nano.a(lib_a-init.o)
                0x00000ed8                __libc_init_array
 .text.memset   0x00000f24       0x10 c:/program files (x86)/cypress/psoc creator/4.2/psoc creator/import/gnu/arm/5.4.1/bin/../lib/gcc/arm-none-eabi/5.4.1/../../../../arm-none-eabi/lib/armv6-m\libg_nano.a(lib_a-memset.o)
                0x00000f24                memset
 .text.sprintf  0x00000f34       0x44 c:/program files (x86)/cypress/psoc creator/4.2/psoc creator/import/gnu/arm/5.4.1/bin/../lib/gcc/arm-none-eabi/5.4.1/../../../../arm-none-eabi/lib/armv6-m\libg_nano.a(lib_a-sprintf.o)
                0x00000f34                siprintf
                0x00000f34                sprintf
 .text.__ssputs_r
                0x00000f78       0xc4 c:/program files (x86)/cypress/psoc creator/4.2/psoc creator/import/gnu/arm/5.4.1/bin/../lib/gcc/arm-none-eabi/5.4.1/../../../../arm-none-eabi/lib/armv6-m\libg_nano.a(lib_a-nano-svfprintf.o)
                0x00000f78                __ssputs_r
 .text._svfprintf_r
                0x0000103c      0x1fc c:/program files (x86)/cypress/psoc creator/4.2/psoc creator/import/gnu/arm/5.4.1/bin/../lib/gcc/arm-none-eabi/5.4.1/../../../../arm-none-eabi/lib/armv6-m\libg_nano.a(lib_a-nano-svfprintf.o)
                0x0000103c                _svfiprintf_r
                0x0000103c                _svfprintf_r
 .text._printf_common
                0x00001238       0xdc c:/program files (x86)/cypress/psoc creator/4.2/psoc creator/import/gnu/arm/5.4.1/bin/../lib/gcc/arm-none-eabi/5.4.1/../../../../arm-none-eabi/lib/armv6-m\libg_nano.a(lib_a-nano-vfprintf_i.o)
                0x00001238                _printf_common
 .text._printf_i
                0x00001314      0x244 c:/program files (x86)/cypress/psoc creator/4.2/psoc creator/import/gnu/arm/5.4.1/bin/../lib/gcc/arm-none-eabi/5.4.1/../../../../arm-none-eabi/lib/armv6-m\libg_nano.a(lib_a-nano-vfprintf_i.o)
                0x00001314                _printf_i
 .text.memchr   0x00001558       0x16 c:/program files (x86)/cypress/psoc creator/4.2/psoc creator/import/gnu/arm/5.4.1/bin/../lib/gcc/arm-none-eabi/5.4.1/../../../../arm-none-eabi/lib/armv6-m\libg_nano.a(lib_a-memchr-stub.o)
                0x00001558                memchr
 .text.memcpy   0x0000156e       0x12 c:/program files (x86)/cypress/psoc creator/4.2/psoc creator/import/gnu/arm/5.4.1/bin/../lib/gcc/arm-none-eabi/5.4.1/../../../../arm-none-eabi/lib/armv6-m\libg_nano.a(lib_a-memcpy-stub.o)
                0x0000156e                memcpy
 .text.memmove  0x00001580       0x2a c:/program files (x86)/cypress/psoc creator/4.2/psoc creator/import/gnu/arm/5.4.1/bin/../lib/gcc/arm-none-eabi/5.4.1/../../../../arm-none-eabi/lib/armv6-m\libg_nano.a(lib_a-memmove.o)
                0x00001580                memmove
 *fill*         0x000015aa        0x2 
 .text._free_r  0x000015ac       0x98 c:/program files (x86)/cypress/psoc creator/4.2/psoc creator/import/gnu/arm/5.4.1/bin/../lib/gcc/arm-none-eabi/5.4.1/../../../../arm-none-eabi/lib/armv6-m\libg_nano.a(lib_a-nano-freer.o)
                0x000015ac                _free_r
 .text._malloc_r
                0x00001644       0xc0 c:/program files (x86)/cypress/psoc creator/4.2/psoc creator/import/gnu/arm/5.4.1/bin/../lib/gcc/arm-none-eabi/5.4.1/../../../../arm-none-eabi/lib/armv6-m\libg_nano.a(lib_a-nano-mallocr.o)
                0x00001644                _malloc_r
 .text._realloc_r
                0x00001704       0x4c c:/program files (x86)/cypress/psoc creator/4.2/psoc creator/import/gnu/arm/5.4.1/bin/../lib/gcc/arm-none-eabi/5.4.1/../../../../arm-none-eabi/lib/armv6-m\libg_nano.a(lib_a-nano-reallocr.o)
                0x00001704                _realloc_r
 .text._sbrk_r  0x00001750       0x24 c:/program files (x86)/cypress/psoc creator/4.2/psoc creator/import/gnu/arm/5.4.1/bin/../lib/gcc/arm-none-eabi/5.4.1/../../../../arm-none-eabi/lib/armv6-m\libg_nano.a(lib_a-sbrkr.o)
                0x00001750                _sbrk_r
 .text.__malloc_lock
                0x00001774        0x2 c:/program files (x86)/cypress/psoc creator/4.2/psoc creator/import/gnu/arm/5.4.1/bin/../lib/gcc/arm-none-eabi/5.4.1/../../../../arm-none-eabi/lib/armv6-m\libg_nano.a(lib_a-mlock.o)
                0x00001774                __malloc_lock
 .text.__malloc_unlock
                0x00001776        0x2 c:/program files (x86)/cypress/psoc creator/4.2/psoc creator/import/gnu/arm/5.4.1/bin/../lib/gcc/arm-none-eabi/5.4.1/../../../../arm-none-eabi/lib/armv6-m\libg_nano.a(lib_a-mlock.o)
                0x00001776                __malloc_unlock
 .text._malloc_usable_size_r
                0x00001778       0x16 c:/program files (x86)/cypress/psoc creator/4.2/psoc creator/import/gnu/arm/5.4.1/bin/../lib/gcc/arm-none-eabi/5.4.1/../../../../arm-none-eabi/lib/armv6-m\libg_nano.a(lib_a-nano-msizer.o)
                0x00001778                _malloc_usable_size_r
 *(.plt)
 *(.gnu.warning)
 *(.glue_7t)
 .glue_7t       0x0000178e        0x0 linker stubs
 *(.glue_7)
 .glue_7        0x0000178e        0x0 linker stubs
 *(.vfp11_veneer)
 .vfp11_veneer  0x0000178e        0x0 linker stubs
 *(.bootloader)
 *(.ARM.extab* .gnu.linkonce.armextab.*)
 *(.gcc_except_table)

.v4_bx          0x00001790        0x0
 .v4_bx         0x00001790        0x0 linker stubs

.iplt           0x00001790        0x0
 .iplt          0x00001790        0x0 c:/program files (x86)/cypress/psoc creator/4.2/psoc creator/import/gnu/arm/5.4.1/bin/../lib/gcc/arm-none-eabi/5.4.1/armv6-m/crtbegin.o

.eh_frame_hdr
 *(.eh_frame_hdr)

.eh_frame       0x00001790        0x4
 *(.eh_frame)
 .eh_frame      0x00001790        0x0 c:/program files (x86)/cypress/psoc creator/4.2/psoc creator/import/gnu/arm/5.4.1/bin/../lib/gcc/arm-none-eabi/5.4.1/armv6-m/crtbegin.o
 .eh_frame      0x00001790        0x4 c:/program files (x86)/cypress/psoc creator/4.2/psoc creator/import/gnu/arm/5.4.1/bin/../lib/gcc/arm-none-eabi/5.4.1/armv6-m/crtend.o
                [!provide]                PROVIDE (__exidx_start, .)

.ARM.exidx
 *(.ARM.exidx* .gnu.linkonce.armexidx.*)
                0x00001794                __exidx_end = .

.rodata         0x00001794       0xec
 *(.rodata .rodata.* .gnu.linkonce.r.*)
 .rodata.str1.4
                0x00001794       0x18 .\CortexM0\ARM_GCC_541\Debug\main.o
 .rodata        0x000017ac       0x3c .\CortexM0\ARM_GCC_541\Debug\cyfitter_cfg.o
 .rodata        0x000017e8       0x2e .\CortexM0\ARM_GCC_541\Debug\Micro.a(CyLib.o)
                0x000017e8                cyImoFreqMhz2Reg
 .rodata.str1.1
                0x00001816        0x2 c:/program files (x86)/cypress/psoc creator/4.2/psoc creator/import/gnu/arm/5.4.1/bin/../lib/gcc/arm-none-eabi/5.4.1/../../../../arm-none-eabi/lib/armv6-m\libg_nano.a(lib_a-impure.o)
 .rodata.str1.1
                0x00001818       0x11 c:/program files (x86)/cypress/psoc creator/4.2/psoc creator/import/gnu/arm/5.4.1/bin/../lib/gcc/arm-none-eabi/5.4.1/../../../../arm-none-eabi/lib/armv6-m\libg_nano.a(lib_a-nano-svfprintf.o)
 .rodata.str1.1
                0x00001829       0x22 c:/program files (x86)/cypress/psoc creator/4.2/psoc creator/import/gnu/arm/5.4.1/bin/../lib/gcc/arm-none-eabi/5.4.1/../../../../arm-none-eabi/lib/armv6-m\libg_nano.a(lib_a-nano-vfprintf_i.o)
                0x0000184c                . = ALIGN (0x4)
 *fill*         0x0000184b        0x1 
 *(.init)
 .init          0x0000184c        0x4 c:/program files (x86)/cypress/psoc creator/4.2/psoc creator/import/gnu/arm/5.4.1/bin/../lib/gcc/arm-none-eabi/5.4.1/armv6-m/crti.o
                0x0000184c                _init
 .init          0x00001850        0x8 c:/program files (x86)/cypress/psoc creator/4.2/psoc creator/import/gnu/arm/5.4.1/bin/../lib/gcc/arm-none-eabi/5.4.1/armv6-m/crtn.o
                0x00001858                . = ALIGN (0x4)
                0x00001858                __preinit_array_start = .
 *(.preinit_array)
                0x00001858                __preinit_array_end = .
                0x00001858                . = ALIGN (0x4)
                0x00001858                __init_array_start = .
 *(SORT(.init_array.*))
 *(.init_array)
 .init_array    0x00001858        0x4 c:/program files (x86)/cypress/psoc creator/4.2/psoc creator/import/gnu/arm/5.4.1/bin/../lib/gcc/arm-none-eabi/5.4.1/armv6-m/crtbegin.o
 .init_array    0x0000185c        0x4 .\CortexM0\ARM_GCC_541\Debug\Cm0Start.o
                0x00001860                __init_array_end = .
                0x00001860                . = ALIGN (0x4)
 *(.fini)
 .fini          0x00001860        0x4 c:/program files (x86)/cypress/psoc creator/4.2/psoc creator/import/gnu/arm/5.4.1/bin/../lib/gcc/arm-none-eabi/5.4.1/armv6-m/crti.o
                0x00001860                _fini
 .fini          0x00001864        0x8 c:/program files (x86)/cypress/psoc creator/4.2/psoc creator/import/gnu/arm/5.4.1/bin/../lib/gcc/arm-none-eabi/5.4.1/armv6-m/crtn.o
                0x0000186c                . = ALIGN (0x4)
                0x0000186c                __fini_array_start = .
 *(.fini_array)
 .fini_array    0x0000186c        0x4 c:/program files (x86)/cypress/psoc creator/4.2/psoc creator/import/gnu/arm/5.4.1/bin/../lib/gcc/arm-none-eabi/5.4.1/armv6-m/crtbegin.o
 *(SORT(.fini_array.*))
                0x00001870                __fini_array_end = .
                0x00001870                . = ALIGN (0x4)
 *crtbegin.o(.ctors)
 *(EXCLUDE_FILE(*crtend.o) .ctors)
 *(SORT(.ctors.*))
 *crtend.o(.ctors)
                0x00001870                . = ALIGN (0x4)
 *crtbegin.o(.dtors)
 *(EXCLUDE_FILE(*crtend.o) .dtors)
 *(SORT(.dtors.*))
 *crtend.o(.dtors)
                0x00001870                . = ALIGN (0x4)
                0x00001870                __cy_regions = .
                0x00001870        0x4 LONG 0x1880 __cy_region_init_ram
                0x00001874        0x4 LONG 0x200000c0 __cy_region_start_data
                0x00001878        0x4 LONG 0x88 __cy_region_init_size_ram
                0x0000187c        0x4 LONG 0x60 __cy_region_zero_size_ram
                0x00001880                __cy_regions_end = .
                0x00001880                . = ALIGN (0x8)
                0x00001880                _etext = .

.cy_checksum_exclude
                0x00001880        0x0
 *(.cy_checksum_exclude)

.ramvectors     0x20000000       0xc0
                0x20000000                __cy_region_start_ram = .
 *(.ramvectors)
 .ramvectors    0x20000000       0xc0 .\CortexM0\ARM_GCC_541\Debug\Cm0Start.o
                0x20000000                CyRamVectors

.noinit
 *(.noinit)

.data           0x200000c0       0x88 load address 0x00001880
                0x200000c0                __cy_region_start_data = .
 *(.jcr)
 .jcr           0x200000c0        0x0 c:/program files (x86)/cypress/psoc creator/4.2/psoc creator/import/gnu/arm/5.4.1/bin/../lib/gcc/arm-none-eabi/5.4.1/armv6-m/crtbegin.o
 .jcr           0x200000c0        0x4 c:/program files (x86)/cypress/psoc creator/4.2/psoc creator/import/gnu/arm/5.4.1/bin/../lib/gcc/arm-none-eabi/5.4.1/armv6-m/crtend.o
 *(.got.plt)
 *(.got)
 *(.shdata)
 *(.data .data.* .gnu.linkonce.d.*)
 .data          0x200000c4        0x4 .\CortexM0\ARM_GCC_541\Debug\Cm0Start.o
 .data          0x200000c8       0x14 .\CortexM0\ARM_GCC_541\Debug\Micro.a(CyLib.o)
                0x200000c8                CySysClkPumpConfig
                0x200000cc                cydelay32kMs
                0x200000d0                cydelayFreqKhz
                0x200000d4                cydelayFreqMhz
                0x200000d8                cydelayFreqHz
 .data          0x200000dc        0x8 .\CortexM0\ARM_GCC_541\Debug\Micro.a(CyLFClk.o)
 .data.impure_data
                0x200000e4       0x60 c:/program files (x86)/cypress/psoc creator/4.2/psoc creator/import/gnu/arm/5.4.1/bin/../lib/gcc/arm-none-eabi/5.4.1/../../../../arm-none-eabi/lib/armv6-m\libg_nano.a(lib_a-impure.o)
 .data._impure_ptr
                0x20000144        0x4 c:/program files (x86)/cypress/psoc creator/4.2/psoc creator/import/gnu/arm/5.4.1/bin/../lib/gcc/arm-none-eabi/5.4.1/../../../../arm-none-eabi/lib/armv6-m\libg_nano.a(lib_a-impure.o)
                0x20000144                _impure_ptr
                0x20000148                . = ALIGN (0x8)
 *(.ram)
                0x20000148                _edata = .

.igot.plt       0x20000148        0x0 load address 0x00001908
 .igot.plt      0x20000148        0x0 c:/program files (x86)/cypress/psoc creator/4.2/psoc creator/import/gnu/arm/5.4.1/bin/../lib/gcc/arm-none-eabi/5.4.1/armv6-m/crtbegin.o

.bss            0x20000148       0x60 load address 0x00001908
                0x20000148                PROVIDE (__bss_start__, .)
 *(.shbss)
 *(.bss .bss.* .gnu.linkonce.b.*)
 .bss           0x20000148       0x1c c:/program files (x86)/cypress/psoc creator/4.2/psoc creator/import/gnu/arm/5.4.1/bin/../lib/gcc/arm-none-eabi/5.4.1/armv6-m/crtbegin.o
 .bss           0x20000164        0x4 .\CortexM0\ARM_GCC_541\Debug\Micro.a(UART.o)
                0x20000164                UART_initVar
                0x20000166                UART_IntrTxMask
 .bss           0x20000168       0x28 .\CortexM0\ARM_GCC_541\Debug\Micro.a(CyLFClk.o)
 .bss           0x20000190        0x1 .\CortexM0\ARM_GCC_541\Debug\Micro.a(ADC_MIC.o)
                0x20000190                ADC_MIC_initVar
 .bss           0x20000191        0x1 .\CortexM0\ARM_GCC_541\Debug\Micro.a(PWM_Brightness.o)
                0x20000191                PWM_Brightness_initVar
 *fill*         0x20000192        0x2 
 .bss.__malloc_sbrk_start
                0x20000194        0x4 c:/program files (x86)/cypress/psoc creator/4.2/psoc creator/import/gnu/arm/5.4.1/bin/../lib/gcc/arm-none-eabi/5.4.1/../../../../arm-none-eabi/lib/armv6-m\libg_nano.a(lib_a-nano-mallocr.o)
                0x20000194                __malloc_sbrk_start
 .bss.__malloc_free_list
                0x20000198        0x4 c:/program files (x86)/cypress/psoc creator/4.2/psoc creator/import/gnu/arm/5.4.1/bin/../lib/gcc/arm-none-eabi/5.4.1/../../../../arm-none-eabi/lib/armv6-m\libg_nano.a(lib_a-nano-mallocr.o)
                0x20000198                __malloc_free_list
 *(COMMON)
 COMMON         0x2000019c        0x6 .\CortexM0\ARM_GCC_541\Debug\Micro.a(ADC_MIC.o)
                0x2000019c                ADC_MIC_countsPer10Volt
                0x200001a0                ADC_MIC_offset
 *fill*         0x200001a2        0x2 
 COMMON         0x200001a4        0x4 c:/program files (x86)/cypress/psoc creator/4.2/psoc creator/import/gnu/arm/5.4.1/bin/../lib/gcc/arm-none-eabi/5.4.1/../../../../arm-none-eabi/lib/armv6-m\libg_nano.a(lib_a-reent.o)
                0x200001a4                errno
                0x200001a8                . = ALIGN (0x8)
 *(.ram.b)
                0x200001a8                _end = .
                0x200001a8                __end = .
                0x200001a8                PROVIDE (end, .)
                0x200001a8                PROVIDE (__bss_end__, .)
                0x00001880                __cy_region_init_ram = LOADADDR (.data)
                0x00000088                __cy_region_init_size_ram = (_edata - ADDR (.data))
                0x00000060                __cy_region_zero_size_ram = (_end - _edata)

.heap           0x200001a8       0x80 load address 0x00001908
                0x200001a8                . = _end
                0x20000228                . = (. + 0x80)
 *fill*         0x200001a8       0x80 
                0x20000228                __cy_heap_limit = .

.stack          0x20007800      0x800
                0x20007800                __cy_stack_limit = .
                0x20008000                . = (. + 0x800)
 *fill*         0x20007800      0x800 
                0x00000001                ASSERT ((__cy_stack_limit >= __cy_heap_limit), region RAM overflowed with stack)
                0x00000000                cy_checksum_exclude_size = (CY_APPL_LOADABLE == 0x1)?SIZEOF (.cy_checksum_exclude):0x0
                0x00000001                ASSERT ((cy_checksum_exclude_size <= CY_CHECKSUM_EXCLUDE_SIZE), CY_BOOT: Section .cy_checksum_exclude size exceedes specified limit.)
                0x0003ffc0                cyloadermeta_start = (cy_project_type_bootloader || cy_project_type_app_for_stack_and_copier)?(LENGTH (rom) - CY_METADATA_SIZE):0xf0000000

.cyloadermeta
 *(.cyloadermeta)
                0x0003ffc0                cyloadablemeta_start = cy_project_type_app_for_stack_and_copier?((LENGTH (rom) - CY_FLASH_ROW_SIZE) - CY_METADATA_SIZE):((LENGTH (rom) - (CY_FLASH_ROW_SIZE * (CY_APPL_NUM - 0x1))) - CY_METADATA_SIZE)

.cyloadablemeta
 *(.cyloadablemeta)

.cyflashprotect
                0x90400000       0x80
 *(.cyflashprotect)
 .cyflashprotect
                0x90400000       0x80 .\CortexM0\ARM_GCC_541\Debug\cymetadata.o
                0x90400000                cy_meta_flashprotect

.cymeta         0x90500000        0xc
 *(.cymeta)
 .cymeta        0x90500000        0xc .\CortexM0\ARM_GCC_541\Debug\cymetadata.o
                0x90500000                cy_metadata

.cychipprotect  0x90600000        0x1
 *(.cychipprotect)
 .cychipprotect
                0x90600000        0x1 .\CortexM0\ARM_GCC_541\Debug\cymetadata.o
                0x90600000                cy_meta_chipprotect

.rel.dyn        0x00001908        0x0 load address 0x90600004
 .rel.iplt      0x00001908        0x0 c:/program files (x86)/cypress/psoc creator/4.2/psoc creator/import/gnu/arm/5.4.1/bin/../lib/gcc/arm-none-eabi/5.4.1/armv6-m/crtbegin.o

.stab
 *(.stab)

.stabstr
 *(.stabstr)

.debug
 *(.debug)

.line
 *(.line)

.debug_srcinfo
 *(.debug_srcinfo)

.debug_sfnames
 *(.debug_sfnames)

.debug_aranges  0x00000000      0x880
 *(.debug_aranges)
 .debug_aranges
                0x00000000       0x30 .\CortexM0\ARM_GCC_541\Debug\main.o
 .debug_aranges
                0x00000030       0x48 .\CortexM0\ARM_GCC_541\Debug\cyfitter_cfg.o
 .debug_aranges
                0x00000078       0x18 .\CortexM0\ARM_GCC_541\Debug\cymetadata.o
 .debug_aranges
                0x00000090       0x48 .\CortexM0\ARM_GCC_541\Debug\Cm0Start.o
 .debug_aranges
                0x000000d8       0x58 .\CortexM0\ARM_GCC_541\Debug\Micro.a(UART.o)
 .debug_aranges
                0x00000130       0x90 .\CortexM0\ARM_GCC_541\Debug\Micro.a(UART_UART.o)
 .debug_aranges
                0x000001c0      0x1d0 .\CortexM0\ARM_GCC_541\Debug\Micro.a(CyLib.o)
 .debug_aranges
                0x00000390      0x188 .\CortexM0\ARM_GCC_541\Debug\Micro.a(CyLFClk.o)
 .debug_aranges
                0x00000518       0xa8 .\CortexM0\ARM_GCC_541\Debug\Micro.a(ADC_MIC.o)
 .debug_aranges
                0x000005c0       0x20 .\CortexM0\ARM_GCC_541\Debug\Micro.a(ADC_MIC_INT.o)
 .debug_aranges
                0x000005e0      0x158 .\CortexM0\ARM_GCC_541\Debug\Micro.a(PWM_Brightness.o)
 .debug_aranges
                0x00000738       0x48 .\CortexM0\ARM_GCC_541\Debug\Micro.a(Pin_DLed.o)
 .debug_aranges
                0x00000780       0x80 .\CortexM0\ARM_GCC_541\Debug\Micro.a(isr_Counter.o)
 .debug_aranges
                0x00000800       0x20 .\CortexM0\ARM_GCC_541\Debug\Micro.a(CyBootAsmGnu.o)
 .debug_aranges
                0x00000820       0x60 .\CortexM0\ARM_GCC_541\Debug\Micro.a(UART_SPI_UART.o)

.debug_pubnames
 *(.debug_pubnames)

.debug_info     0x00000000     0x4662
 *(.debug_info .gnu.linkonce.wi.*)
 .debug_info    0x00000000      0x316 .\CortexM0\ARM_GCC_541\Debug\main.o
 .debug_info    0x00000316      0x499 .\CortexM0\ARM_GCC_541\Debug\cyfitter_cfg.o
 .debug_info    0x000007af       0xf8 .\CortexM0\ARM_GCC_541\Debug\cymetadata.o
 .debug_info    0x000008a7      0x3a2 .\CortexM0\ARM_GCC_541\Debug\Cm0Start.o
 .debug_info    0x00000c49      0x23a .\CortexM0\ARM_GCC_541\Debug\Micro.a(UART.o)
 .debug_info    0x00000e83      0x3b5 .\CortexM0\ARM_GCC_541\Debug\Micro.a(UART_UART.o)
 .debug_info    0x00001238      0xd2b .\CortexM0\ARM_GCC_541\Debug\Micro.a(CyLib.o)
 .debug_info    0x00001f63     0x1071 .\CortexM0\ARM_GCC_541\Debug\Micro.a(CyLFClk.o)
 .debug_info    0x00002fd4      0x579 .\CortexM0\ARM_GCC_541\Debug\Micro.a(ADC_MIC.o)
 .debug_info    0x0000354d       0xcb .\CortexM0\ARM_GCC_541\Debug\Micro.a(ADC_MIC_INT.o)
 .debug_info    0x00003618      0x90b .\CortexM0\ARM_GCC_541\Debug\Micro.a(PWM_Brightness.o)
 .debug_info    0x00003f23      0x19d .\CortexM0\ARM_GCC_541\Debug\Micro.a(Pin_DLed.o)
 .debug_info    0x000040c0      0x305 .\CortexM0\ARM_GCC_541\Debug\Micro.a(isr_Counter.o)
 .debug_info    0x000043c5       0x7d .\CortexM0\ARM_GCC_541\Debug\Micro.a(CyBootAsmGnu.o)
 .debug_info    0x00004442      0x220 .\CortexM0\ARM_GCC_541\Debug\Micro.a(UART_SPI_UART.o)

.debug_abbrev   0x00000000     0x1242
 *(.debug_abbrev)
 .debug_abbrev  0x00000000      0x149 .\CortexM0\ARM_GCC_541\Debug\main.o
 .debug_abbrev  0x00000149      0x1cf .\CortexM0\ARM_GCC_541\Debug\cyfitter_cfg.o
 .debug_abbrev  0x00000318       0x5d .\CortexM0\ARM_GCC_541\Debug\cymetadata.o
 .debug_abbrev  0x00000375      0x1d7 .\CortexM0\ARM_GCC_541\Debug\Cm0Start.o
 .debug_abbrev  0x0000054c       0xd5 .\CortexM0\ARM_GCC_541\Debug\Micro.a(UART.o)
 .debug_abbrev  0x00000621      0x132 .\CortexM0\ARM_GCC_541\Debug\Micro.a(UART_UART.o)
 .debug_abbrev  0x00000753      0x1e0 .\CortexM0\ARM_GCC_541\Debug\Micro.a(CyLib.o)
 .debug_abbrev  0x00000933      0x248 .\CortexM0\ARM_GCC_541\Debug\Micro.a(CyLFClk.o)
 .debug_abbrev  0x00000b7b      0x184 .\CortexM0\ARM_GCC_541\Debug\Micro.a(ADC_MIC.o)
 .debug_abbrev  0x00000cff       0x65 .\CortexM0\ARM_GCC_541\Debug\Micro.a(ADC_MIC_INT.o)
 .debug_abbrev  0x00000d64      0x119 .\CortexM0\ARM_GCC_541\Debug\Micro.a(PWM_Brightness.o)
 .debug_abbrev  0x00000e7d       0xc8 .\CortexM0\ARM_GCC_541\Debug\Micro.a(Pin_DLed.o)
 .debug_abbrev  0x00000f45      0x19a .\CortexM0\ARM_GCC_541\Debug\Micro.a(isr_Counter.o)
 .debug_abbrev  0x000010df       0x14 .\CortexM0\ARM_GCC_541\Debug\Micro.a(CyBootAsmGnu.o)
 .debug_abbrev  0x000010f3      0x14f .\CortexM0\ARM_GCC_541\Debug\Micro.a(UART_SPI_UART.o)

.debug_line     0x00000000     0x1ec4
 *(.debug_line)
 .debug_line    0x00000000      0x19e .\CortexM0\ARM_GCC_541\Debug\main.o
 .debug_line    0x0000019e      0x1b0 .\CortexM0\ARM_GCC_541\Debug\cyfitter_cfg.o
 .debug_line    0x0000034e      0x141 .\CortexM0\ARM_GCC_541\Debug\cymetadata.o
 .debug_line    0x0000048f      0x236 .\CortexM0\ARM_GCC_541\Debug\Cm0Start.o
 .debug_line    0x000006c5      0x108 .\CortexM0\ARM_GCC_541\Debug\Micro.a(UART.o)
 .debug_line    0x000007cd      0x1cf .\CortexM0\ARM_GCC_541\Debug\Micro.a(UART_UART.o)
 .debug_line    0x0000099c      0x553 .\CortexM0\ARM_GCC_541\Debug\Micro.a(CyLib.o)
 .debug_line    0x00000eef      0x5db .\CortexM0\ARM_GCC_541\Debug\Micro.a(CyLFClk.o)
 .debug_line    0x000014ca      0x274 .\CortexM0\ARM_GCC_541\Debug\Micro.a(ADC_MIC.o)
 .debug_line    0x0000173e       0x66 .\CortexM0\ARM_GCC_541\Debug\Micro.a(ADC_MIC_INT.o)
 .debug_line    0x000017a4      0x387 .\CortexM0\ARM_GCC_541\Debug\Micro.a(PWM_Brightness.o)
 .debug_line    0x00001b2b       0xc0 .\CortexM0\ARM_GCC_541\Debug\Micro.a(Pin_DLed.o)
 .debug_line    0x00001beb      0x157 .\CortexM0\ARM_GCC_541\Debug\Micro.a(isr_Counter.o)
 .debug_line    0x00001d42       0x68 .\CortexM0\ARM_GCC_541\Debug\Micro.a(CyBootAsmGnu.o)
 .debug_line    0x00001daa      0x11a .\CortexM0\ARM_GCC_541\Debug\Micro.a(UART_SPI_UART.o)

.debug_frame    0x00000000     0x19d0
 *(.debug_frame)
 .debug_frame   0x00000000       0x6c .\CortexM0\ARM_GCC_541\Debug\main.o
 .debug_frame   0x0000006c       0xb8 .\CortexM0\ARM_GCC_541\Debug\cyfitter_cfg.o
 .debug_frame   0x00000124       0xbc .\CortexM0\ARM_GCC_541\Debug\Cm0Start.o
 .debug_frame   0x000001e0       0xd8 .\CortexM0\ARM_GCC_541\Debug\Micro.a(UART.o)
 .debug_frame   0x000002b8      0x144 .\CortexM0\ARM_GCC_541\Debug\Micro.a(UART_UART.o)
 .debug_frame   0x000003fc      0x4a4 .\CortexM0\ARM_GCC_541\Debug\Micro.a(CyLib.o)
 .debug_frame   0x000008a0      0x4a8 .\CortexM0\ARM_GCC_541\Debug\Micro.a(CyLFClk.o)
 .debug_frame   0x00000d48      0x1b0 .\CortexM0\ARM_GCC_541\Debug\Micro.a(ADC_MIC.o)
 .debug_frame   0x00000ef8       0x20 .\CortexM0\ARM_GCC_541\Debug\Micro.a(ADC_MIC_INT.o)
 .debug_frame   0x00000f18      0x3a0 .\CortexM0\ARM_GCC_541\Debug\Micro.a(PWM_Brightness.o)
 .debug_frame   0x000012b8       0x70 .\CortexM0\ARM_GCC_541\Debug\Micro.a(Pin_DLed.o)
 .debug_frame   0x00001328      0x110 .\CortexM0\ARM_GCC_541\Debug\Micro.a(isr_Counter.o)
 .debug_frame   0x00001438       0xb0 .\CortexM0\ARM_GCC_541\Debug\Micro.a(UART_SPI_UART.o)
 .debug_frame   0x000014e8       0x20 c:/program files (x86)/cypress/psoc creator/4.2/psoc creator/import/gnu/arm/5.4.1/bin/../lib/gcc/arm-none-eabi/5.4.1/armv6-m\libgcc.a(_udivsi3.o)
 .debug_frame   0x00001508       0x20 c:/program files (x86)/cypress/psoc creator/4.2/psoc creator/import/gnu/arm/5.4.1/bin/../lib/gcc/arm-none-eabi/5.4.1/armv6-m\libgcc.a(_divsi3.o)
 .debug_frame   0x00001528       0x34 c:/program files (x86)/cypress/psoc creator/4.2/psoc creator/import/gnu/arm/5.4.1/bin/../lib/gcc/arm-none-eabi/5.4.1/armv6-m\libgcc.a(_muldi3.o)
 .debug_frame   0x0000155c       0x30 c:/program files (x86)/cypress/psoc creator/4.2/psoc creator/import/gnu/arm/5.4.1/bin/../lib/gcc/arm-none-eabi/5.4.1/armv6-m\libgcc.a(bpabi.o)
 .debug_frame   0x0000158c       0x3c c:/program files (x86)/cypress/psoc creator/4.2/psoc creator/import/gnu/arm/5.4.1/bin/../lib/gcc/arm-none-eabi/5.4.1/armv6-m\libgcc.a(divsf3.o)
 .debug_frame   0x000015c8       0x38 c:/program files (x86)/cypress/psoc creator/4.2/psoc creator/import/gnu/arm/5.4.1/bin/../lib/gcc/arm-none-eabi/5.4.1/armv6-m\libgcc.a(mulsf3.o)
 .debug_frame   0x00001600       0x2c c:/program files (x86)/cypress/psoc creator/4.2/psoc creator/import/gnu/arm/5.4.1/bin/../lib/gcc/arm-none-eabi/5.4.1/armv6-m\libgcc.a(floatsisf.o)
 .debug_frame   0x0000162c       0x3c c:/program files (x86)/cypress/psoc creator/4.2/psoc creator/import/gnu/arm/5.4.1/bin/../lib/gcc/arm-none-eabi/5.4.1/armv6-m\libgcc.a(_divdi3.o)
 .debug_frame   0x00001668       0x20 c:/program files (x86)/cypress/psoc creator/4.2/psoc creator/import/gnu/arm/5.4.1/bin/../lib/gcc/arm-none-eabi/5.4.1/../../../../arm-none-eabi/lib/armv6-m\libg_nano.a(lib_a-errno.o)
 .debug_frame   0x00001688       0x28 c:/program files (x86)/cypress/psoc creator/4.2/psoc creator/import/gnu/arm/5.4.1/bin/../lib/gcc/arm-none-eabi/5.4.1/../../../../arm-none-eabi/lib/armv6-m\libg_nano.a(lib_a-exit.o)
 .debug_frame   0x000016b0       0x2c c:/program files (x86)/cypress/psoc creator/4.2/psoc creator/import/gnu/arm/5.4.1/bin/../lib/gcc/arm-none-eabi/5.4.1/../../../../arm-none-eabi/lib/armv6-m\libg_nano.a(lib_a-init.o)
 .debug_frame   0x000016dc       0x20 c:/program files (x86)/cypress/psoc creator/4.2/psoc creator/import/gnu/arm/5.4.1/bin/../lib/gcc/arm-none-eabi/5.4.1/../../../../arm-none-eabi/lib/armv6-m\libg_nano.a(lib_a-memset.o)
 .debug_frame   0x000016fc       0x50 c:/program files (x86)/cypress/psoc creator/4.2/psoc creator/import/gnu/arm/5.4.1/bin/../lib/gcc/arm-none-eabi/5.4.1/../../../../arm-none-eabi/lib/armv6-m\libg_nano.a(lib_a-sprintf.o)
 .debug_frame   0x0000174c       0x74 c:/program files (x86)/cypress/psoc creator/4.2/psoc creator/import/gnu/arm/5.4.1/bin/../lib/gcc/arm-none-eabi/5.4.1/../../../../arm-none-eabi/lib/armv6-m\libg_nano.a(lib_a-nano-svfprintf.o)
 .debug_frame   0x000017c0       0x54 c:/program files (x86)/cypress/psoc creator/4.2/psoc creator/import/gnu/arm/5.4.1/bin/../lib/gcc/arm-none-eabi/5.4.1/../../../../arm-none-eabi/lib/armv6-m\libg_nano.a(lib_a-nano-vfprintf_i.o)
 .debug_frame   0x00001814       0x20 c:/program files (x86)/cypress/psoc creator/4.2/psoc creator/import/gnu/arm/5.4.1/bin/../lib/gcc/arm-none-eabi/5.4.1/../../../../arm-none-eabi/lib/armv6-m\libg_nano.a(lib_a-memchr-stub.o)
 .debug_frame   0x00001834       0x28 c:/program files (x86)/cypress/psoc creator/4.2/psoc creator/import/gnu/arm/5.4.1/bin/../lib/gcc/arm-none-eabi/5.4.1/../../../../arm-none-eabi/lib/armv6-m\libg_nano.a(lib_a-memcpy-stub.o)
 .debug_frame   0x0000185c       0x28 c:/program files (x86)/cypress/psoc creator/4.2/psoc creator/import/gnu/arm/5.4.1/bin/../lib/gcc/arm-none-eabi/5.4.1/../../../../arm-none-eabi/lib/armv6-m\libg_nano.a(lib_a-memmove.o)
 .debug_frame   0x00001884       0x2c c:/program files (x86)/cypress/psoc creator/4.2/psoc creator/import/gnu/arm/5.4.1/bin/../lib/gcc/arm-none-eabi/5.4.1/../../../../arm-none-eabi/lib/armv6-m\libg_nano.a(lib_a-nano-freer.o)
 .debug_frame   0x000018b0       0x2c c:/program files (x86)/cypress/psoc creator/4.2/psoc creator/import/gnu/arm/5.4.1/bin/../lib/gcc/arm-none-eabi/5.4.1/../../../../arm-none-eabi/lib/armv6-m\libg_nano.a(lib_a-nano-mallocr.o)
 .debug_frame   0x000018dc       0x30 c:/program files (x86)/cypress/psoc creator/4.2/psoc creator/import/gnu/arm/5.4.1/bin/../lib/gcc/arm-none-eabi/5.4.1/../../../../arm-none-eabi/lib/armv6-m\libg_nano.a(lib_a-nano-reallocr.o)
 .debug_frame   0x0000190c       0x2c c:/program files (x86)/cypress/psoc creator/4.2/psoc creator/import/gnu/arm/5.4.1/bin/../lib/gcc/arm-none-eabi/5.4.1/../../../../arm-none-eabi/lib/armv6-m\libg_nano.a(lib_a-sbrkr.o)
 .debug_frame   0x00001938       0x30 c:/program files (x86)/cypress/psoc creator/4.2/psoc creator/import/gnu/arm/5.4.1/bin/../lib/gcc/arm-none-eabi/5.4.1/../../../../arm-none-eabi/lib/armv6-m\libg_nano.a(lib_a-mlock.o)
 .debug_frame   0x00001968       0x20 c:/program files (x86)/cypress/psoc creator/4.2/psoc creator/import/gnu/arm/5.4.1/bin/../lib/gcc/arm-none-eabi/5.4.1/../../../../arm-none-eabi/lib/armv6-m\libg_nano.a(lib_a-nano-msizer.o)
 .debug_frame   0x00001988       0x48 c:/program files (x86)/cypress/psoc creator/4.2/psoc creator/import/gnu/arm/5.4.1/bin/../lib/gcc/arm-none-eabi/5.4.1/../../../../arm-none-eabi/lib/armv6-m\libg_nano.a(lib_a-reent.o)

.debug_str      0x00000000     0x1faf
 *(.debug_str)
 .debug_str     0x00000000      0x272 .\CortexM0\ARM_GCC_541\Debug\main.o
                                0x2b2 (size before relaxing)
 .debug_str     0x00000272      0x1d2 .\CortexM0\ARM_GCC_541\Debug\cyfitter_cfg.o
                                0x33c (size before relaxing)
 .debug_str     0x00000444       0x9b .\CortexM0\ARM_GCC_541\Debug\cymetadata.o
                                0x1be (size before relaxing)
 .debug_str     0x000004df      0x13a .\CortexM0\ARM_GCC_541\Debug\Cm0Start.o
                                0x2ee (size before relaxing)
 .debug_str     0x00000619       0xf7 .\CortexM0\ARM_GCC_541\Debug\Micro.a(UART.o)
                                0x284 (size before relaxing)
 .debug_str     0x00000710      0x1d8 .\CortexM0\ARM_GCC_541\Debug\Micro.a(UART_UART.o)
                                0x3b5 (size before relaxing)
 .debug_str     0x000008e8      0x5cf .\CortexM0\ARM_GCC_541\Debug\Micro.a(CyLib.o)
                                0x7e5 (size before relaxing)
 .debug_str     0x00000eb7      0x6e3 .\CortexM0\ARM_GCC_541\Debug\Micro.a(CyLFClk.o)
                                0x925 (size before relaxing)
 .debug_str     0x0000159a      0x1f6 .\CortexM0\ARM_GCC_541\Debug\Micro.a(ADC_MIC.o)
                                0x42f (size before relaxing)
 .debug_str     0x00001790       0x3d .\CortexM0\ARM_GCC_541\Debug\Micro.a(ADC_MIC_INT.o)
                                0x1d4 (size before relaxing)
 .debug_str     0x000017cd      0x527 .\CortexM0\ARM_GCC_541\Debug\Micro.a(PWM_Brightness.o)
                                0x73a (size before relaxing)
 .debug_str     0x00001cf4       0xa3 .\CortexM0\ARM_GCC_541\Debug\Micro.a(Pin_DLed.o)
                                0x25a (size before relaxing)
 .debug_str     0x00001d97      0x135 .\CortexM0\ARM_GCC_541\Debug\Micro.a(isr_Counter.o)
                                0x34d (size before relaxing)
 .debug_str     0x00001ecc       0xe3 .\CortexM0\ARM_GCC_541\Debug\Micro.a(UART_SPI_UART.o)
                                0x2bb (size before relaxing)

.debug_loc      0x00000000     0x2653
 *(.debug_loc)
 .debug_loc     0x00000000       0xc5 .\CortexM0\ARM_GCC_541\Debug\main.o
 .debug_loc     0x000000c5      0x136 .\CortexM0\ARM_GCC_541\Debug\cyfitter_cfg.o
 .debug_loc     0x000001fb      0x14f .\CortexM0\ARM_GCC_541\Debug\Cm0Start.o
 .debug_loc     0x0000034a       0x7e .\CortexM0\ARM_GCC_541\Debug\Micro.a(UART.o)
 .debug_loc     0x000003c8      0x223 .\CortexM0\ARM_GCC_541\Debug\Micro.a(UART_UART.o)
 .debug_loc     0x000005eb      0x818 .\CortexM0\ARM_GCC_541\Debug\Micro.a(CyLib.o)
 .debug_loc     0x00000e03      0xdaa .\CortexM0\ARM_GCC_541\Debug\Micro.a(CyLFClk.o)
 .debug_loc     0x00001bad      0x3a5 .\CortexM0\ARM_GCC_541\Debug\Micro.a(ADC_MIC.o)
 .debug_loc     0x00001f52      0x547 .\CortexM0\ARM_GCC_541\Debug\Micro.a(PWM_Brightness.o)
 .debug_loc     0x00002499       0xa2 .\CortexM0\ARM_GCC_541\Debug\Micro.a(Pin_DLed.o)
 .debug_loc     0x0000253b       0x82 .\CortexM0\ARM_GCC_541\Debug\Micro.a(isr_Counter.o)
 .debug_loc     0x000025bd       0x96 .\CortexM0\ARM_GCC_541\Debug\Micro.a(UART_SPI_UART.o)

.debug_macinfo
 *(.debug_macinfo)

.debug_ranges   0x00000000      0x778
 *(.debug_ranges)
 .debug_ranges  0x00000000       0x20 .\CortexM0\ARM_GCC_541\Debug\main.o
 .debug_ranges  0x00000020       0x38 .\CortexM0\ARM_GCC_541\Debug\cyfitter_cfg.o
 .debug_ranges  0x00000058       0x38 .\CortexM0\ARM_GCC_541\Debug\Cm0Start.o
 .debug_ranges  0x00000090       0x48 .\CortexM0\ARM_GCC_541\Debug\Micro.a(UART.o)
 .debug_ranges  0x000000d8       0x80 .\CortexM0\ARM_GCC_541\Debug\Micro.a(UART_UART.o)
 .debug_ranges  0x00000158      0x1c0 .\CortexM0\ARM_GCC_541\Debug\Micro.a(CyLib.o)
 .debug_ranges  0x00000318      0x178 .\CortexM0\ARM_GCC_541\Debug\Micro.a(CyLFClk.o)
 .debug_ranges  0x00000490       0x98 .\CortexM0\ARM_GCC_541\Debug\Micro.a(ADC_MIC.o)
 .debug_ranges  0x00000528       0x10 .\CortexM0\ARM_GCC_541\Debug\Micro.a(ADC_MIC_INT.o)
 .debug_ranges  0x00000538      0x148 .\CortexM0\ARM_GCC_541\Debug\Micro.a(PWM_Brightness.o)
 .debug_ranges  0x00000680       0x38 .\CortexM0\ARM_GCC_541\Debug\Micro.a(Pin_DLed.o)
 .debug_ranges  0x000006b8       0x70 .\CortexM0\ARM_GCC_541\Debug\Micro.a(isr_Counter.o)
 .debug_ranges  0x00000728       0x50 .\CortexM0\ARM_GCC_541\Debug\Micro.a(UART_SPI_UART.o)

.comment        0x00000000       0x6e
 .comment       0x00000000       0x6e .\CortexM0\ARM_GCC_541\Debug\main.o
                                 0x6f (size before relaxing)
 .comment       0x0000006e       0x6f .\CortexM0\ARM_GCC_541\Debug\cyfitter_cfg.o
 .comment       0x0000006e       0x6f .\CortexM0\ARM_GCC_541\Debug\cymetadata.o
 .comment       0x0000006e       0x6f .\CortexM0\ARM_GCC_541\Debug\Cm0Start.o
 .comment       0x0000006e       0x6f .\CortexM0\ARM_GCC_541\Debug\Micro.a(UART.o)
 .comment       0x0000006e       0x6f .\CortexM0\ARM_GCC_541\Debug\Micro.a(UART_UART.o)
 .comment       0x0000006e       0x6f .\CortexM0\ARM_GCC_541\Debug\Micro.a(CyLib.o)
 .comment       0x0000006e       0x6f .\CortexM0\ARM_GCC_541\Debug\Micro.a(CyLFClk.o)
 .comment       0x0000006e       0x6f .\CortexM0\ARM_GCC_541\Debug\Micro.a(ADC_MIC.o)
 .comment       0x0000006e       0x6f .\CortexM0\ARM_GCC_541\Debug\Micro.a(ADC_MIC_INT.o)
 .comment       0x0000006e       0x6f .\CortexM0\ARM_GCC_541\Debug\Micro.a(PWM_Brightness.o)
 .comment       0x0000006e       0x6f .\CortexM0\ARM_GCC_541\Debug\Micro.a(Pin_DLed.o)
 .comment       0x0000006e       0x6f .\CortexM0\ARM_GCC_541\Debug\Micro.a(isr_Counter.o)
 .comment       0x0000006e       0x6f .\CortexM0\ARM_GCC_541\Debug\Micro.a(UART_SPI_UART.o)

.debug_weaknames
 *(.debug_weaknames)

.debug_funcnames
 *(.debug_funcnames)

.debug_typenames
 *(.debug_typenames)

.debug_varnames
 *(.debug_varnames)

.note.gnu.arm.ident
 *(.note.gnu.arm.ident)

.ARM.attributes
                0x00000000       0x28
 *(.ARM.attributes)
 .ARM.attributes
                0x00000000       0x1e c:/program files (x86)/cypress/psoc creator/4.2/psoc creator/import/gnu/arm/5.4.1/bin/../lib/gcc/arm-none-eabi/5.4.1/armv6-m/crti.o
 .ARM.attributes
                0x0000001e       0x2c c:/program files (x86)/cypress/psoc creator/4.2/psoc creator/import/gnu/arm/5.4.1/bin/../lib/gcc/arm-none-eabi/5.4.1/armv6-m/crtbegin.o
 .ARM.attributes
                0x0000004a       0x1b c:/program files (x86)/cypress/psoc creator/4.2/psoc creator/import/gnu/arm/5.4.1/bin/../lib/gcc/arm-none-eabi/5.4.1/../../../../arm-none-eabi/lib/armv6-m/crt0.o
 .ARM.attributes
                0x00000065       0x31 .\CortexM0\ARM_GCC_541\Debug\main.o
 .ARM.attributes
                0x00000096       0x31 .\CortexM0\ARM_GCC_541\Debug\cyfitter_cfg.o
 .ARM.attributes
                0x000000c7       0x31 .\CortexM0\ARM_GCC_541\Debug\cymetadata.o
 .ARM.attributes
                0x000000f8       0x31 .\CortexM0\ARM_GCC_541\Debug\Cm0Start.o
 .ARM.attributes
                0x00000129       0x31 .\CortexM0\ARM_GCC_541\Debug\Micro.a(UART.o)
 .ARM.attributes
                0x0000015a       0x31 .\CortexM0\ARM_GCC_541\Debug\Micro.a(UART_UART.o)
 .ARM.attributes
                0x0000018b       0x31 .\CortexM0\ARM_GCC_541\Debug\Micro.a(CyLib.o)
 .ARM.attributes
                0x000001bc       0x31 .\CortexM0\ARM_GCC_541\Debug\Micro.a(CyLFClk.o)
 .ARM.attributes
                0x000001ed       0x31 .\CortexM0\ARM_GCC_541\Debug\Micro.a(ADC_MIC.o)
 .ARM.attributes
                0x0000021e       0x31 .\CortexM0\ARM_GCC_541\Debug\Micro.a(ADC_MIC_INT.o)
 .ARM.attributes
                0x0000024f       0x31 .\CortexM0\ARM_GCC_541\Debug\Micro.a(PWM_Brightness.o)
 .ARM.attributes
                0x00000280       0x31 .\CortexM0\ARM_GCC_541\Debug\Micro.a(Pin_DLed.o)
 .ARM.attributes
                0x000002b1       0x31 .\CortexM0\ARM_GCC_541\Debug\Micro.a(isr_Counter.o)
 .ARM.attributes
                0x000002e2       0x21 .\CortexM0\ARM_GCC_541\Debug\Micro.a(CyBootAsmGnu.o)
 .ARM.attributes
                0x00000303       0x31 .\CortexM0\ARM_GCC_541\Debug\Micro.a(UART_SPI_UART.o)
 .ARM.attributes
                0x00000334       0x1e c:/program files (x86)/cypress/psoc creator/4.2/psoc creator/import/gnu/arm/5.4.1/bin/../lib/gcc/arm-none-eabi/5.4.1/armv6-m\libgcc.a(_udivsi3.o)
 .ARM.attributes
                0x00000352       0x1e c:/program files (x86)/cypress/psoc creator/4.2/psoc creator/import/gnu/arm/5.4.1/bin/../lib/gcc/arm-none-eabi/5.4.1/armv6-m\libgcc.a(_divsi3.o)
 .ARM.attributes
                0x00000370       0x1e c:/program files (x86)/cypress/psoc creator/4.2/psoc creator/import/gnu/arm/5.4.1/bin/../lib/gcc/arm-none-eabi/5.4.1/armv6-m\libgcc.a(_dvmd_tls.o)
 .ARM.attributes
                0x0000038e       0x1e c:/program files (x86)/cypress/psoc creator/4.2/psoc creator/import/gnu/arm/5.4.1/bin/../lib/gcc/arm-none-eabi/5.4.1/armv6-m\libgcc.a(_aeabi_ldivmod.o)
 .ARM.attributes
                0x000003ac       0x2c c:/program files (x86)/cypress/psoc creator/4.2/psoc creator/import/gnu/arm/5.4.1/bin/../lib/gcc/arm-none-eabi/5.4.1/armv6-m\libgcc.a(_muldi3.o)
 .ARM.attributes
                0x000003d8       0x2c c:/program files (x86)/cypress/psoc creator/4.2/psoc creator/import/gnu/arm/5.4.1/bin/../lib/gcc/arm-none-eabi/5.4.1/armv6-m\libgcc.a(bpabi.o)
 .ARM.attributes
                0x00000404       0x2c c:/program files (x86)/cypress/psoc creator/4.2/psoc creator/import/gnu/arm/5.4.1/bin/../lib/gcc/arm-none-eabi/5.4.1/armv6-m\libgcc.a(divsf3.o)
 .ARM.attributes
                0x00000430       0x2c c:/program files (x86)/cypress/psoc creator/4.2/psoc creator/import/gnu/arm/5.4.1/bin/../lib/gcc/arm-none-eabi/5.4.1/armv6-m\libgcc.a(mulsf3.o)
 .ARM.attributes
                0x0000045c       0x2c c:/program files (x86)/cypress/psoc creator/4.2/psoc creator/import/gnu/arm/5.4.1/bin/../lib/gcc/arm-none-eabi/5.4.1/armv6-m\libgcc.a(floatsisf.o)
 .ARM.attributes
                0x00000488       0x1e c:/program files (x86)/cypress/psoc creator/4.2/psoc creator/import/gnu/arm/5.4.1/bin/../lib/gcc/arm-none-eabi/5.4.1/armv6-m\libgcc.a(_clzsi2.o)
 .ARM.attributes
                0x000004a6       0x2c c:/program files (x86)/cypress/psoc creator/4.2/psoc creator/import/gnu/arm/5.4.1/bin/../lib/gcc/arm-none-eabi/5.4.1/armv6-m\libgcc.a(_divdi3.o)
 .ARM.attributes
                0x000004d2       0x1e c:/program files (x86)/cypress/psoc creator/4.2/psoc creator/import/gnu/arm/5.4.1/bin/../lib/gcc/arm-none-eabi/5.4.1/armv6-m\libgcc.a(_clzdi2.o)
 .ARM.attributes
                0x000004f0       0x2c c:/program files (x86)/cypress/psoc creator/4.2/psoc creator/import/gnu/arm/5.4.1/bin/../lib/gcc/arm-none-eabi/5.4.1/../../../../arm-none-eabi/lib/armv6-m\libg_nano.a(lib_a-errno.o)
 .ARM.attributes
                0x0000051c       0x2c c:/program files (x86)/cypress/psoc creator/4.2/psoc creator/import/gnu/arm/5.4.1/bin/../lib/gcc/arm-none-eabi/5.4.1/../../../../arm-none-eabi/lib/armv6-m\libg_nano.a(lib_a-exit.o)
 .ARM.attributes
                0x00000548       0x2c c:/program files (x86)/cypress/psoc creator/4.2/psoc creator/import/gnu/arm/5.4.1/bin/../lib/gcc/arm-none-eabi/5.4.1/../../../../arm-none-eabi/lib/armv6-m\libg_nano.a(lib_a-impure.o)
 .ARM.attributes
                0x00000574       0x2c c:/program files (x86)/cypress/psoc creator/4.2/psoc creator/import/gnu/arm/5.4.1/bin/../lib/gcc/arm-none-eabi/5.4.1/../../../../arm-none-eabi/lib/armv6-m\libg_nano.a(lib_a-init.o)
 .ARM.attributes
                0x000005a0       0x2c c:/program files (x86)/cypress/psoc creator/4.2/psoc creator/import/gnu/arm/5.4.1/bin/../lib/gcc/arm-none-eabi/5.4.1/../../../../arm-none-eabi/lib/armv6-m\libg_nano.a(lib_a-memset.o)
 .ARM.attributes
                0x000005cc       0x2c c:/program files (x86)/cypress/psoc creator/4.2/psoc creator/import/gnu/arm/5.4.1/bin/../lib/gcc/arm-none-eabi/5.4.1/../../../../arm-none-eabi/lib/armv6-m\libg_nano.a(lib_a-sprintf.o)
 .ARM.attributes
                0x000005f8       0x2c c:/program files (x86)/cypress/psoc creator/4.2/psoc creator/import/gnu/arm/5.4.1/bin/../lib/gcc/arm-none-eabi/5.4.1/../../../../arm-none-eabi/lib/armv6-m\libg_nano.a(lib_a-nano-svfprintf.o)
 .ARM.attributes
                0x00000624       0x2c c:/program files (x86)/cypress/psoc creator/4.2/psoc creator/import/gnu/arm/5.4.1/bin/../lib/gcc/arm-none-eabi/5.4.1/../../../../arm-none-eabi/lib/armv6-m\libg_nano.a(lib_a-nano-vfprintf_i.o)
 .ARM.attributes
                0x00000650       0x2c c:/program files (x86)/cypress/psoc creator/4.2/psoc creator/import/gnu/arm/5.4.1/bin/../lib/gcc/arm-none-eabi/5.4.1/../../../../arm-none-eabi/lib/armv6-m\libg_nano.a(lib_a-memchr-stub.o)
 .ARM.attributes
                0x0000067c       0x2c c:/program files (x86)/cypress/psoc creator/4.2/psoc creator/import/gnu/arm/5.4.1/bin/../lib/gcc/arm-none-eabi/5.4.1/../../../../arm-none-eabi/lib/armv6-m\libg_nano.a(lib_a-memcpy-stub.o)
 .ARM.attributes
                0x000006a8       0x2c c:/program files (x86)/cypress/psoc creator/4.2/psoc creator/import/gnu/arm/5.4.1/bin/../lib/gcc/arm-none-eabi/5.4.1/../../../../arm-none-eabi/lib/armv6-m\libg_nano.a(lib_a-memmove.o)
 .ARM.attributes
                0x000006d4       0x2c c:/program files (x86)/cypress/psoc creator/4.2/psoc creator/import/gnu/arm/5.4.1/bin/../lib/gcc/arm-none-eabi/5.4.1/../../../../arm-none-eabi/lib/armv6-m\libg_nano.a(lib_a-nano-freer.o)
 .ARM.attributes
                0x00000700       0x2c c:/program files (x86)/cypress/psoc creator/4.2/psoc creator/import/gnu/arm/5.4.1/bin/../lib/gcc/arm-none-eabi/5.4.1/../../../../arm-none-eabi/lib/armv6-m\libg_nano.a(lib_a-nano-mallocr.o)
 .ARM.attributes
                0x0000072c       0x2c c:/program files (x86)/cypress/psoc creator/4.2/psoc creator/import/gnu/arm/5.4.1/bin/../lib/gcc/arm-none-eabi/5.4.1/../../../../arm-none-eabi/lib/armv6-m\libg_nano.a(lib_a-nano-reallocr.o)
 .ARM.attributes
                0x00000758       0x2c c:/program files (x86)/cypress/psoc creator/4.2/psoc creator/import/gnu/arm/5.4.1/bin/../lib/gcc/arm-none-eabi/5.4.1/../../../../arm-none-eabi/lib/armv6-m\libg_nano.a(lib_a-sbrkr.o)
 .ARM.attributes
                0x00000784       0x2c c:/program files (x86)/cypress/psoc creator/4.2/psoc creator/import/gnu/arm/5.4.1/bin/../lib/gcc/arm-none-eabi/5.4.1/../../../../arm-none-eabi/lib/armv6-m\libg_nano.a(lib_a-mlock.o)
 .ARM.attributes
                0x000007b0       0x2c c:/program files (x86)/cypress/psoc creator/4.2/psoc creator/import/gnu/arm/5.4.1/bin/../lib/gcc/arm-none-eabi/5.4.1/../../../../arm-none-eabi/lib/armv6-m\libg_nano.a(lib_a-nano-msizer.o)
 .ARM.attributes
                0x000007dc       0x2c c:/program files (x86)/cypress/psoc creator/4.2/psoc creator/import/gnu/arm/5.4.1/bin/../lib/gcc/arm-none-eabi/5.4.1/../../../../arm-none-eabi/lib/armv6-m\libg_nano.a(lib_a-reent.o)
 .ARM.attributes
                0x00000808       0x2c c:/program files (x86)/cypress/psoc creator/4.2/psoc creator/import/gnu/arm/5.4.1/bin/../lib/gcc/arm-none-eabi/5.4.1/armv6-m/crtend.o
 .ARM.attributes
                0x00000834       0x1e c:/program files (x86)/cypress/psoc creator/4.2/psoc creator/import/gnu/arm/5.4.1/bin/../lib/gcc/arm-none-eabi/5.4.1/armv6-m/crtn.o

/DISCARD/
 *(.note.GNU-stack)
OUTPUT(C:\Users\janusdg-win\UCU\Smart_lightning_system\Microphone\Workspace\Micro.cydsn\CortexM0\ARM_GCC_541\Debug\Micro.elf elf32-littlearm)
