ARM GAS  C:\Users\JANUSD~1\AppData\Local\Temp\ccQlSYZU.s 			page 1


   1              		.syntax unified
   2              		.cpu cortex-m0
   3              		.fpu softvfp
   4              		.eabi_attribute 20, 1
   5              		.eabi_attribute 21, 1
   6              		.eabi_attribute 23, 3
   7              		.eabi_attribute 24, 1
   8              		.eabi_attribute 25, 1
   9              		.eabi_attribute 26, 1
  10              		.eabi_attribute 30, 1
  11              		.eabi_attribute 34, 0
  12              		.eabi_attribute 18, 4
  13              		.thumb
  14              		.syntax unified
  15              		.file	"cyfitter_cfg.c"
  16              		.text
  17              	.Ltext0:
  18              		.cfi_sections	.debug_frame
  19              		.section	.text.cfg_write_bytes32,"ax",%progbits
  20              		.align	2
  21              		.code	16
  22              		.thumb_func
  23              		.type	cfg_write_bytes32, %function
  24              	cfg_write_bytes32:
  25              	.LFB5:
  26              		.file 1 "Generated_Source\\PSoC4\\cyfitter_cfg.c"
   1:Generated_Source\PSoC4/cyfitter_cfg.c **** 
   2:Generated_Source\PSoC4/cyfitter_cfg.c **** /*******************************************************************************
   3:Generated_Source\PSoC4/cyfitter_cfg.c **** * File Name: cyfitter_cfg.c
   4:Generated_Source\PSoC4/cyfitter_cfg.c **** * 
   5:Generated_Source\PSoC4/cyfitter_cfg.c **** * PSoC Creator  4.2
   6:Generated_Source\PSoC4/cyfitter_cfg.c **** *
   7:Generated_Source\PSoC4/cyfitter_cfg.c **** * Description:
   8:Generated_Source\PSoC4/cyfitter_cfg.c **** * This file contains device initialization code.
   9:Generated_Source\PSoC4/cyfitter_cfg.c **** * Except for the user defined sections in CyClockStartupError(), this file should not be modified.
  10:Generated_Source\PSoC4/cyfitter_cfg.c **** * This file is automatically generated by PSoC Creator.
  11:Generated_Source\PSoC4/cyfitter_cfg.c **** *
  12:Generated_Source\PSoC4/cyfitter_cfg.c **** ********************************************************************************
  13:Generated_Source\PSoC4/cyfitter_cfg.c **** * Copyright (c) 2007-2018 Cypress Semiconductor.  All rights reserved.
  14:Generated_Source\PSoC4/cyfitter_cfg.c **** * You may use this file only in accordance with the license, terms, conditions, 
  15:Generated_Source\PSoC4/cyfitter_cfg.c **** * disclaimers, and limitations in the end user license agreement accompanying 
  16:Generated_Source\PSoC4/cyfitter_cfg.c **** * the software package with which this file was provided.
  17:Generated_Source\PSoC4/cyfitter_cfg.c **** ********************************************************************************/
  18:Generated_Source\PSoC4/cyfitter_cfg.c **** 
  19:Generated_Source\PSoC4/cyfitter_cfg.c **** #include <string.h>
  20:Generated_Source\PSoC4/cyfitter_cfg.c **** #include "cytypes.h"
  21:Generated_Source\PSoC4/cyfitter_cfg.c **** #include "cydevice_trm.h"
  22:Generated_Source\PSoC4/cyfitter_cfg.c **** #include "cyfitter.h"
  23:Generated_Source\PSoC4/cyfitter_cfg.c **** #include "CyLib.h"
  24:Generated_Source\PSoC4/cyfitter_cfg.c **** #include "CyLFClk.h"
  25:Generated_Source\PSoC4/cyfitter_cfg.c **** #include "cyfitter_cfg.h"
  26:Generated_Source\PSoC4/cyfitter_cfg.c **** #include "cyapicallbacks.h"
  27:Generated_Source\PSoC4/cyfitter_cfg.c **** 
  28:Generated_Source\PSoC4/cyfitter_cfg.c **** 
  29:Generated_Source\PSoC4/cyfitter_cfg.c **** #if defined(__GNUC__) || defined(__ARMCC_VERSION)
  30:Generated_Source\PSoC4/cyfitter_cfg.c ****     #define CYPACKED 
  31:Generated_Source\PSoC4/cyfitter_cfg.c ****     #define CYPACKED_ATTR __attribute__ ((packed))
ARM GAS  C:\Users\JANUSD~1\AppData\Local\Temp\ccQlSYZU.s 			page 2


  32:Generated_Source\PSoC4/cyfitter_cfg.c ****     #define CYALIGNED __attribute__ ((aligned))
  33:Generated_Source\PSoC4/cyfitter_cfg.c ****     #define CY_CFG_UNUSED __attribute__ ((unused))
  34:Generated_Source\PSoC4/cyfitter_cfg.c ****     #ifndef CY_CFG_SECTION
  35:Generated_Source\PSoC4/cyfitter_cfg.c ****         #define CY_CFG_SECTION __attribute__ ((section(".psocinit")))
  36:Generated_Source\PSoC4/cyfitter_cfg.c ****     #endif
  37:Generated_Source\PSoC4/cyfitter_cfg.c ****     
  38:Generated_Source\PSoC4/cyfitter_cfg.c ****     #if defined(__ARMCC_VERSION)
  39:Generated_Source\PSoC4/cyfitter_cfg.c ****         #define CY_CFG_MEMORY_BARRIER() __memory_changed()
  40:Generated_Source\PSoC4/cyfitter_cfg.c ****     #else
  41:Generated_Source\PSoC4/cyfitter_cfg.c ****         #define CY_CFG_MEMORY_BARRIER() __sync_synchronize()
  42:Generated_Source\PSoC4/cyfitter_cfg.c ****     #endif
  43:Generated_Source\PSoC4/cyfitter_cfg.c ****     
  44:Generated_Source\PSoC4/cyfitter_cfg.c **** #elif defined(__ICCARM__)
  45:Generated_Source\PSoC4/cyfitter_cfg.c ****     #include <intrinsics.h>
  46:Generated_Source\PSoC4/cyfitter_cfg.c **** 
  47:Generated_Source\PSoC4/cyfitter_cfg.c ****     #define CYPACKED __packed
  48:Generated_Source\PSoC4/cyfitter_cfg.c ****     #define CYPACKED_ATTR 
  49:Generated_Source\PSoC4/cyfitter_cfg.c ****     #define CYALIGNED _Pragma("data_alignment=4")
  50:Generated_Source\PSoC4/cyfitter_cfg.c ****     #define CY_CFG_UNUSED _Pragma("diag_suppress=Pe177")
  51:Generated_Source\PSoC4/cyfitter_cfg.c ****     #define CY_CFG_SECTION _Pragma("location=\".psocinit\"")
  52:Generated_Source\PSoC4/cyfitter_cfg.c ****     
  53:Generated_Source\PSoC4/cyfitter_cfg.c ****     #define CY_CFG_MEMORY_BARRIER() __DMB()
  54:Generated_Source\PSoC4/cyfitter_cfg.c ****     
  55:Generated_Source\PSoC4/cyfitter_cfg.c **** #else
  56:Generated_Source\PSoC4/cyfitter_cfg.c ****     #error Unsupported toolchain
  57:Generated_Source\PSoC4/cyfitter_cfg.c **** #endif
  58:Generated_Source\PSoC4/cyfitter_cfg.c **** 
  59:Generated_Source\PSoC4/cyfitter_cfg.c **** #ifndef CYCODE
  60:Generated_Source\PSoC4/cyfitter_cfg.c ****     #define CYCODE
  61:Generated_Source\PSoC4/cyfitter_cfg.c **** #endif
  62:Generated_Source\PSoC4/cyfitter_cfg.c **** #ifndef CYDATA
  63:Generated_Source\PSoC4/cyfitter_cfg.c ****     #define CYDATA
  64:Generated_Source\PSoC4/cyfitter_cfg.c **** #endif
  65:Generated_Source\PSoC4/cyfitter_cfg.c **** #ifndef CYFAR
  66:Generated_Source\PSoC4/cyfitter_cfg.c ****     #define CYFAR
  67:Generated_Source\PSoC4/cyfitter_cfg.c **** #endif
  68:Generated_Source\PSoC4/cyfitter_cfg.c **** #ifndef CYXDATA
  69:Generated_Source\PSoC4/cyfitter_cfg.c ****     #define CYXDATA
  70:Generated_Source\PSoC4/cyfitter_cfg.c **** #endif
  71:Generated_Source\PSoC4/cyfitter_cfg.c **** 
  72:Generated_Source\PSoC4/cyfitter_cfg.c **** 
  73:Generated_Source\PSoC4/cyfitter_cfg.c **** CY_CFG_UNUSED
  74:Generated_Source\PSoC4/cyfitter_cfg.c **** static void CYMEMZERO(void *s, size_t n);
  75:Generated_Source\PSoC4/cyfitter_cfg.c **** CY_CFG_UNUSED
  76:Generated_Source\PSoC4/cyfitter_cfg.c **** static void CYMEMZERO(void *s, size_t n)
  77:Generated_Source\PSoC4/cyfitter_cfg.c **** {
  78:Generated_Source\PSoC4/cyfitter_cfg.c **** 	(void)memset(s, 0, n);
  79:Generated_Source\PSoC4/cyfitter_cfg.c **** }
  80:Generated_Source\PSoC4/cyfitter_cfg.c **** CY_CFG_UNUSED
  81:Generated_Source\PSoC4/cyfitter_cfg.c **** static void CYCONFIGCPY(void *dest, const void *src, size_t n);
  82:Generated_Source\PSoC4/cyfitter_cfg.c **** CY_CFG_UNUSED
  83:Generated_Source\PSoC4/cyfitter_cfg.c **** static void CYCONFIGCPY(void *dest, const void *src, size_t n)
  84:Generated_Source\PSoC4/cyfitter_cfg.c **** {
  85:Generated_Source\PSoC4/cyfitter_cfg.c **** 	(void)memcpy(dest, src, n);
  86:Generated_Source\PSoC4/cyfitter_cfg.c **** }
  87:Generated_Source\PSoC4/cyfitter_cfg.c **** CY_CFG_UNUSED
  88:Generated_Source\PSoC4/cyfitter_cfg.c **** static void CYCONFIGCPYCODE(void *dest, const void *src, size_t n);
ARM GAS  C:\Users\JANUSD~1\AppData\Local\Temp\ccQlSYZU.s 			page 3


  89:Generated_Source\PSoC4/cyfitter_cfg.c **** CY_CFG_UNUSED
  90:Generated_Source\PSoC4/cyfitter_cfg.c **** static void CYCONFIGCPYCODE(void *dest, const void *src, size_t n)
  91:Generated_Source\PSoC4/cyfitter_cfg.c **** {
  92:Generated_Source\PSoC4/cyfitter_cfg.c **** 	(void)memcpy(dest, src, n);
  93:Generated_Source\PSoC4/cyfitter_cfg.c **** }
  94:Generated_Source\PSoC4/cyfitter_cfg.c **** 
  95:Generated_Source\PSoC4/cyfitter_cfg.c **** 
  96:Generated_Source\PSoC4/cyfitter_cfg.c **** 
  97:Generated_Source\PSoC4/cyfitter_cfg.c **** 
  98:Generated_Source\PSoC4/cyfitter_cfg.c **** /* Clock startup error codes                                                   */
  99:Generated_Source\PSoC4/cyfitter_cfg.c **** #define CYCLOCKSTART_NO_ERROR    0u
 100:Generated_Source\PSoC4/cyfitter_cfg.c **** #define CYCLOCKSTART_XTAL_ERROR  1u
 101:Generated_Source\PSoC4/cyfitter_cfg.c **** #define CYCLOCKSTART_32KHZ_ERROR 2u
 102:Generated_Source\PSoC4/cyfitter_cfg.c **** #define CYCLOCKSTART_PLL_ERROR   3u
 103:Generated_Source\PSoC4/cyfitter_cfg.c **** #define CYCLOCKSTART_FLL_ERROR   4u
 104:Generated_Source\PSoC4/cyfitter_cfg.c **** #define CYCLOCKSTART_WCO_ERROR   5u
 105:Generated_Source\PSoC4/cyfitter_cfg.c **** 
 106:Generated_Source\PSoC4/cyfitter_cfg.c **** 
 107:Generated_Source\PSoC4/cyfitter_cfg.c **** #ifdef CY_NEED_CYCLOCKSTARTUPERROR
 108:Generated_Source\PSoC4/cyfitter_cfg.c **** /*******************************************************************************
 109:Generated_Source\PSoC4/cyfitter_cfg.c **** * Function Name: CyClockStartupError
 110:Generated_Source\PSoC4/cyfitter_cfg.c **** ********************************************************************************
 111:Generated_Source\PSoC4/cyfitter_cfg.c **** * Summary:
 112:Generated_Source\PSoC4/cyfitter_cfg.c **** *  If an error is encountered during clock configuration (crystal startup error,
 113:Generated_Source\PSoC4/cyfitter_cfg.c **** *  PLL lock error, etc.), the system will end up here.  Unless reimplemented by
 114:Generated_Source\PSoC4/cyfitter_cfg.c **** *  the customer, this function will stop in an infinite loop.
 115:Generated_Source\PSoC4/cyfitter_cfg.c **** *
 116:Generated_Source\PSoC4/cyfitter_cfg.c **** * Parameters:
 117:Generated_Source\PSoC4/cyfitter_cfg.c **** *   void
 118:Generated_Source\PSoC4/cyfitter_cfg.c **** *
 119:Generated_Source\PSoC4/cyfitter_cfg.c **** * Return:
 120:Generated_Source\PSoC4/cyfitter_cfg.c **** *   void
 121:Generated_Source\PSoC4/cyfitter_cfg.c **** *
 122:Generated_Source\PSoC4/cyfitter_cfg.c **** *******************************************************************************/
 123:Generated_Source\PSoC4/cyfitter_cfg.c **** CY_CFG_UNUSED
 124:Generated_Source\PSoC4/cyfitter_cfg.c **** static void CyClockStartupError(uint8 errorCode);
 125:Generated_Source\PSoC4/cyfitter_cfg.c **** CY_CFG_UNUSED
 126:Generated_Source\PSoC4/cyfitter_cfg.c **** static void CyClockStartupError(uint8 errorCode)
 127:Generated_Source\PSoC4/cyfitter_cfg.c **** {
 128:Generated_Source\PSoC4/cyfitter_cfg.c ****     /* To remove the compiler warning if errorCode not used.                */
 129:Generated_Source\PSoC4/cyfitter_cfg.c ****     errorCode = errorCode;
 130:Generated_Source\PSoC4/cyfitter_cfg.c **** 
 131:Generated_Source\PSoC4/cyfitter_cfg.c ****     /* If we have a clock startup error (bad MHz crystal, PLL lock, etc.),  */
 132:Generated_Source\PSoC4/cyfitter_cfg.c ****     /* we will end up here to allow the customer to implement something to  */
 133:Generated_Source\PSoC4/cyfitter_cfg.c ****     /* deal with the clock condition.                                       */
 134:Generated_Source\PSoC4/cyfitter_cfg.c **** 
 135:Generated_Source\PSoC4/cyfitter_cfg.c **** #ifdef CY_CFG_CLOCK_STARTUP_ERROR_CALLBACK
 136:Generated_Source\PSoC4/cyfitter_cfg.c ****     CY_CFG_Clock_Startup_ErrorCallback();
 137:Generated_Source\PSoC4/cyfitter_cfg.c **** #else
 138:Generated_Source\PSoC4/cyfitter_cfg.c ****     /*  If not using CY_CFG_CLOCK_STARTUP_ERROR_CALLBACK, place your clock startup code here. */
 139:Generated_Source\PSoC4/cyfitter_cfg.c ****     /* `#START CyClockStartupError` */
 140:Generated_Source\PSoC4/cyfitter_cfg.c **** 
 141:Generated_Source\PSoC4/cyfitter_cfg.c **** 
 142:Generated_Source\PSoC4/cyfitter_cfg.c **** 
 143:Generated_Source\PSoC4/cyfitter_cfg.c ****     /* `#END` */
 144:Generated_Source\PSoC4/cyfitter_cfg.c **** 
 145:Generated_Source\PSoC4/cyfitter_cfg.c ****     while(1) {}
ARM GAS  C:\Users\JANUSD~1\AppData\Local\Temp\ccQlSYZU.s 			page 4


 146:Generated_Source\PSoC4/cyfitter_cfg.c **** #endif /* CY_CFG_CLOCK_STARTUP_ERROR_CALLBACK */
 147:Generated_Source\PSoC4/cyfitter_cfg.c **** }
 148:Generated_Source\PSoC4/cyfitter_cfg.c **** #endif
 149:Generated_Source\PSoC4/cyfitter_cfg.c **** 
 150:Generated_Source\PSoC4/cyfitter_cfg.c **** #define CY_CFG_BASE_ADDR_COUNT 3u
 151:Generated_Source\PSoC4/cyfitter_cfg.c **** CYPACKED typedef struct
 152:Generated_Source\PSoC4/cyfitter_cfg.c **** {
 153:Generated_Source\PSoC4/cyfitter_cfg.c **** 	uint8 offset;
 154:Generated_Source\PSoC4/cyfitter_cfg.c **** 	uint8 value;
 155:Generated_Source\PSoC4/cyfitter_cfg.c **** } CYPACKED_ATTR cy_cfg_addrvalue_t;
 156:Generated_Source\PSoC4/cyfitter_cfg.c **** 
 157:Generated_Source\PSoC4/cyfitter_cfg.c **** 
 158:Generated_Source\PSoC4/cyfitter_cfg.c **** 
 159:Generated_Source\PSoC4/cyfitter_cfg.c **** /*******************************************************************************
 160:Generated_Source\PSoC4/cyfitter_cfg.c **** * Function Name: cfg_write_bytes32
 161:Generated_Source\PSoC4/cyfitter_cfg.c **** ********************************************************************************
 162:Generated_Source\PSoC4/cyfitter_cfg.c **** * Summary:
 163:Generated_Source\PSoC4/cyfitter_cfg.c **** *  This function is used for setting up the chip configuration areas that
 164:Generated_Source\PSoC4/cyfitter_cfg.c **** *  contain relatively sparse data.
 165:Generated_Source\PSoC4/cyfitter_cfg.c **** *
 166:Generated_Source\PSoC4/cyfitter_cfg.c **** * Parameters:
 167:Generated_Source\PSoC4/cyfitter_cfg.c **** *   void
 168:Generated_Source\PSoC4/cyfitter_cfg.c **** *
 169:Generated_Source\PSoC4/cyfitter_cfg.c **** * Return:
 170:Generated_Source\PSoC4/cyfitter_cfg.c **** *   void
 171:Generated_Source\PSoC4/cyfitter_cfg.c **** *
 172:Generated_Source\PSoC4/cyfitter_cfg.c **** *******************************************************************************/
 173:Generated_Source\PSoC4/cyfitter_cfg.c **** static void cfg_write_bytes32(const uint32 addr_table[], const cy_cfg_addrvalue_t data_table[]);
 174:Generated_Source\PSoC4/cyfitter_cfg.c **** static void cfg_write_bytes32(const uint32 addr_table[], const cy_cfg_addrvalue_t data_table[])
 175:Generated_Source\PSoC4/cyfitter_cfg.c **** {
  27              		.loc 1 175 0
  28              		.cfi_startproc
  29              		@ args = 0, pretend = 0, frame = 0
  30              		@ frame_needed = 0, uses_anonymous_args = 0
  31              	.LVL0:
  32 0000 F0B5     		push	{r4, r5, r6, r7, lr}
  33              		.cfi_def_cfa_offset 20
  34              		.cfi_offset 4, -20
  35              		.cfi_offset 5, -16
  36              		.cfi_offset 6, -12
  37              		.cfi_offset 7, -8
  38              		.cfi_offset 14, -4
  39              	.LVL1:
 176:Generated_Source\PSoC4/cyfitter_cfg.c **** 	/* For 32-bit little-endian architectures */
 177:Generated_Source\PSoC4/cyfitter_cfg.c **** 	uint32 i, j = 0u;
  40              		.loc 1 177 0
  41 0002 0025     		movs	r5, #0
 178:Generated_Source\PSoC4/cyfitter_cfg.c **** 	for (i = 0u; i < CY_CFG_BASE_ADDR_COUNT; i++)
  42              		.loc 1 178 0
  43 0004 0027     		movs	r7, #0
  44 0006 11E0     		b	.L2
  45              	.LVL2:
  46              	.L5:
  47              	.LBB2:
 179:Generated_Source\PSoC4/cyfitter_cfg.c **** 	{
 180:Generated_Source\PSoC4/cyfitter_cfg.c **** 		uint32 baseAddr = addr_table[i];
  48              		.loc 1 180 0
ARM GAS  C:\Users\JANUSD~1\AppData\Local\Temp\ccQlSYZU.s 			page 5


  49 0008 BB00     		lsls	r3, r7, #2
  50 000a C658     		ldr	r6, [r0, r3]
  51              	.LVL3:
 181:Generated_Source\PSoC4/cyfitter_cfg.c **** 		uint8 count = (uint8)baseAddr;
  52              		.loc 1 181 0
  53 000c F3B2     		uxtb	r3, r6
  54              	.LVL4:
 182:Generated_Source\PSoC4/cyfitter_cfg.c **** 		baseAddr &= 0xFFFFFF00u;
  55              		.loc 1 182 0
  56 000e FF22     		movs	r2, #255
  57 0010 9643     		bics	r6, r2
  58              	.LVL5:
 183:Generated_Source\PSoC4/cyfitter_cfg.c **** 		while (count != 0u)
  59              		.loc 1 183 0
  60 0012 08E0     		b	.L3
  61              	.L4:
 184:Generated_Source\PSoC4/cyfitter_cfg.c **** 		{
 185:Generated_Source\PSoC4/cyfitter_cfg.c **** 			CY_SET_REG8((void *)(baseAddr + data_table[j].offset), data_table[j].value);
  62              		.loc 1 185 0
  63 0014 6A00     		lsls	r2, r5, #1
  64 0016 8A18     		adds	r2, r1, r2
  65 0018 1478     		ldrb	r4, [r2]
  66 001a A419     		adds	r4, r4, r6
  67 001c 5278     		ldrb	r2, [r2, #1]
  68 001e 2270     		strb	r2, [r4]
 186:Generated_Source\PSoC4/cyfitter_cfg.c **** 			j++;
  69              		.loc 1 186 0
  70 0020 0135     		adds	r5, r5, #1
  71              	.LVL6:
 187:Generated_Source\PSoC4/cyfitter_cfg.c **** 			count--;
  72              		.loc 1 187 0
  73 0022 013B     		subs	r3, r3, #1
  74              	.LVL7:
  75 0024 DBB2     		uxtb	r3, r3
  76              	.LVL8:
  77              	.L3:
 183:Generated_Source\PSoC4/cyfitter_cfg.c **** 		{
  78              		.loc 1 183 0
  79 0026 002B     		cmp	r3, #0
  80 0028 F4D1     		bne	.L4
  81              	.LBE2:
 178:Generated_Source\PSoC4/cyfitter_cfg.c **** 	{
  82              		.loc 1 178 0 discriminator 2
  83 002a 0137     		adds	r7, r7, #1
  84              	.LVL9:
  85              	.L2:
 178:Generated_Source\PSoC4/cyfitter_cfg.c **** 	{
  86              		.loc 1 178 0 is_stmt 0 discriminator 1
  87 002c 022F     		cmp	r7, #2
  88 002e EBD9     		bls	.L5
 188:Generated_Source\PSoC4/cyfitter_cfg.c **** 		}
 189:Generated_Source\PSoC4/cyfitter_cfg.c **** 	}
 190:Generated_Source\PSoC4/cyfitter_cfg.c **** }
  89              		.loc 1 190 0 is_stmt 1
  90              		@ sp needed
  91              	.LVL10:
  92              	.LVL11:
ARM GAS  C:\Users\JANUSD~1\AppData\Local\Temp\ccQlSYZU.s 			page 6


  93 0030 F0BD     		pop	{r4, r5, r6, r7, pc}
  94              		.cfi_endproc
  95              	.LFE5:
  96              		.size	cfg_write_bytes32, .-cfg_write_bytes32
  97 0032 C046     		.section	.text.AnalogSetDefault,"ax",%progbits
  98              		.align	2
  99              		.code	16
 100              		.thumb_func
 101              		.type	AnalogSetDefault, %function
 102              	AnalogSetDefault:
 103              	.LFB7:
 191:Generated_Source\PSoC4/cyfitter_cfg.c **** 
 192:Generated_Source\PSoC4/cyfitter_cfg.c **** 
 193:Generated_Source\PSoC4/cyfitter_cfg.c **** /*******************************************************************************
 194:Generated_Source\PSoC4/cyfitter_cfg.c **** * Function Name: ClockSetup
 195:Generated_Source\PSoC4/cyfitter_cfg.c **** ********************************************************************************
 196:Generated_Source\PSoC4/cyfitter_cfg.c **** *
 197:Generated_Source\PSoC4/cyfitter_cfg.c **** * Summary:
 198:Generated_Source\PSoC4/cyfitter_cfg.c **** *   Performs the initialization of all of the clocks in the device based on the
 199:Generated_Source\PSoC4/cyfitter_cfg.c **** *   settings in the Clock tab of the DWR.  This includes enabling the requested
 200:Generated_Source\PSoC4/cyfitter_cfg.c **** *   clocks and setting the necessary dividers to produce the desired frequency. 
 201:Generated_Source\PSoC4/cyfitter_cfg.c **** *
 202:Generated_Source\PSoC4/cyfitter_cfg.c **** * Parameters:
 203:Generated_Source\PSoC4/cyfitter_cfg.c **** *   void
 204:Generated_Source\PSoC4/cyfitter_cfg.c **** *
 205:Generated_Source\PSoC4/cyfitter_cfg.c **** * Return:
 206:Generated_Source\PSoC4/cyfitter_cfg.c **** *   void
 207:Generated_Source\PSoC4/cyfitter_cfg.c **** *
 208:Generated_Source\PSoC4/cyfitter_cfg.c **** *******************************************************************************/
 209:Generated_Source\PSoC4/cyfitter_cfg.c **** static void ClockSetup(void);
 210:Generated_Source\PSoC4/cyfitter_cfg.c **** CY_CFG_SECTION
 211:Generated_Source\PSoC4/cyfitter_cfg.c **** static void ClockSetup(void)
 212:Generated_Source\PSoC4/cyfitter_cfg.c **** {
 213:Generated_Source\PSoC4/cyfitter_cfg.c **** 
 214:Generated_Source\PSoC4/cyfitter_cfg.c **** 	/* Set Flash Cycles based on max possible frequency in case a glitch occurs during ClockSetup(). *
 215:Generated_Source\PSoC4/cyfitter_cfg.c **** 	CY_SET_REG32((void CYXDATA *)(CYREG_CPUSS_FLASH_CTL), (0x0012u));
 216:Generated_Source\PSoC4/cyfitter_cfg.c **** 
 217:Generated_Source\PSoC4/cyfitter_cfg.c **** 	/* Start the WCO */
 218:Generated_Source\PSoC4/cyfitter_cfg.c **** 	CySysClkWcoStart();
 219:Generated_Source\PSoC4/cyfitter_cfg.c **** 	CyDelayCycles(12000000u); /* WCO may take up to 500ms to start */
 220:Generated_Source\PSoC4/cyfitter_cfg.c **** 	(void)CySysClkWcoSetPowerMode(CY_SYS_CLK_WCO_LPM);    /* Switch to the low power mode */
 221:Generated_Source\PSoC4/cyfitter_cfg.c **** 
 222:Generated_Source\PSoC4/cyfitter_cfg.c **** 	/* Setup and trim IMO based on desired frequency. */
 223:Generated_Source\PSoC4/cyfitter_cfg.c **** 	CySysClkWriteImoFreq(48u);
 224:Generated_Source\PSoC4/cyfitter_cfg.c **** 	/* CYDEV_CLK_ILO_CONFIG Starting address: CYDEV_CLK_ILO_CONFIG */
 225:Generated_Source\PSoC4/cyfitter_cfg.c **** 	CY_SET_REG32((void *)(CYREG_CLK_ILO_CONFIG), 0x80000006u);
 226:Generated_Source\PSoC4/cyfitter_cfg.c **** 
 227:Generated_Source\PSoC4/cyfitter_cfg.c **** 	/* CYDEV_WDT_CONFIG Starting address: CYDEV_WDT_CONFIG */
 228:Generated_Source\PSoC4/cyfitter_cfg.c **** 	CY_SET_REG32((void *)(CYREG_WDT_CONFIG), 0x40000000u);
 229:Generated_Source\PSoC4/cyfitter_cfg.c **** 
 230:Generated_Source\PSoC4/cyfitter_cfg.c **** 
 231:Generated_Source\PSoC4/cyfitter_cfg.c **** 	/* Enable fast start mode for XO */
 232:Generated_Source\PSoC4/cyfitter_cfg.c **** 	CY_SET_REG32((void*)CYREG_BLE_BLERD_BB_XO, CY_GET_REG32((void*)CYREG_BLE_BLERD_BB_XO) | (uint32)0x
 233:Generated_Source\PSoC4/cyfitter_cfg.c **** 	CY_SET_REG32((void *)(CYREG_BLE_BLERD_BB_XO_CAPTRIM), 0x00003E2Du);
 234:Generated_Source\PSoC4/cyfitter_cfg.c **** 	/*Set XTAL(ECO) divider*/
 235:Generated_Source\PSoC4/cyfitter_cfg.c **** 	CY_SET_REG32((void *)(CYREG_BLE_BLESS_XTAL_CLK_DIV_CONFIG), 0x00000000u);
 236:Generated_Source\PSoC4/cyfitter_cfg.c **** 	/* Disable Crystal Stable Interrupt before enabling ECO */
ARM GAS  C:\Users\JANUSD~1\AppData\Local\Temp\ccQlSYZU.s 			page 7


 237:Generated_Source\PSoC4/cyfitter_cfg.c **** 	CY_SET_REG32((void*)CYREG_BLE_BLESS_LL_DSM_CTRL, CY_GET_REG32((void*)CYREG_BLE_BLESS_LL_DSM_CTRL) 
 238:Generated_Source\PSoC4/cyfitter_cfg.c **** 	/* Start the ECO and do not check status since it is not needed for HFCLK */
 239:Generated_Source\PSoC4/cyfitter_cfg.c **** 	(void)CySysClkEcoStart(2000u);
 240:Generated_Source\PSoC4/cyfitter_cfg.c **** 	CyDelayUs(1500u); /* Wait to stabilize */
 241:Generated_Source\PSoC4/cyfitter_cfg.c **** 
 242:Generated_Source\PSoC4/cyfitter_cfg.c **** 	/* Setup phase aligned clocks */
 243:Generated_Source\PSoC4/cyfitter_cfg.c **** 	CY_SET_REG32((void *)CYREG_PERI_DIV_16_CTL0, 0x00000300u);
 244:Generated_Source\PSoC4/cyfitter_cfg.c **** 	CY_SET_REG32((void *)CYREG_PERI_DIV_CMD, 0x8000FF40u);
 245:Generated_Source\PSoC4/cyfitter_cfg.c **** 
 246:Generated_Source\PSoC4/cyfitter_cfg.c **** 	/* CYDEV_CLK_IMO_CONFIG Starting address: CYDEV_CLK_IMO_CONFIG */
 247:Generated_Source\PSoC4/cyfitter_cfg.c **** 	CY_SET_REG32((void *)(CYREG_CLK_IMO_CONFIG), 0x80000000u);
 248:Generated_Source\PSoC4/cyfitter_cfg.c **** 
 249:Generated_Source\PSoC4/cyfitter_cfg.c **** 	/* CYDEV_CLK_SELECT Starting address: CYDEV_CLK_SELECT */
 250:Generated_Source\PSoC4/cyfitter_cfg.c **** 	CY_SET_REG32((void *)(CYREG_CLK_SELECT), 0x00040000u);
 251:Generated_Source\PSoC4/cyfitter_cfg.c **** 
 252:Generated_Source\PSoC4/cyfitter_cfg.c **** 	/* CYDEV_PERI_PCLK_CTL7 Starting address: CYDEV_PERI_PCLK_CTL7 */
 253:Generated_Source\PSoC4/cyfitter_cfg.c **** 	CY_SET_REG32((void *)(CYREG_PERI_PCLK_CTL7), 0x00000040u);
 254:Generated_Source\PSoC4/cyfitter_cfg.c **** 
 255:Generated_Source\PSoC4/cyfitter_cfg.c **** 	(void)CyIntSetVector(8u, &CySysWdtIsr);
 256:Generated_Source\PSoC4/cyfitter_cfg.c **** 	CyIntEnable(8u);
 257:Generated_Source\PSoC4/cyfitter_cfg.c **** 	CY_SET_REG32((void *)(CYREG_WDT_CONFIG), 0x40000000u);
 258:Generated_Source\PSoC4/cyfitter_cfg.c **** }
 259:Generated_Source\PSoC4/cyfitter_cfg.c **** 
 260:Generated_Source\PSoC4/cyfitter_cfg.c **** 
 261:Generated_Source\PSoC4/cyfitter_cfg.c **** /* Analog API Functions */
 262:Generated_Source\PSoC4/cyfitter_cfg.c **** 
 263:Generated_Source\PSoC4/cyfitter_cfg.c **** 
 264:Generated_Source\PSoC4/cyfitter_cfg.c **** /*******************************************************************************
 265:Generated_Source\PSoC4/cyfitter_cfg.c **** * Function Name: AnalogSetDefault
 266:Generated_Source\PSoC4/cyfitter_cfg.c **** ********************************************************************************
 267:Generated_Source\PSoC4/cyfitter_cfg.c **** *
 268:Generated_Source\PSoC4/cyfitter_cfg.c **** * Summary:
 269:Generated_Source\PSoC4/cyfitter_cfg.c **** *  Sets up the analog portions of the chip to default values based on chip
 270:Generated_Source\PSoC4/cyfitter_cfg.c **** *  configuration options from the project.
 271:Generated_Source\PSoC4/cyfitter_cfg.c **** *
 272:Generated_Source\PSoC4/cyfitter_cfg.c **** * Parameters:
 273:Generated_Source\PSoC4/cyfitter_cfg.c **** *  void
 274:Generated_Source\PSoC4/cyfitter_cfg.c **** *
 275:Generated_Source\PSoC4/cyfitter_cfg.c **** * Return:
 276:Generated_Source\PSoC4/cyfitter_cfg.c **** *  void
 277:Generated_Source\PSoC4/cyfitter_cfg.c **** *
 278:Generated_Source\PSoC4/cyfitter_cfg.c **** *******************************************************************************/
 279:Generated_Source\PSoC4/cyfitter_cfg.c **** static void AnalogSetDefault(void);
 280:Generated_Source\PSoC4/cyfitter_cfg.c **** static void AnalogSetDefault(void)
 281:Generated_Source\PSoC4/cyfitter_cfg.c **** {
 104              		.loc 1 281 0
 105              		.cfi_startproc
 106              		@ args = 0, pretend = 0, frame = 0
 107              		@ frame_needed = 0, uses_anonymous_args = 0
 108              		@ link register save eliminated.
 282:Generated_Source\PSoC4/cyfitter_cfg.c **** 	CY_SET_XTND_REG32((void CYFAR *)CYREG_CTBM0_DFT_CTRL, 0x00000003u);
 109              		.loc 1 282 0
 110 0000 0323     		movs	r3, #3
 111 0002 044A     		ldr	r2, .L7
 112 0004 1360     		str	r3, [r2]
 283:Generated_Source\PSoC4/cyfitter_cfg.c **** 	CY_SET_XTND_REG32((void CYFAR *)CYREG_CTBM1_DFT_CTRL, 0x00000003u);
 113              		.loc 1 283 0
ARM GAS  C:\Users\JANUSD~1\AppData\Local\Temp\ccQlSYZU.s 			page 8


 114 0006 044A     		ldr	r2, .L7+4
 115 0008 1360     		str	r3, [r2]
 284:Generated_Source\PSoC4/cyfitter_cfg.c **** 	CY_SET_XTND_REG32((void CYFAR *)CYREG_PASS_DSAB_DSAB_CTRL, 0x00000000u);
 116              		.loc 1 284 0
 117 000a 0022     		movs	r2, #0
 118 000c 034B     		ldr	r3, .L7+8
 119 000e 1A60     		str	r2, [r3]
 285:Generated_Source\PSoC4/cyfitter_cfg.c **** }
 120              		.loc 1 285 0
 121              		@ sp needed
 122 0010 7047     		bx	lr
 123              	.L8:
 124 0012 C046     		.align	2
 125              	.L7:
 126 0014 30003040 		.word	1076887600
 127 0018 30003140 		.word	1076953136
 128 001c 000E3F40 		.word	1077874176
 129              		.cfi_endproc
 130              	.LFE7:
 131              		.size	AnalogSetDefault, .-AnalogSetDefault
 132              		.section	.text.CYMEMZERO,"ax",%progbits
 133              		.align	2
 134              		.code	16
 135              		.thumb_func
 136              		.type	CYMEMZERO, %function
 137              	CYMEMZERO:
 138              	.LFB2:
  77:Generated_Source\PSoC4/cyfitter_cfg.c **** 	(void)memset(s, 0, n);
 139              		.loc 1 77 0
 140              		.cfi_startproc
 141              		@ args = 0, pretend = 0, frame = 0
 142              		@ frame_needed = 0, uses_anonymous_args = 0
 143              	.LVL12:
 144 0000 10B5     		push	{r4, lr}
 145              		.cfi_def_cfa_offset 8
 146              		.cfi_offset 4, -8
 147              		.cfi_offset 14, -4
 148 0002 0A00     		movs	r2, r1
  78:Generated_Source\PSoC4/cyfitter_cfg.c **** }
 149              		.loc 1 78 0
 150 0004 0021     		movs	r1, #0
 151              	.LVL13:
 152 0006 FFF7FEFF 		bl	memset
 153              	.LVL14:
  79:Generated_Source\PSoC4/cyfitter_cfg.c **** CY_CFG_UNUSED
 154              		.loc 1 79 0
 155              		@ sp needed
 156 000a 10BD     		pop	{r4, pc}
 157              		.cfi_endproc
 158              	.LFE2:
 159              		.size	CYMEMZERO, .-CYMEMZERO
 160              		.section	.psocinit,"ax",%progbits
 161              		.align	2
 162              		.code	16
 163              		.thumb_func
 164              		.type	ClockSetup, %function
 165              	ClockSetup:
ARM GAS  C:\Users\JANUSD~1\AppData\Local\Temp\ccQlSYZU.s 			page 9


 166              	.LFB6:
 212:Generated_Source\PSoC4/cyfitter_cfg.c **** 
 167              		.loc 1 212 0
 168              		.cfi_startproc
 169              		@ args = 0, pretend = 0, frame = 0
 170              		@ frame_needed = 0, uses_anonymous_args = 0
 171 0000 70B5     		push	{r4, r5, r6, lr}
 172              		.cfi_def_cfa_offset 16
 173              		.cfi_offset 4, -16
 174              		.cfi_offset 5, -12
 175              		.cfi_offset 6, -8
 176              		.cfi_offset 14, -4
 215:Generated_Source\PSoC4/cyfitter_cfg.c **** 
 177              		.loc 1 215 0
 178 0002 1222     		movs	r2, #18
 179 0004 224B     		ldr	r3, .L11
 180 0006 1A60     		str	r2, [r3]
 218:Generated_Source\PSoC4/cyfitter_cfg.c **** 	CyDelayCycles(12000000u); /* WCO may take up to 500ms to start */
 181              		.loc 1 218 0
 182 0008 FFF7FEFF 		bl	CySysClkWcoStart
 183              	.LVL15:
 219:Generated_Source\PSoC4/cyfitter_cfg.c **** 	(void)CySysClkWcoSetPowerMode(CY_SYS_CLK_WCO_LPM);    /* Switch to the low power mode */
 184              		.loc 1 219 0
 185 000c 2148     		ldr	r0, .L11+4
 186 000e FFF7FEFF 		bl	CyDelayCycles
 187              	.LVL16:
 220:Generated_Source\PSoC4/cyfitter_cfg.c **** 
 188              		.loc 1 220 0
 189 0012 0120     		movs	r0, #1
 190 0014 FFF7FEFF 		bl	CySysClkWcoSetPowerMode
 191              	.LVL17:
 223:Generated_Source\PSoC4/cyfitter_cfg.c **** 	/* CYDEV_CLK_ILO_CONFIG Starting address: CYDEV_CLK_ILO_CONFIG */
 192              		.loc 1 223 0
 193 0018 3020     		movs	r0, #48
 194 001a FFF7FEFF 		bl	CySysClkWriteImoFreq
 195              	.LVL18:
 225:Generated_Source\PSoC4/cyfitter_cfg.c **** 
 196              		.loc 1 225 0
 197 001e 1E4A     		ldr	r2, .L11+8
 198 0020 1E4B     		ldr	r3, .L11+12
 199 0022 1A60     		str	r2, [r3]
 228:Generated_Source\PSoC4/cyfitter_cfg.c **** 
 200              		.loc 1 228 0
 201 0024 1E4C     		ldr	r4, .L11+16
 202 0026 8025     		movs	r5, #128
 203 0028 ED05     		lsls	r5, r5, #23
 204 002a 2560     		str	r5, [r4]
 232:Generated_Source\PSoC4/cyfitter_cfg.c **** 	CY_SET_REG32((void *)(CYREG_BLE_BLERD_BB_XO_CAPTRIM), 0x00003E2Du);
 205              		.loc 1 232 0
 206 002c 1D4A     		ldr	r2, .L11+20
 207 002e 1168     		ldr	r1, [r2]
 208 0030 0223     		movs	r3, #2
 209 0032 0B43     		orrs	r3, r1
 210 0034 1360     		str	r3, [r2]
 233:Generated_Source\PSoC4/cyfitter_cfg.c **** 	/*Set XTAL(ECO) divider*/
 211              		.loc 1 233 0
 212 0036 1C4A     		ldr	r2, .L11+24
ARM GAS  C:\Users\JANUSD~1\AppData\Local\Temp\ccQlSYZU.s 			page 10


 213 0038 1C4B     		ldr	r3, .L11+28
 214 003a 1A60     		str	r2, [r3]
 235:Generated_Source\PSoC4/cyfitter_cfg.c **** 	/* Disable Crystal Stable Interrupt before enabling ECO */
 215              		.loc 1 235 0
 216 003c 0022     		movs	r2, #0
 217 003e 1C4B     		ldr	r3, .L11+32
 218 0040 1A60     		str	r2, [r3]
 237:Generated_Source\PSoC4/cyfitter_cfg.c **** 	/* Start the ECO and do not check status since it is not needed for HFCLK */
 219              		.loc 1 237 0
 220 0042 1C4A     		ldr	r2, .L11+36
 221 0044 1368     		ldr	r3, [r2]
 222 0046 0821     		movs	r1, #8
 223 0048 8B43     		bics	r3, r1
 224 004a 1360     		str	r3, [r2]
 239:Generated_Source\PSoC4/cyfitter_cfg.c **** 	CyDelayUs(1500u); /* Wait to stabilize */
 225              		.loc 1 239 0
 226 004c FA20     		movs	r0, #250
 227 004e C000     		lsls	r0, r0, #3
 228 0050 FFF7FEFF 		bl	CySysClkEcoStart
 229              	.LVL19:
 240:Generated_Source\PSoC4/cyfitter_cfg.c **** 
 230              		.loc 1 240 0
 231 0054 1848     		ldr	r0, .L11+40
 232 0056 FFF7FEFF 		bl	CyDelayUs
 233              	.LVL20:
 243:Generated_Source\PSoC4/cyfitter_cfg.c **** 	CY_SET_REG32((void *)CYREG_PERI_DIV_CMD, 0x8000FF40u);
 234              		.loc 1 243 0
 235 005a C022     		movs	r2, #192
 236 005c 9200     		lsls	r2, r2, #2
 237 005e 174B     		ldr	r3, .L11+44
 238 0060 1A60     		str	r2, [r3]
 244:Generated_Source\PSoC4/cyfitter_cfg.c **** 
 239              		.loc 1 244 0
 240 0062 174A     		ldr	r2, .L11+48
 241 0064 174B     		ldr	r3, .L11+52
 242 0066 1A60     		str	r2, [r3]
 247:Generated_Source\PSoC4/cyfitter_cfg.c **** 
 243              		.loc 1 247 0
 244 0068 8022     		movs	r2, #128
 245 006a 1206     		lsls	r2, r2, #24
 246 006c 164B     		ldr	r3, .L11+56
 247 006e 1A60     		str	r2, [r3]
 250:Generated_Source\PSoC4/cyfitter_cfg.c **** 
 248              		.loc 1 250 0
 249 0070 8022     		movs	r2, #128
 250 0072 D202     		lsls	r2, r2, #11
 251 0074 154B     		ldr	r3, .L11+60
 252 0076 1A60     		str	r2, [r3]
 253:Generated_Source\PSoC4/cyfitter_cfg.c **** 
 253              		.loc 1 253 0
 254 0078 4022     		movs	r2, #64
 255 007a 154B     		ldr	r3, .L11+64
 256 007c 1A60     		str	r2, [r3]
 255:Generated_Source\PSoC4/cyfitter_cfg.c **** 	CyIntEnable(8u);
 257              		.loc 1 255 0
 258 007e 1549     		ldr	r1, .L11+68
 259 0080 0820     		movs	r0, #8
ARM GAS  C:\Users\JANUSD~1\AppData\Local\Temp\ccQlSYZU.s 			page 11


 260 0082 FFF7FEFF 		bl	CyIntSetVector
 261              	.LVL21:
 256:Generated_Source\PSoC4/cyfitter_cfg.c **** 	CY_SET_REG32((void *)(CYREG_WDT_CONFIG), 0x40000000u);
 262              		.loc 1 256 0
 263 0086 0820     		movs	r0, #8
 264 0088 FFF7FEFF 		bl	CyIntEnable
 265              	.LVL22:
 257:Generated_Source\PSoC4/cyfitter_cfg.c **** }
 266              		.loc 1 257 0
 267 008c 2560     		str	r5, [r4]
 258:Generated_Source\PSoC4/cyfitter_cfg.c **** 
 268              		.loc 1 258 0
 269              		@ sp needed
 270 008e 70BD     		pop	{r4, r5, r6, pc}
 271              	.L12:
 272              		.align	2
 273              	.L11:
 274 0090 30001040 		.word	1074790448
 275 0094 001BB700 		.word	12000000
 276 0098 06000080 		.word	-2147483642
 277 009c 04010B40 		.word	1074462980
 278 00a0 0C020B40 		.word	1074463244
 279 00a4 78002E40 		.word	1076756600
 280 00a8 2D3E0000 		.word	15917
 281 00ac 7C002E40 		.word	1076756604
 282 00b0 64F02E40 		.word	1076818020
 283 00b4 6CF02E40 		.word	1076818028
 284 00b8 DC050000 		.word	1500
 285 00bc 00030140 		.word	1073808128
 286 00c0 40FF0080 		.word	-2147418304
 287 00c4 00000140 		.word	1073807360
 288 00c8 08010B40 		.word	1074462984
 289 00cc 00010B40 		.word	1074462976
 290 00d0 1C010140 		.word	1073807644
 291 00d4 00000000 		.word	CySysWdtIsr
 292              		.cfi_endproc
 293              	.LFE6:
 294              		.size	ClockSetup, .-ClockSetup
 295              		.align	2
 296              		.global	cyfitter_cfg
 297              		.code	16
 298              		.thumb_func
 299              		.type	cyfitter_cfg, %function
 300              	cyfitter_cfg:
 301              	.LFB8:
 286:Generated_Source\PSoC4/cyfitter_cfg.c **** 
 287:Generated_Source\PSoC4/cyfitter_cfg.c **** 
 288:Generated_Source\PSoC4/cyfitter_cfg.c **** 
 289:Generated_Source\PSoC4/cyfitter_cfg.c **** 
 290:Generated_Source\PSoC4/cyfitter_cfg.c **** /*******************************************************************************
 291:Generated_Source\PSoC4/cyfitter_cfg.c **** * Function Name: cyfitter_cfg
 292:Generated_Source\PSoC4/cyfitter_cfg.c **** ********************************************************************************
 293:Generated_Source\PSoC4/cyfitter_cfg.c **** * Summary:
 294:Generated_Source\PSoC4/cyfitter_cfg.c **** *  This function is called by the start-up code for the selected device. It
 295:Generated_Source\PSoC4/cyfitter_cfg.c **** *  performs all of the necessary device configuration based on the design
 296:Generated_Source\PSoC4/cyfitter_cfg.c **** *  settings.  This includes settings from the Design Wide Resources (DWR) such
 297:Generated_Source\PSoC4/cyfitter_cfg.c **** *  as Clocks and Pins as well as any component configuration that is necessary.
ARM GAS  C:\Users\JANUSD~1\AppData\Local\Temp\ccQlSYZU.s 			page 12


 298:Generated_Source\PSoC4/cyfitter_cfg.c **** *
 299:Generated_Source\PSoC4/cyfitter_cfg.c **** * Parameters:
 300:Generated_Source\PSoC4/cyfitter_cfg.c **** *   void
 301:Generated_Source\PSoC4/cyfitter_cfg.c **** *
 302:Generated_Source\PSoC4/cyfitter_cfg.c **** * Return:
 303:Generated_Source\PSoC4/cyfitter_cfg.c **** *   void
 304:Generated_Source\PSoC4/cyfitter_cfg.c **** *
 305:Generated_Source\PSoC4/cyfitter_cfg.c **** *******************************************************************************/
 306:Generated_Source\PSoC4/cyfitter_cfg.c **** CY_CFG_SECTION
 307:Generated_Source\PSoC4/cyfitter_cfg.c **** void cyfitter_cfg(void)
 308:Generated_Source\PSoC4/cyfitter_cfg.c **** {
 302              		.loc 1 308 0
 303              		.cfi_startproc
 304              		@ args = 0, pretend = 0, frame = 0
 305              		@ frame_needed = 0, uses_anonymous_args = 0
 306 00d8 10B5     		push	{r4, lr}
 307              		.cfi_def_cfa_offset 8
 308              		.cfi_offset 4, -8
 309              		.cfi_offset 14, -4
 309:Generated_Source\PSoC4/cyfitter_cfg.c **** 	/* Disable interrupts by default. Let user enable if/when they want. */
 310:Generated_Source\PSoC4/cyfitter_cfg.c **** 	CyGlobalIntDisable;
 310              		.loc 1 310 0
 311              		.syntax divided
 312              	@ 310 "Generated_Source\PSoC4\cyfitter_cfg.c" 1
 313 00da 72B6     		CPSID   i
 314              	@ 0 "" 2
 311:Generated_Source\PSoC4/cyfitter_cfg.c **** 
 312:Generated_Source\PSoC4/cyfitter_cfg.c **** 	CY_SET_REG32((void *)(CYREG_BLE_BLESS_LL_DSM_CTRL), 0x00000000u);
 315              		.loc 1 312 0
 316              		.thumb
 317              		.syntax unified
 318 00dc 0022     		movs	r2, #0
 319 00de 2A4B     		ldr	r3, .L16
 320 00e0 1A60     		str	r2, [r3]
 321              	.LVL23:
 322              	.LBB3:
 313:Generated_Source\PSoC4/cyfitter_cfg.c **** 
 314:Generated_Source\PSoC4/cyfitter_cfg.c **** 	{
 315:Generated_Source\PSoC4/cyfitter_cfg.c **** 		static const uint32 CYCODE cy_cfg_addr_table[] = {
 316:Generated_Source\PSoC4/cyfitter_cfg.c **** 			0x400F4206u, /* Base address: 0x400F4200 Count: 6 */
 317:Generated_Source\PSoC4/cyfitter_cfg.c **** 			0x400F4303u, /* Base address: 0x400F4300 Count: 3 */
 318:Generated_Source\PSoC4/cyfitter_cfg.c **** 			0x400F6002u, /* Base address: 0x400F6000 Count: 2 */
 319:Generated_Source\PSoC4/cyfitter_cfg.c **** 		};
 320:Generated_Source\PSoC4/cyfitter_cfg.c **** 
 321:Generated_Source\PSoC4/cyfitter_cfg.c **** 		static const cy_cfg_addrvalue_t CYCODE cy_cfg_data_table[] = {
 322:Generated_Source\PSoC4/cyfitter_cfg.c **** 			{0x11u, 0x01u},
 323:Generated_Source\PSoC4/cyfitter_cfg.c **** 			{0x18u, 0x10u},
 324:Generated_Source\PSoC4/cyfitter_cfg.c **** 			{0x5Du, 0x01u},
 325:Generated_Source\PSoC4/cyfitter_cfg.c **** 			{0xC4u, 0x08u},
 326:Generated_Source\PSoC4/cyfitter_cfg.c **** 			{0xC6u, 0x08u},
 327:Generated_Source\PSoC4/cyfitter_cfg.c **** 			{0xD6u, 0x01u},
 328:Generated_Source\PSoC4/cyfitter_cfg.c **** 			{0x60u, 0x10u},
 329:Generated_Source\PSoC4/cyfitter_cfg.c **** 			{0x90u, 0x10u},
 330:Generated_Source\PSoC4/cyfitter_cfg.c **** 			{0xD8u, 0x02u},
 331:Generated_Source\PSoC4/cyfitter_cfg.c **** 			{0x02u, 0x01u},
 332:Generated_Source\PSoC4/cyfitter_cfg.c **** 			{0x11u, 0x01u},
 333:Generated_Source\PSoC4/cyfitter_cfg.c **** 		};
ARM GAS  C:\Users\JANUSD~1\AppData\Local\Temp\ccQlSYZU.s 			page 13


 334:Generated_Source\PSoC4/cyfitter_cfg.c **** 
 335:Generated_Source\PSoC4/cyfitter_cfg.c **** 
 336:Generated_Source\PSoC4/cyfitter_cfg.c **** 
 337:Generated_Source\PSoC4/cyfitter_cfg.c **** 		CYPACKED typedef struct {
 338:Generated_Source\PSoC4/cyfitter_cfg.c **** 			void CYFAR *address;
 339:Generated_Source\PSoC4/cyfitter_cfg.c **** 			uint16 size;
 340:Generated_Source\PSoC4/cyfitter_cfg.c **** 		} CYPACKED_ATTR cfg_memset_t;
 341:Generated_Source\PSoC4/cyfitter_cfg.c **** 
 342:Generated_Source\PSoC4/cyfitter_cfg.c **** 		static const cfg_memset_t CYCODE cfg_memset_list[] = {
 343:Generated_Source\PSoC4/cyfitter_cfg.c **** 			/* address, size */
 344:Generated_Source\PSoC4/cyfitter_cfg.c **** 			{(void CYFAR *)(CYDEV_UDB_P0_U0_BASE), 1024u},
 345:Generated_Source\PSoC4/cyfitter_cfg.c **** 			{(void CYFAR *)(CYDEV_UDB_DSI0_BASE), 1024u},
 346:Generated_Source\PSoC4/cyfitter_cfg.c **** 		};
 347:Generated_Source\PSoC4/cyfitter_cfg.c **** 
 348:Generated_Source\PSoC4/cyfitter_cfg.c **** 		uint8 CYDATA i;
 349:Generated_Source\PSoC4/cyfitter_cfg.c **** 
 350:Generated_Source\PSoC4/cyfitter_cfg.c **** 		/* Zero out critical memory blocks before beginning configuration */
 351:Generated_Source\PSoC4/cyfitter_cfg.c **** 		for (i = 0u; i < (sizeof(cfg_memset_list)/sizeof(cfg_memset_list[0])); i++)
 323              		.loc 1 351 0
 324 00e2 0024     		movs	r4, #0
 325 00e4 0FE0     		b	.L14
 326              	.LVL24:
 327              	.L15:
 328              	.LBB4:
 352:Generated_Source\PSoC4/cyfitter_cfg.c **** 		{
 353:Generated_Source\PSoC4/cyfitter_cfg.c **** 			const cfg_memset_t CYCODE * CYDATA ms = &cfg_memset_list[i];
 354:Generated_Source\PSoC4/cyfitter_cfg.c **** 			CYMEMZERO(ms->address, (size_t)(uint32)(ms->size));
 329              		.loc 1 354 0 discriminator 3
 330 00e6 2948     		ldr	r0, .L16+4
 331 00e8 6200     		lsls	r2, r4, #1
 332 00ea 1319     		adds	r3, r2, r4
 333 00ec 5900     		lsls	r1, r3, #1
 334 00ee 0B00     		movs	r3, r1
 335 00f0 4118     		adds	r1, r0, r1
 336 00f2 8988     		ldrh	r1, [r1, #4]
 337 00f4 1A5A     		ldrh	r2, [r3, r0]
 338 00f6 C318     		adds	r3, r0, r3
 339 00f8 5888     		ldrh	r0, [r3, #2]
 340 00fa 0004     		lsls	r0, r0, #16
 341 00fc 1043     		orrs	r0, r2
 342 00fe FFF7FEFF 		bl	CYMEMZERO
 343              	.LVL25:
 344              	.LBE4:
 351:Generated_Source\PSoC4/cyfitter_cfg.c **** 		{
 345              		.loc 1 351 0 discriminator 3
 346 0102 0134     		adds	r4, r4, #1
 347              	.LVL26:
 348 0104 E4B2     		uxtb	r4, r4
 349              	.LVL27:
 350              	.L14:
 351:Generated_Source\PSoC4/cyfitter_cfg.c **** 		{
 351              		.loc 1 351 0 is_stmt 0 discriminator 1
 352 0106 012C     		cmp	r4, #1
 353 0108 EDD9     		bls	.L15
 355:Generated_Source\PSoC4/cyfitter_cfg.c **** 		}
 356:Generated_Source\PSoC4/cyfitter_cfg.c **** 
 357:Generated_Source\PSoC4/cyfitter_cfg.c **** 		cfg_write_bytes32(cy_cfg_addr_table, cy_cfg_data_table);
ARM GAS  C:\Users\JANUSD~1\AppData\Local\Temp\ccQlSYZU.s 			page 14


 354              		.loc 1 357 0 is_stmt 1
 355 010a 2048     		ldr	r0, .L16+4
 356 010c 0100     		movs	r1, r0
 357 010e 0C31     		adds	r1, r1, #12
 358 0110 2430     		adds	r0, r0, #36
 359 0112 FFF7FEFF 		bl	cfg_write_bytes32
 360              	.LVL28:
 358:Generated_Source\PSoC4/cyfitter_cfg.c **** 
 359:Generated_Source\PSoC4/cyfitter_cfg.c **** 		/* HSIOM Starting address: CYDEV_HSIOM_BASE */
 360:Generated_Source\PSoC4/cyfitter_cfg.c **** 		CY_SET_REG32((void *)(CYDEV_HSIOM_BASE), 0xEE000000u);
 361              		.loc 1 360 0
 362 0116 EE22     		movs	r2, #238
 363 0118 1206     		lsls	r2, r2, #24
 364 011a 1D4B     		ldr	r3, .L16+8
 365 011c 1A60     		str	r2, [r3]
 361:Generated_Source\PSoC4/cyfitter_cfg.c **** 		CY_SET_REG32((void *)(CYREG_HSIOM_PORT_SEL2), 0x03000000u);
 366              		.loc 1 361 0
 367 011e C023     		movs	r3, #192
 368 0120 9B04     		lsls	r3, r3, #18
 369 0122 1C4A     		ldr	r2, .L16+12
 370 0124 1360     		str	r3, [r2]
 362:Generated_Source\PSoC4/cyfitter_cfg.c **** 		CY_SET_REG32((void *)(CYREG_HSIOM_PORT_SEL3), 0x03000000u);
 371              		.loc 1 362 0
 372 0126 1C4A     		ldr	r2, .L16+16
 373 0128 1360     		str	r3, [r2]
 363:Generated_Source\PSoC4/cyfitter_cfg.c **** 
 364:Generated_Source\PSoC4/cyfitter_cfg.c **** 		/* UDB_PA_0 Starting address: CYDEV_UDB_PA0_BASE */
 365:Generated_Source\PSoC4/cyfitter_cfg.c **** 		CY_SET_REG32((void *)(CYDEV_UDB_PA0_BASE), 0x00990000u);
 374              		.loc 1 365 0
 375 012a 9923     		movs	r3, #153
 376 012c 1B04     		lsls	r3, r3, #16
 377 012e 1B4A     		ldr	r2, .L16+20
 378 0130 1360     		str	r3, [r2]
 366:Generated_Source\PSoC4/cyfitter_cfg.c **** 
 367:Generated_Source\PSoC4/cyfitter_cfg.c **** 		/* UDB_PA_2 Starting address: CYDEV_UDB_PA2_BASE */
 368:Generated_Source\PSoC4/cyfitter_cfg.c **** 		CY_SET_REG32((void *)(CYDEV_UDB_PA2_BASE), 0x00990000u);
 379              		.loc 1 368 0
 380 0132 1B4A     		ldr	r2, .L16+24
 381 0134 1360     		str	r3, [r2]
 369:Generated_Source\PSoC4/cyfitter_cfg.c **** 		CY_SET_REG32((void *)(CYREG_UDB_PA2_CFG4), 0x80000000u);
 382              		.loc 1 369 0
 383 0136 8021     		movs	r1, #128
 384 0138 0906     		lsls	r1, r1, #24
 385 013a 1A4A     		ldr	r2, .L16+28
 386 013c 1160     		str	r1, [r2]
 370:Generated_Source\PSoC4/cyfitter_cfg.c **** 		CY_SET_REG32((void *)(CYREG_UDB_PA2_CFG8), 0x10000000u);
 387              		.loc 1 370 0
 388 013e 8021     		movs	r1, #128
 389 0140 4905     		lsls	r1, r1, #21
 390 0142 194A     		ldr	r2, .L16+32
 391 0144 1160     		str	r1, [r2]
 371:Generated_Source\PSoC4/cyfitter_cfg.c **** 
 372:Generated_Source\PSoC4/cyfitter_cfg.c **** 		/* UDB_PA_3 Starting address: CYDEV_UDB_PA3_BASE */
 373:Generated_Source\PSoC4/cyfitter_cfg.c **** 		CY_SET_REG32((void *)(CYDEV_UDB_PA3_BASE), 0x00990000u);
 392              		.loc 1 373 0
 393 0146 194A     		ldr	r2, .L16+36
 394 0148 1360     		str	r3, [r2]
ARM GAS  C:\Users\JANUSD~1\AppData\Local\Temp\ccQlSYZU.s 			page 15


 374:Generated_Source\PSoC4/cyfitter_cfg.c **** 		CY_SET_REG32((void *)(CYREG_UDB_PA3_CFG8), 0x20000000u);
 395              		.loc 1 374 0
 396 014a 8022     		movs	r2, #128
 397 014c 9205     		lsls	r2, r2, #22
 398 014e 184B     		ldr	r3, .L16+40
 399 0150 1A60     		str	r2, [r3]
 375:Generated_Source\PSoC4/cyfitter_cfg.c **** 
 376:Generated_Source\PSoC4/cyfitter_cfg.c **** 		/* Enable digital routing */
 377:Generated_Source\PSoC4/cyfitter_cfg.c **** 		CY_SET_XTND_REG8((void *)CYREG_UDB_UDBIF_BANK_CTL, (uint8)(CY_GET_XTND_REG8((void *)CYREG_UDB_UDB
 400              		.loc 1 377 0
 401 0152 184A     		ldr	r2, .L16+44
 402 0154 1178     		ldrb	r1, [r2]
 403 0156 0623     		movs	r3, #6
 404 0158 0B43     		orrs	r3, r1
 405 015a DBB2     		uxtb	r3, r3
 406 015c 1370     		strb	r3, [r2]
 407              	.LBE3:
 378:Generated_Source\PSoC4/cyfitter_cfg.c **** 	}
 379:Generated_Source\PSoC4/cyfitter_cfg.c **** 
 380:Generated_Source\PSoC4/cyfitter_cfg.c **** 	/* Perform second pass device configuration. These items must be configured in specific order afte
 381:Generated_Source\PSoC4/cyfitter_cfg.c **** 	/* IOPINS0_0 Starting address: CYDEV_GPIO_PRT0_BASE */
 382:Generated_Source\PSoC4/cyfitter_cfg.c **** 	CY_SET_REG32((void *)(CYREG_GPIO_PRT0_PC), 0x00D80000u);
 408              		.loc 1 382 0
 409 015e D823     		movs	r3, #216
 410 0160 1B04     		lsls	r3, r3, #16
 411 0162 154A     		ldr	r2, .L16+48
 412 0164 1360     		str	r3, [r2]
 383:Generated_Source\PSoC4/cyfitter_cfg.c **** 
 384:Generated_Source\PSoC4/cyfitter_cfg.c **** 	/* IOPINS0_2 Starting address: CYDEV_GPIO_PRT2_BASE */
 385:Generated_Source\PSoC4/cyfitter_cfg.c **** 	CY_SET_REG32((void *)(CYDEV_GPIO_PRT2_BASE), 0x000000C0u);
 413              		.loc 1 385 0
 414 0166 C022     		movs	r2, #192
 415 0168 1449     		ldr	r1, .L16+52
 416 016a 0A60     		str	r2, [r1]
 386:Generated_Source\PSoC4/cyfitter_cfg.c **** 	CY_SET_REG32((void *)(CYREG_GPIO_PRT2_PC), 0x00580000u);
 417              		.loc 1 386 0
 418 016c B020     		movs	r0, #176
 419 016e C003     		lsls	r0, r0, #15
 420 0170 1349     		ldr	r1, .L16+56
 421 0172 0860     		str	r0, [r1]
 387:Generated_Source\PSoC4/cyfitter_cfg.c **** 
 388:Generated_Source\PSoC4/cyfitter_cfg.c **** 	/* IOPINS0_3 Starting address: CYDEV_GPIO_PRT3_BASE */
 389:Generated_Source\PSoC4/cyfitter_cfg.c **** 	CY_SET_REG32((void *)(CYDEV_GPIO_PRT3_BASE), 0x000000C0u);
 422              		.loc 1 389 0
 423 0174 1349     		ldr	r1, .L16+60
 424 0176 0A60     		str	r2, [r1]
 390:Generated_Source\PSoC4/cyfitter_cfg.c **** 	CY_SET_REG32((void *)(CYREG_GPIO_PRT3_PC), 0x00D80000u);
 425              		.loc 1 390 0
 426 0178 134A     		ldr	r2, .L16+64
 427 017a 1360     		str	r3, [r2]
 391:Generated_Source\PSoC4/cyfitter_cfg.c **** 
 392:Generated_Source\PSoC4/cyfitter_cfg.c **** 
 393:Generated_Source\PSoC4/cyfitter_cfg.c **** 	/* Setup clocks based on selections from Clock DWR */
 394:Generated_Source\PSoC4/cyfitter_cfg.c **** 	ClockSetup();
 428              		.loc 1 394 0
 429 017c FFF740FF 		bl	ClockSetup
 430              	.LVL29:
ARM GAS  C:\Users\JANUSD~1\AppData\Local\Temp\ccQlSYZU.s 			page 16


 395:Generated_Source\PSoC4/cyfitter_cfg.c **** 
 396:Generated_Source\PSoC4/cyfitter_cfg.c **** 	/* Perform basic analog initialization to defaults */
 397:Generated_Source\PSoC4/cyfitter_cfg.c **** 	AnalogSetDefault();
 431              		.loc 1 397 0
 432 0180 FFF7FEFF 		bl	AnalogSetDefault
 433              	.LVL30:
 398:Generated_Source\PSoC4/cyfitter_cfg.c **** 
 399:Generated_Source\PSoC4/cyfitter_cfg.c **** }
 434              		.loc 1 399 0
 435              		@ sp needed
 436              	.LVL31:
 437 0184 10BD     		pop	{r4, pc}
 438              	.L17:
 439 0186 C046     		.align	2
 440              	.L16:
 441 0188 6CF02E40 		.word	1076818028
 442 018c 00000000 		.word	.LANCHOR0
 443 0190 00000240 		.word	1073872896
 444 0194 00020240 		.word	1073873408
 445 0198 00030240 		.word	1073873664
 446 019c 00500F40 		.word	1074745344
 447 01a0 20500F40 		.word	1074745376
 448 01a4 24500F40 		.word	1074745380
 449 01a8 28500F40 		.word	1074745384
 450 01ac 30500F40 		.word	1074745392
 451 01b0 38500F40 		.word	1074745400
 452 01b4 00700F40 		.word	1074753536
 453 01b8 08000440 		.word	1074003976
 454 01bc 00020440 		.word	1074004480
 455 01c0 08020440 		.word	1074004488
 456 01c4 00030440 		.word	1074004736
 457 01c8 08030440 		.word	1074004744
 458              		.cfi_endproc
 459              	.LFE8:
 460              		.size	cyfitter_cfg, .-cyfitter_cfg
 461              		.section	.rodata
 462              		.align	2
 463              		.set	.LANCHOR0,. + 0
 464              		.type	cfg_memset_list.4916, %object
 465              		.size	cfg_memset_list.4916, 12
 466              	cfg_memset_list.4916:
 467 0000 00300F40 		.word	1074737152
 468 0004 0004     		.short	1024
 469 0006 00400F40 		.4byte	1074741248
 470 000a 0004     		.short	1024
 471              		.type	cy_cfg_data_table.4911, %object
 472              		.size	cy_cfg_data_table.4911, 22
 473              	cy_cfg_data_table.4911:
 474 000c 11       		.byte	17
 475 000d 01       		.byte	1
 476 000e 18       		.byte	24
 477 000f 10       		.byte	16
 478 0010 5D       		.byte	93
 479 0011 01       		.byte	1
 480 0012 C4       		.byte	-60
 481 0013 08       		.byte	8
 482 0014 C6       		.byte	-58
ARM GAS  C:\Users\JANUSD~1\AppData\Local\Temp\ccQlSYZU.s 			page 17


 483 0015 08       		.byte	8
 484 0016 D6       		.byte	-42
 485 0017 01       		.byte	1
 486 0018 60       		.byte	96
 487 0019 10       		.byte	16
 488 001a 90       		.byte	-112
 489 001b 10       		.byte	16
 490 001c D8       		.byte	-40
 491 001d 02       		.byte	2
 492 001e 02       		.byte	2
 493 001f 01       		.byte	1
 494 0020 11       		.byte	17
 495 0021 01       		.byte	1
 496 0022 0000     		.space	2
 497              		.type	cy_cfg_addr_table.4910, %object
 498              		.size	cy_cfg_addr_table.4910, 12
 499              	cy_cfg_addr_table.4910:
 500 0024 06420F40 		.word	1074741766
 501 0028 03430F40 		.word	1074742019
 502 002c 02600F40 		.word	1074749442
 503              		.text
 504              	.Letext0:
 505              		.file 2 "c:\\program files (x86)\\cypress\\psoc creator\\4.2\\psoc creator\\import\\gnu\\arm\\5.4.
 506              		.file 3 "Generated_Source\\PSoC4\\cytypes.h"
 507              		.file 4 "Generated_Source\\PSoC4\\CyLFClk.h"
 508              		.file 5 "Generated_Source\\PSoC4\\CyLib.h"
 509              		.section	.debug_info,"",%progbits
 510              	.Ldebug_info0:
 511 0000 4C040000 		.4byte	0x44c
 512 0004 0400     		.2byte	0x4
 513 0006 00000000 		.4byte	.Ldebug_abbrev0
 514 000a 04       		.byte	0x4
 515 000b 01       		.uleb128 0x1
 516 000c AD010000 		.4byte	.LASF44
 517 0010 0C       		.byte	0xc
 518 0011 F5020000 		.4byte	.LASF45
 519 0015 C6000000 		.4byte	.LASF46
 520 0019 00000000 		.4byte	.Ldebug_ranges0+0
 521 001d 00000000 		.4byte	0
 522 0021 00000000 		.4byte	.Ldebug_line0
 523 0025 02       		.uleb128 0x2
 524 0026 04       		.byte	0x4
 525 0027 05       		.byte	0x5
 526 0028 696E7400 		.ascii	"int\000"
 527 002c 03       		.uleb128 0x3
 528 002d 14000000 		.4byte	.LASF12
 529 0031 02       		.byte	0x2
 530 0032 D8       		.byte	0xd8
 531 0033 37000000 		.4byte	0x37
 532 0037 04       		.uleb128 0x4
 533 0038 04       		.byte	0x4
 534 0039 07       		.byte	0x7
 535 003a 74010000 		.4byte	.LASF0
 536 003e 04       		.uleb128 0x4
 537 003f 08       		.byte	0x8
 538 0040 05       		.byte	0x5
 539 0041 6D020000 		.4byte	.LASF1
ARM GAS  C:\Users\JANUSD~1\AppData\Local\Temp\ccQlSYZU.s 			page 18


 540 0045 04       		.uleb128 0x4
 541 0046 08       		.byte	0x8
 542 0047 04       		.byte	0x4
 543 0048 DD020000 		.4byte	.LASF2
 544 004c 04       		.uleb128 0x4
 545 004d 01       		.byte	0x1
 546 004e 06       		.byte	0x6
 547 004f E9020000 		.4byte	.LASF3
 548 0053 04       		.uleb128 0x4
 549 0054 01       		.byte	0x1
 550 0055 08       		.byte	0x8
 551 0056 16010000 		.4byte	.LASF4
 552 005a 04       		.uleb128 0x4
 553 005b 02       		.byte	0x2
 554 005c 05       		.byte	0x5
 555 005d B5020000 		.4byte	.LASF5
 556 0061 04       		.uleb128 0x4
 557 0062 02       		.byte	0x2
 558 0063 07       		.byte	0x7
 559 0064 5A020000 		.4byte	.LASF6
 560 0068 04       		.uleb128 0x4
 561 0069 04       		.byte	0x4
 562 006a 05       		.byte	0x5
 563 006b D4020000 		.4byte	.LASF7
 564 006f 04       		.uleb128 0x4
 565 0070 04       		.byte	0x4
 566 0071 07       		.byte	0x7
 567 0072 AE000000 		.4byte	.LASF8
 568 0076 04       		.uleb128 0x4
 569 0077 08       		.byte	0x8
 570 0078 07       		.byte	0x7
 571 0079 96010000 		.4byte	.LASF9
 572 007d 04       		.uleb128 0x4
 573 007e 04       		.byte	0x4
 574 007f 07       		.byte	0x7
 575 0080 51020000 		.4byte	.LASF10
 576 0084 05       		.uleb128 0x5
 577 0085 04       		.byte	0x4
 578 0086 04       		.uleb128 0x4
 579 0087 01       		.byte	0x1
 580 0088 08       		.byte	0x8
 581 0089 85020000 		.4byte	.LASF11
 582 008d 06       		.uleb128 0x6
 583 008e C0000000 		.4byte	.LASF13
 584 0092 03       		.byte	0x3
 585 0093 E401     		.2byte	0x1e4
 586 0095 53000000 		.4byte	0x53
 587 0099 06       		.uleb128 0x6
 588 009a 5B010000 		.4byte	.LASF14
 589 009e 03       		.byte	0x3
 590 009f E501     		.2byte	0x1e5
 591 00a1 61000000 		.4byte	0x61
 592 00a5 06       		.uleb128 0x6
 593 00a6 6D010000 		.4byte	.LASF15
 594 00aa 03       		.byte	0x3
 595 00ab E601     		.2byte	0x1e6
 596 00ad 6F000000 		.4byte	0x6f
ARM GAS  C:\Users\JANUSD~1\AppData\Local\Temp\ccQlSYZU.s 			page 19


 597 00b1 04       		.uleb128 0x4
 598 00b2 04       		.byte	0x4
 599 00b3 04       		.byte	0x4
 600 00b4 76000000 		.4byte	.LASF16
 601 00b8 04       		.uleb128 0x4
 602 00b9 08       		.byte	0x8
 603 00ba 04       		.byte	0x4
 604 00bb 2B010000 		.4byte	.LASF17
 605 00bf 06       		.uleb128 0x6
 606 00c0 A9000000 		.4byte	.LASF18
 607 00c4 03       		.byte	0x3
 608 00c5 8E02     		.2byte	0x28e
 609 00c7 CB000000 		.4byte	0xcb
 610 00cb 07       		.uleb128 0x7
 611 00cc 8D000000 		.4byte	0x8d
 612 00d0 06       		.uleb128 0x6
 613 00d1 0E000000 		.4byte	.LASF19
 614 00d5 03       		.byte	0x3
 615 00d6 9002     		.2byte	0x290
 616 00d8 DC000000 		.4byte	0xdc
 617 00dc 07       		.uleb128 0x7
 618 00dd A5000000 		.4byte	0xa5
 619 00e1 08       		.uleb128 0x8
 620 00e2 02       		.byte	0x2
 621 00e3 01       		.byte	0x1
 622 00e4 97       		.byte	0x97
 623 00e5 02010000 		.4byte	0x102
 624 00e9 09       		.uleb128 0x9
 625 00ea AE020000 		.4byte	.LASF20
 626 00ee 01       		.byte	0x1
 627 00ef 99       		.byte	0x99
 628 00f0 8D000000 		.4byte	0x8d
 629 00f4 00       		.byte	0
 630 00f5 09       		.uleb128 0x9
 631 00f6 3B000000 		.4byte	.LASF21
 632 00fa 01       		.byte	0x1
 633 00fb 9A       		.byte	0x9a
 634 00fc 8D000000 		.4byte	0x8d
 635 0100 01       		.byte	0x1
 636 0101 00       		.byte	0
 637 0102 03       		.uleb128 0x3
 638 0103 9B020000 		.4byte	.LASF22
 639 0107 01       		.byte	0x1
 640 0108 9B       		.byte	0x9b
 641 0109 E1000000 		.4byte	0xe1
 642 010d 0A       		.uleb128 0xa
 643 010e 32010000 		.4byte	.LASF27
 644 0112 01       		.byte	0x1
 645 0113 AE       		.byte	0xae
 646 0114 00000000 		.4byte	.LFB5
 647 0118 32000000 		.4byte	.LFE5-.LFB5
 648 011c 01       		.uleb128 0x1
 649 011d 9C       		.byte	0x9c
 650 011e 7F010000 		.4byte	0x17f
 651 0122 0B       		.uleb128 0xb
 652 0123 50010000 		.4byte	.LASF23
 653 0127 01       		.byte	0x1
ARM GAS  C:\Users\JANUSD~1\AppData\Local\Temp\ccQlSYZU.s 			page 20


 654 0128 AE       		.byte	0xae
 655 0129 7F010000 		.4byte	0x17f
 656 012d 01       		.uleb128 0x1
 657 012e 50       		.byte	0x50
 658 012f 0B       		.uleb128 0xb
 659 0130 62010000 		.4byte	.LASF24
 660 0134 01       		.byte	0x1
 661 0135 AE       		.byte	0xae
 662 0136 8A010000 		.4byte	0x18a
 663 013a 01       		.uleb128 0x1
 664 013b 51       		.byte	0x51
 665 013c 0C       		.uleb128 0xc
 666 013d 6900     		.ascii	"i\000"
 667 013f 01       		.byte	0x1
 668 0140 B1       		.byte	0xb1
 669 0141 A5000000 		.4byte	0xa5
 670 0145 00000000 		.4byte	.LLST0
 671 0149 0C       		.uleb128 0xc
 672 014a 6A00     		.ascii	"j\000"
 673 014c 01       		.byte	0x1
 674 014d B1       		.byte	0xb1
 675 014e A5000000 		.4byte	0xa5
 676 0152 1F000000 		.4byte	.LLST1
 677 0156 0D       		.uleb128 0xd
 678 0157 08000000 		.4byte	.LBB2
 679 015b 22000000 		.4byte	.LBE2-.LBB2
 680 015f 0E       		.uleb128 0xe
 681 0160 48020000 		.4byte	.LASF25
 682 0164 01       		.byte	0x1
 683 0165 B4       		.byte	0xb4
 684 0166 A5000000 		.4byte	0xa5
 685 016a 3E000000 		.4byte	.LLST2
 686 016e 0E       		.uleb128 0xe
 687 016f 41000000 		.4byte	.LASF26
 688 0173 01       		.byte	0x1
 689 0174 B5       		.byte	0xb5
 690 0175 8D000000 		.4byte	0x8d
 691 0179 51000000 		.4byte	.LLST3
 692 017d 00       		.byte	0
 693 017e 00       		.byte	0
 694 017f 0F       		.uleb128 0xf
 695 0180 04       		.byte	0x4
 696 0181 85010000 		.4byte	0x185
 697 0185 10       		.uleb128 0x10
 698 0186 A5000000 		.4byte	0xa5
 699 018a 0F       		.uleb128 0xf
 700 018b 04       		.byte	0x4
 701 018c 90010000 		.4byte	0x190
 702 0190 10       		.uleb128 0x10
 703 0191 02010000 		.4byte	0x102
 704 0195 11       		.uleb128 0x11
 705 0196 1B000000 		.4byte	.LASF47
 706 019a 01       		.byte	0x1
 707 019b 1801     		.2byte	0x118
 708 019d 00000000 		.4byte	.LFB7
 709 01a1 20000000 		.4byte	.LFE7-.LFB7
 710 01a5 01       		.uleb128 0x1
ARM GAS  C:\Users\JANUSD~1\AppData\Local\Temp\ccQlSYZU.s 			page 21


 711 01a6 9C       		.byte	0x9c
 712 01a7 0A       		.uleb128 0xa
 713 01a8 0C010000 		.4byte	.LASF28
 714 01ac 01       		.byte	0x1
 715 01ad 4C       		.byte	0x4c
 716 01ae 00000000 		.4byte	.LFB2
 717 01b2 0C000000 		.4byte	.LFE2-.LFB2
 718 01b6 01       		.uleb128 0x1
 719 01b7 9C       		.byte	0x9c
 720 01b8 F4010000 		.4byte	0x1f4
 721 01bc 12       		.uleb128 0x12
 722 01bd 7300     		.ascii	"s\000"
 723 01bf 01       		.byte	0x1
 724 01c0 4C       		.byte	0x4c
 725 01c1 84000000 		.4byte	0x84
 726 01c5 6F000000 		.4byte	.LLST4
 727 01c9 12       		.uleb128 0x12
 728 01ca 6E00     		.ascii	"n\000"
 729 01cc 01       		.byte	0x1
 730 01cd 4C       		.byte	0x4c
 731 01ce 2C000000 		.4byte	0x2c
 732 01d2 90000000 		.4byte	.LLST5
 733 01d6 13       		.uleb128 0x13
 734 01d7 0A000000 		.4byte	.LVL14
 735 01db EE030000 		.4byte	0x3ee
 736 01df 14       		.uleb128 0x14
 737 01e0 01       		.uleb128 0x1
 738 01e1 50       		.byte	0x50
 739 01e2 03       		.uleb128 0x3
 740 01e3 F3       		.byte	0xf3
 741 01e4 01       		.uleb128 0x1
 742 01e5 50       		.byte	0x50
 743 01e6 14       		.uleb128 0x14
 744 01e7 01       		.uleb128 0x1
 745 01e8 51       		.byte	0x51
 746 01e9 01       		.uleb128 0x1
 747 01ea 30       		.byte	0x30
 748 01eb 14       		.uleb128 0x14
 749 01ec 01       		.uleb128 0x1
 750 01ed 52       		.byte	0x52
 751 01ee 03       		.uleb128 0x3
 752 01ef F3       		.byte	0xf3
 753 01f0 01       		.uleb128 0x1
 754 01f1 51       		.byte	0x51
 755 01f2 00       		.byte	0
 756 01f3 00       		.byte	0
 757 01f4 0A       		.uleb128 0xa
 758 01f5 47000000 		.4byte	.LASF29
 759 01f9 01       		.byte	0x1
 760 01fa D3       		.byte	0xd3
 761 01fb 00000000 		.4byte	.LFB6
 762 01ff D8000000 		.4byte	.LFE6-.LFB6
 763 0203 01       		.uleb128 0x1
 764 0204 9C       		.byte	0x9c
 765 0205 9D020000 		.4byte	0x29d
 766 0209 15       		.uleb128 0x15
 767 020a 0C000000 		.4byte	.LVL15
ARM GAS  C:\Users\JANUSD~1\AppData\Local\Temp\ccQlSYZU.s 			page 22


 768 020e F7030000 		.4byte	0x3f7
 769 0212 16       		.uleb128 0x16
 770 0213 12000000 		.4byte	.LVL16
 771 0217 02040000 		.4byte	0x402
 772 021b 29020000 		.4byte	0x229
 773 021f 14       		.uleb128 0x14
 774 0220 01       		.uleb128 0x1
 775 0221 50       		.byte	0x50
 776 0222 05       		.uleb128 0x5
 777 0223 0C       		.byte	0xc
 778 0224 001BB700 		.4byte	0xb71b00
 779 0228 00       		.byte	0
 780 0229 16       		.uleb128 0x16
 781 022a 18000000 		.4byte	.LVL17
 782 022e 0D040000 		.4byte	0x40d
 783 0232 3C020000 		.4byte	0x23c
 784 0236 14       		.uleb128 0x14
 785 0237 01       		.uleb128 0x1
 786 0238 50       		.byte	0x50
 787 0239 01       		.uleb128 0x1
 788 023a 31       		.byte	0x31
 789 023b 00       		.byte	0
 790 023c 16       		.uleb128 0x16
 791 023d 1E000000 		.4byte	.LVL18
 792 0241 18040000 		.4byte	0x418
 793 0245 50020000 		.4byte	0x250
 794 0249 14       		.uleb128 0x14
 795 024a 01       		.uleb128 0x1
 796 024b 50       		.byte	0x50
 797 024c 02       		.uleb128 0x2
 798 024d 08       		.byte	0x8
 799 024e 30       		.byte	0x30
 800 024f 00       		.byte	0
 801 0250 16       		.uleb128 0x16
 802 0251 54000000 		.4byte	.LVL19
 803 0255 23040000 		.4byte	0x423
 804 0259 65020000 		.4byte	0x265
 805 025d 14       		.uleb128 0x14
 806 025e 01       		.uleb128 0x1
 807 025f 50       		.byte	0x50
 808 0260 03       		.uleb128 0x3
 809 0261 0A       		.byte	0xa
 810 0262 D007     		.2byte	0x7d0
 811 0264 00       		.byte	0
 812 0265 16       		.uleb128 0x16
 813 0266 5A000000 		.4byte	.LVL20
 814 026a 2E040000 		.4byte	0x42e
 815 026e 7A020000 		.4byte	0x27a
 816 0272 14       		.uleb128 0x14
 817 0273 01       		.uleb128 0x1
 818 0274 50       		.byte	0x50
 819 0275 03       		.uleb128 0x3
 820 0276 0A       		.byte	0xa
 821 0277 DC05     		.2byte	0x5dc
 822 0279 00       		.byte	0
 823 027a 16       		.uleb128 0x16
 824 027b 86000000 		.4byte	.LVL21
ARM GAS  C:\Users\JANUSD~1\AppData\Local\Temp\ccQlSYZU.s 			page 23


 825 027f 39040000 		.4byte	0x439
 826 0283 8D020000 		.4byte	0x28d
 827 0287 14       		.uleb128 0x14
 828 0288 01       		.uleb128 0x1
 829 0289 50       		.byte	0x50
 830 028a 01       		.uleb128 0x1
 831 028b 38       		.byte	0x38
 832 028c 00       		.byte	0
 833 028d 13       		.uleb128 0x13
 834 028e 8C000000 		.4byte	.LVL22
 835 0292 44040000 		.4byte	0x444
 836 0296 14       		.uleb128 0x14
 837 0297 01       		.uleb128 0x1
 838 0298 50       		.byte	0x50
 839 0299 01       		.uleb128 0x1
 840 029a 38       		.byte	0x38
 841 029b 00       		.byte	0
 842 029c 00       		.byte	0
 843 029d 17       		.uleb128 0x17
 844 029e 81010000 		.4byte	.LASF48
 845 02a2 01       		.byte	0x1
 846 02a3 3301     		.2byte	0x133
 847 02a5 D8000000 		.4byte	.LFB8
 848 02a9 F4000000 		.4byte	.LFE8-.LFB8
 849 02ad 01       		.uleb128 0x1
 850 02ae 9C       		.byte	0x9c
 851 02af C4030000 		.4byte	0x3c4
 852 02b3 18       		.uleb128 0x18
 853 02b4 E2000000 		.4byte	.LBB3
 854 02b8 7C000000 		.4byte	.LBE3-.LBB3
 855 02bc B1030000 		.4byte	0x3b1
 856 02c0 19       		.uleb128 0x19
 857 02c1 52000000 		.4byte	.LASF30
 858 02c5 01       		.byte	0x1
 859 02c6 3B01     		.2byte	0x13b
 860 02c8 D4030000 		.4byte	0x3d4
 861 02cc 05       		.uleb128 0x5
 862 02cd 03       		.byte	0x3
 863 02ce 24000000 		.4byte	cy_cfg_addr_table.4910
 864 02d2 19       		.uleb128 0x19
 865 02d3 64000000 		.4byte	.LASF31
 866 02d7 01       		.byte	0x1
 867 02d8 4101     		.2byte	0x141
 868 02da E9030000 		.4byte	0x3e9
 869 02de 05       		.uleb128 0x5
 870 02df 03       		.byte	0x3
 871 02e0 0C000000 		.4byte	cy_cfg_data_table.4911
 872 02e4 1A       		.uleb128 0x1a
 873 02e5 06       		.byte	0x6
 874 02e6 01       		.byte	0x1
 875 02e7 5101     		.2byte	0x151
 876 02e9 08030000 		.4byte	0x308
 877 02ed 1B       		.uleb128 0x1b
 878 02ee 8E010000 		.4byte	.LASF32
 879 02f2 01       		.byte	0x1
 880 02f3 5201     		.2byte	0x152
 881 02f5 84000000 		.4byte	0x84
ARM GAS  C:\Users\JANUSD~1\AppData\Local\Temp\ccQlSYZU.s 			page 24


 882 02f9 00       		.byte	0
 883 02fa 1B       		.uleb128 0x1b
 884 02fb 8C000000 		.4byte	.LASF33
 885 02ff 01       		.byte	0x1
 886 0300 5301     		.2byte	0x153
 887 0302 99000000 		.4byte	0x99
 888 0306 04       		.byte	0x4
 889 0307 00       		.byte	0
 890 0308 06       		.uleb128 0x6
 891 0309 3B020000 		.4byte	.LASF34
 892 030d 01       		.byte	0x1
 893 030e 5401     		.2byte	0x154
 894 0310 E4020000 		.4byte	0x2e4
 895 0314 1C       		.uleb128 0x1c
 896 0315 24030000 		.4byte	0x324
 897 0319 24030000 		.4byte	0x324
 898 031d 1D       		.uleb128 0x1d
 899 031e 7D000000 		.4byte	0x7d
 900 0322 01       		.byte	0x1
 901 0323 00       		.byte	0
 902 0324 10       		.uleb128 0x10
 903 0325 08030000 		.4byte	0x308
 904 0329 19       		.uleb128 0x19
 905 032a 7C000000 		.4byte	.LASF35
 906 032e 01       		.byte	0x1
 907 032f 5601     		.2byte	0x156
 908 0331 3B030000 		.4byte	0x33b
 909 0335 05       		.uleb128 0x5
 910 0336 03       		.byte	0x3
 911 0337 00000000 		.4byte	cfg_memset_list.4916
 912 033b 10       		.uleb128 0x10
 913 033c 14030000 		.4byte	0x314
 914 0340 1E       		.uleb128 0x1e
 915 0341 6900     		.ascii	"i\000"
 916 0343 01       		.byte	0x1
 917 0344 5C01     		.2byte	0x15c
 918 0346 8D000000 		.4byte	0x8d
 919 034a BC000000 		.4byte	.LLST6
 920 034e 18       		.uleb128 0x18
 921 034f E6000000 		.4byte	.LBB4
 922 0353 1C000000 		.4byte	.LBE4-.LBB4
 923 0357 94030000 		.4byte	0x394
 924 035b 1E       		.uleb128 0x1e
 925 035c 6D7300   		.ascii	"ms\000"
 926 035f 01       		.byte	0x1
 927 0360 6101     		.2byte	0x161
 928 0362 6A030000 		.4byte	0x36a
 929 0366 E6000000 		.4byte	.LLST7
 930 036a 0F       		.uleb128 0xf
 931 036b 04       		.byte	0x4
 932 036c 24030000 		.4byte	0x324
 933 0370 13       		.uleb128 0x13
 934 0371 02010000 		.4byte	.LVL25
 935 0375 A7010000 		.4byte	0x1a7
 936 0379 14       		.uleb128 0x14
 937 037a 01       		.uleb128 0x1
 938 037b 51       		.byte	0x51
ARM GAS  C:\Users\JANUSD~1\AppData\Local\Temp\ccQlSYZU.s 			page 25


 939 037c 15       		.uleb128 0x15
 940 037d 74       		.byte	0x74
 941 037e 00       		.sleb128 0
 942 037f 31       		.byte	0x31
 943 0380 24       		.byte	0x24
 944 0381 74       		.byte	0x74
 945 0382 00       		.sleb128 0
 946 0383 22       		.byte	0x22
 947 0384 31       		.byte	0x31
 948 0385 24       		.byte	0x24
 949 0386 03       		.byte	0x3
 950 0387 04000000 		.4byte	.LANCHOR0+4
 951 038b 22       		.byte	0x22
 952 038c 94       		.byte	0x94
 953 038d 02       		.byte	0x2
 954 038e 0A       		.byte	0xa
 955 038f FFFF     		.2byte	0xffff
 956 0391 1A       		.byte	0x1a
 957 0392 00       		.byte	0
 958 0393 00       		.byte	0
 959 0394 13       		.uleb128 0x13
 960 0395 16010000 		.4byte	.LVL28
 961 0399 0D010000 		.4byte	0x10d
 962 039d 14       		.uleb128 0x14
 963 039e 01       		.uleb128 0x1
 964 039f 50       		.byte	0x50
 965 03a0 05       		.uleb128 0x5
 966 03a1 03       		.byte	0x3
 967 03a2 24000000 		.4byte	.LANCHOR0+36
 968 03a6 14       		.uleb128 0x14
 969 03a7 01       		.uleb128 0x1
 970 03a8 51       		.byte	0x51
 971 03a9 05       		.uleb128 0x5
 972 03aa 03       		.byte	0x3
 973 03ab 0C000000 		.4byte	.LANCHOR0+12
 974 03af 00       		.byte	0
 975 03b0 00       		.byte	0
 976 03b1 15       		.uleb128 0x15
 977 03b2 80010000 		.4byte	.LVL29
 978 03b6 F4010000 		.4byte	0x1f4
 979 03ba 15       		.uleb128 0x15
 980 03bb 84010000 		.4byte	.LVL30
 981 03bf 95010000 		.4byte	0x195
 982 03c3 00       		.byte	0
 983 03c4 1C       		.uleb128 0x1c
 984 03c5 85010000 		.4byte	0x185
 985 03c9 D4030000 		.4byte	0x3d4
 986 03cd 1D       		.uleb128 0x1d
 987 03ce 7D000000 		.4byte	0x7d
 988 03d2 02       		.byte	0x2
 989 03d3 00       		.byte	0
 990 03d4 10       		.uleb128 0x10
 991 03d5 C4030000 		.4byte	0x3c4
 992 03d9 1C       		.uleb128 0x1c
 993 03da 90010000 		.4byte	0x190
 994 03de E9030000 		.4byte	0x3e9
 995 03e2 1D       		.uleb128 0x1d
ARM GAS  C:\Users\JANUSD~1\AppData\Local\Temp\ccQlSYZU.s 			page 26


 996 03e3 7D000000 		.4byte	0x7d
 997 03e7 0A       		.byte	0xa
 998 03e8 00       		.byte	0
 999 03e9 10       		.uleb128 0x10
 1000 03ea D9030000 		.4byte	0x3d9
 1001 03ee 1F       		.uleb128 0x1f
 1002 03ef 24010000 		.4byte	.LASF49
 1003 03f3 24010000 		.4byte	.LASF49
 1004 03f7 20       		.uleb128 0x20
 1005 03f8 FB000000 		.4byte	.LASF36
 1006 03fc FB000000 		.4byte	.LASF36
 1007 0400 04       		.byte	0x4
 1008 0401 4E       		.byte	0x4e
 1009 0402 20       		.uleb128 0x20
 1010 0403 00000000 		.4byte	.LASF37
 1011 0407 00000000 		.4byte	.LASF37
 1012 040b 05       		.byte	0x5
 1013 040c DC       		.byte	0xdc
 1014 040d 20       		.uleb128 0x20
 1015 040e 91000000 		.4byte	.LASF38
 1016 0412 91000000 		.4byte	.LASF38
 1017 0416 04       		.byte	0x4
 1018 0417 50       		.byte	0x50
 1019 0418 20       		.uleb128 0x20
 1020 0419 BF020000 		.4byte	.LASF39
 1021 041d BF020000 		.4byte	.LASF39
 1022 0421 05       		.byte	0x5
 1023 0422 6C       		.byte	0x6c
 1024 0423 20       		.uleb128 0x20
 1025 0424 8A020000 		.4byte	.LASF40
 1026 0428 8A020000 		.4byte	.LASF40
 1027 042c 05       		.byte	0x5
 1028 042d 84       		.byte	0x84
 1029 042e 20       		.uleb128 0x20
 1030 042f 7B020000 		.4byte	.LASF41
 1031 0433 7B020000 		.4byte	.LASF41
 1032 0437 05       		.byte	0x5
 1033 0438 DA       		.byte	0xda
 1034 0439 20       		.uleb128 0x20
 1035 043a 2C000000 		.4byte	.LASF42
 1036 043e 2C000000 		.4byte	.LASF42
 1037 0442 05       		.byte	0x5
 1038 0443 BD       		.byte	0xbd
 1039 0444 20       		.uleb128 0x20
 1040 0445 44010000 		.4byte	.LASF43
 1041 0449 44010000 		.4byte	.LASF43
 1042 044d 05       		.byte	0x5
 1043 044e C3       		.byte	0xc3
 1044 044f 00       		.byte	0
 1045              		.section	.debug_abbrev,"",%progbits
 1046              	.Ldebug_abbrev0:
 1047 0000 01       		.uleb128 0x1
 1048 0001 11       		.uleb128 0x11
 1049 0002 01       		.byte	0x1
 1050 0003 25       		.uleb128 0x25
 1051 0004 0E       		.uleb128 0xe
 1052 0005 13       		.uleb128 0x13
ARM GAS  C:\Users\JANUSD~1\AppData\Local\Temp\ccQlSYZU.s 			page 27


 1053 0006 0B       		.uleb128 0xb
 1054 0007 03       		.uleb128 0x3
 1055 0008 0E       		.uleb128 0xe
 1056 0009 1B       		.uleb128 0x1b
 1057 000a 0E       		.uleb128 0xe
 1058 000b 55       		.uleb128 0x55
 1059 000c 17       		.uleb128 0x17
 1060 000d 11       		.uleb128 0x11
 1061 000e 01       		.uleb128 0x1
 1062 000f 10       		.uleb128 0x10
 1063 0010 17       		.uleb128 0x17
 1064 0011 00       		.byte	0
 1065 0012 00       		.byte	0
 1066 0013 02       		.uleb128 0x2
 1067 0014 24       		.uleb128 0x24
 1068 0015 00       		.byte	0
 1069 0016 0B       		.uleb128 0xb
 1070 0017 0B       		.uleb128 0xb
 1071 0018 3E       		.uleb128 0x3e
 1072 0019 0B       		.uleb128 0xb
 1073 001a 03       		.uleb128 0x3
 1074 001b 08       		.uleb128 0x8
 1075 001c 00       		.byte	0
 1076 001d 00       		.byte	0
 1077 001e 03       		.uleb128 0x3
 1078 001f 16       		.uleb128 0x16
 1079 0020 00       		.byte	0
 1080 0021 03       		.uleb128 0x3
 1081 0022 0E       		.uleb128 0xe
 1082 0023 3A       		.uleb128 0x3a
 1083 0024 0B       		.uleb128 0xb
 1084 0025 3B       		.uleb128 0x3b
 1085 0026 0B       		.uleb128 0xb
 1086 0027 49       		.uleb128 0x49
 1087 0028 13       		.uleb128 0x13
 1088 0029 00       		.byte	0
 1089 002a 00       		.byte	0
 1090 002b 04       		.uleb128 0x4
 1091 002c 24       		.uleb128 0x24
 1092 002d 00       		.byte	0
 1093 002e 0B       		.uleb128 0xb
 1094 002f 0B       		.uleb128 0xb
 1095 0030 3E       		.uleb128 0x3e
 1096 0031 0B       		.uleb128 0xb
 1097 0032 03       		.uleb128 0x3
 1098 0033 0E       		.uleb128 0xe
 1099 0034 00       		.byte	0
 1100 0035 00       		.byte	0
 1101 0036 05       		.uleb128 0x5
 1102 0037 0F       		.uleb128 0xf
 1103 0038 00       		.byte	0
 1104 0039 0B       		.uleb128 0xb
 1105 003a 0B       		.uleb128 0xb
 1106 003b 00       		.byte	0
 1107 003c 00       		.byte	0
 1108 003d 06       		.uleb128 0x6
 1109 003e 16       		.uleb128 0x16
ARM GAS  C:\Users\JANUSD~1\AppData\Local\Temp\ccQlSYZU.s 			page 28


 1110 003f 00       		.byte	0
 1111 0040 03       		.uleb128 0x3
 1112 0041 0E       		.uleb128 0xe
 1113 0042 3A       		.uleb128 0x3a
 1114 0043 0B       		.uleb128 0xb
 1115 0044 3B       		.uleb128 0x3b
 1116 0045 05       		.uleb128 0x5
 1117 0046 49       		.uleb128 0x49
 1118 0047 13       		.uleb128 0x13
 1119 0048 00       		.byte	0
 1120 0049 00       		.byte	0
 1121 004a 07       		.uleb128 0x7
 1122 004b 35       		.uleb128 0x35
 1123 004c 00       		.byte	0
 1124 004d 49       		.uleb128 0x49
 1125 004e 13       		.uleb128 0x13
 1126 004f 00       		.byte	0
 1127 0050 00       		.byte	0
 1128 0051 08       		.uleb128 0x8
 1129 0052 13       		.uleb128 0x13
 1130 0053 01       		.byte	0x1
 1131 0054 0B       		.uleb128 0xb
 1132 0055 0B       		.uleb128 0xb
 1133 0056 3A       		.uleb128 0x3a
 1134 0057 0B       		.uleb128 0xb
 1135 0058 3B       		.uleb128 0x3b
 1136 0059 0B       		.uleb128 0xb
 1137 005a 01       		.uleb128 0x1
 1138 005b 13       		.uleb128 0x13
 1139 005c 00       		.byte	0
 1140 005d 00       		.byte	0
 1141 005e 09       		.uleb128 0x9
 1142 005f 0D       		.uleb128 0xd
 1143 0060 00       		.byte	0
 1144 0061 03       		.uleb128 0x3
 1145 0062 0E       		.uleb128 0xe
 1146 0063 3A       		.uleb128 0x3a
 1147 0064 0B       		.uleb128 0xb
 1148 0065 3B       		.uleb128 0x3b
 1149 0066 0B       		.uleb128 0xb
 1150 0067 49       		.uleb128 0x49
 1151 0068 13       		.uleb128 0x13
 1152 0069 38       		.uleb128 0x38
 1153 006a 0B       		.uleb128 0xb
 1154 006b 00       		.byte	0
 1155 006c 00       		.byte	0
 1156 006d 0A       		.uleb128 0xa
 1157 006e 2E       		.uleb128 0x2e
 1158 006f 01       		.byte	0x1
 1159 0070 03       		.uleb128 0x3
 1160 0071 0E       		.uleb128 0xe
 1161 0072 3A       		.uleb128 0x3a
 1162 0073 0B       		.uleb128 0xb
 1163 0074 3B       		.uleb128 0x3b
 1164 0075 0B       		.uleb128 0xb
 1165 0076 27       		.uleb128 0x27
 1166 0077 19       		.uleb128 0x19
ARM GAS  C:\Users\JANUSD~1\AppData\Local\Temp\ccQlSYZU.s 			page 29


 1167 0078 11       		.uleb128 0x11
 1168 0079 01       		.uleb128 0x1
 1169 007a 12       		.uleb128 0x12
 1170 007b 06       		.uleb128 0x6
 1171 007c 40       		.uleb128 0x40
 1172 007d 18       		.uleb128 0x18
 1173 007e 9742     		.uleb128 0x2117
 1174 0080 19       		.uleb128 0x19
 1175 0081 01       		.uleb128 0x1
 1176 0082 13       		.uleb128 0x13
 1177 0083 00       		.byte	0
 1178 0084 00       		.byte	0
 1179 0085 0B       		.uleb128 0xb
 1180 0086 05       		.uleb128 0x5
 1181 0087 00       		.byte	0
 1182 0088 03       		.uleb128 0x3
 1183 0089 0E       		.uleb128 0xe
 1184 008a 3A       		.uleb128 0x3a
 1185 008b 0B       		.uleb128 0xb
 1186 008c 3B       		.uleb128 0x3b
 1187 008d 0B       		.uleb128 0xb
 1188 008e 49       		.uleb128 0x49
 1189 008f 13       		.uleb128 0x13
 1190 0090 02       		.uleb128 0x2
 1191 0091 18       		.uleb128 0x18
 1192 0092 00       		.byte	0
 1193 0093 00       		.byte	0
 1194 0094 0C       		.uleb128 0xc
 1195 0095 34       		.uleb128 0x34
 1196 0096 00       		.byte	0
 1197 0097 03       		.uleb128 0x3
 1198 0098 08       		.uleb128 0x8
 1199 0099 3A       		.uleb128 0x3a
 1200 009a 0B       		.uleb128 0xb
 1201 009b 3B       		.uleb128 0x3b
 1202 009c 0B       		.uleb128 0xb
 1203 009d 49       		.uleb128 0x49
 1204 009e 13       		.uleb128 0x13
 1205 009f 02       		.uleb128 0x2
 1206 00a0 17       		.uleb128 0x17
 1207 00a1 00       		.byte	0
 1208 00a2 00       		.byte	0
 1209 00a3 0D       		.uleb128 0xd
 1210 00a4 0B       		.uleb128 0xb
 1211 00a5 01       		.byte	0x1
 1212 00a6 11       		.uleb128 0x11
 1213 00a7 01       		.uleb128 0x1
 1214 00a8 12       		.uleb128 0x12
 1215 00a9 06       		.uleb128 0x6
 1216 00aa 00       		.byte	0
 1217 00ab 00       		.byte	0
 1218 00ac 0E       		.uleb128 0xe
 1219 00ad 34       		.uleb128 0x34
 1220 00ae 00       		.byte	0
 1221 00af 03       		.uleb128 0x3
 1222 00b0 0E       		.uleb128 0xe
 1223 00b1 3A       		.uleb128 0x3a
ARM GAS  C:\Users\JANUSD~1\AppData\Local\Temp\ccQlSYZU.s 			page 30


 1224 00b2 0B       		.uleb128 0xb
 1225 00b3 3B       		.uleb128 0x3b
 1226 00b4 0B       		.uleb128 0xb
 1227 00b5 49       		.uleb128 0x49
 1228 00b6 13       		.uleb128 0x13
 1229 00b7 02       		.uleb128 0x2
 1230 00b8 17       		.uleb128 0x17
 1231 00b9 00       		.byte	0
 1232 00ba 00       		.byte	0
 1233 00bb 0F       		.uleb128 0xf
 1234 00bc 0F       		.uleb128 0xf
 1235 00bd 00       		.byte	0
 1236 00be 0B       		.uleb128 0xb
 1237 00bf 0B       		.uleb128 0xb
 1238 00c0 49       		.uleb128 0x49
 1239 00c1 13       		.uleb128 0x13
 1240 00c2 00       		.byte	0
 1241 00c3 00       		.byte	0
 1242 00c4 10       		.uleb128 0x10
 1243 00c5 26       		.uleb128 0x26
 1244 00c6 00       		.byte	0
 1245 00c7 49       		.uleb128 0x49
 1246 00c8 13       		.uleb128 0x13
 1247 00c9 00       		.byte	0
 1248 00ca 00       		.byte	0
 1249 00cb 11       		.uleb128 0x11
 1250 00cc 2E       		.uleb128 0x2e
 1251 00cd 00       		.byte	0
 1252 00ce 03       		.uleb128 0x3
 1253 00cf 0E       		.uleb128 0xe
 1254 00d0 3A       		.uleb128 0x3a
 1255 00d1 0B       		.uleb128 0xb
 1256 00d2 3B       		.uleb128 0x3b
 1257 00d3 05       		.uleb128 0x5
 1258 00d4 27       		.uleb128 0x27
 1259 00d5 19       		.uleb128 0x19
 1260 00d6 11       		.uleb128 0x11
 1261 00d7 01       		.uleb128 0x1
 1262 00d8 12       		.uleb128 0x12
 1263 00d9 06       		.uleb128 0x6
 1264 00da 40       		.uleb128 0x40
 1265 00db 18       		.uleb128 0x18
 1266 00dc 9742     		.uleb128 0x2117
 1267 00de 19       		.uleb128 0x19
 1268 00df 00       		.byte	0
 1269 00e0 00       		.byte	0
 1270 00e1 12       		.uleb128 0x12
 1271 00e2 05       		.uleb128 0x5
 1272 00e3 00       		.byte	0
 1273 00e4 03       		.uleb128 0x3
 1274 00e5 08       		.uleb128 0x8
 1275 00e6 3A       		.uleb128 0x3a
 1276 00e7 0B       		.uleb128 0xb
 1277 00e8 3B       		.uleb128 0x3b
 1278 00e9 0B       		.uleb128 0xb
 1279 00ea 49       		.uleb128 0x49
 1280 00eb 13       		.uleb128 0x13
ARM GAS  C:\Users\JANUSD~1\AppData\Local\Temp\ccQlSYZU.s 			page 31


 1281 00ec 02       		.uleb128 0x2
 1282 00ed 17       		.uleb128 0x17
 1283 00ee 00       		.byte	0
 1284 00ef 00       		.byte	0
 1285 00f0 13       		.uleb128 0x13
 1286 00f1 898201   		.uleb128 0x4109
 1287 00f4 01       		.byte	0x1
 1288 00f5 11       		.uleb128 0x11
 1289 00f6 01       		.uleb128 0x1
 1290 00f7 31       		.uleb128 0x31
 1291 00f8 13       		.uleb128 0x13
 1292 00f9 00       		.byte	0
 1293 00fa 00       		.byte	0
 1294 00fb 14       		.uleb128 0x14
 1295 00fc 8A8201   		.uleb128 0x410a
 1296 00ff 00       		.byte	0
 1297 0100 02       		.uleb128 0x2
 1298 0101 18       		.uleb128 0x18
 1299 0102 9142     		.uleb128 0x2111
 1300 0104 18       		.uleb128 0x18
 1301 0105 00       		.byte	0
 1302 0106 00       		.byte	0
 1303 0107 15       		.uleb128 0x15
 1304 0108 898201   		.uleb128 0x4109
 1305 010b 00       		.byte	0
 1306 010c 11       		.uleb128 0x11
 1307 010d 01       		.uleb128 0x1
 1308 010e 31       		.uleb128 0x31
 1309 010f 13       		.uleb128 0x13
 1310 0110 00       		.byte	0
 1311 0111 00       		.byte	0
 1312 0112 16       		.uleb128 0x16
 1313 0113 898201   		.uleb128 0x4109
 1314 0116 01       		.byte	0x1
 1315 0117 11       		.uleb128 0x11
 1316 0118 01       		.uleb128 0x1
 1317 0119 31       		.uleb128 0x31
 1318 011a 13       		.uleb128 0x13
 1319 011b 01       		.uleb128 0x1
 1320 011c 13       		.uleb128 0x13
 1321 011d 00       		.byte	0
 1322 011e 00       		.byte	0
 1323 011f 17       		.uleb128 0x17
 1324 0120 2E       		.uleb128 0x2e
 1325 0121 01       		.byte	0x1
 1326 0122 3F       		.uleb128 0x3f
 1327 0123 19       		.uleb128 0x19
 1328 0124 03       		.uleb128 0x3
 1329 0125 0E       		.uleb128 0xe
 1330 0126 3A       		.uleb128 0x3a
 1331 0127 0B       		.uleb128 0xb
 1332 0128 3B       		.uleb128 0x3b
 1333 0129 05       		.uleb128 0x5
 1334 012a 27       		.uleb128 0x27
 1335 012b 19       		.uleb128 0x19
 1336 012c 11       		.uleb128 0x11
 1337 012d 01       		.uleb128 0x1
ARM GAS  C:\Users\JANUSD~1\AppData\Local\Temp\ccQlSYZU.s 			page 32


 1338 012e 12       		.uleb128 0x12
 1339 012f 06       		.uleb128 0x6
 1340 0130 40       		.uleb128 0x40
 1341 0131 18       		.uleb128 0x18
 1342 0132 9742     		.uleb128 0x2117
 1343 0134 19       		.uleb128 0x19
 1344 0135 01       		.uleb128 0x1
 1345 0136 13       		.uleb128 0x13
 1346 0137 00       		.byte	0
 1347 0138 00       		.byte	0
 1348 0139 18       		.uleb128 0x18
 1349 013a 0B       		.uleb128 0xb
 1350 013b 01       		.byte	0x1
 1351 013c 11       		.uleb128 0x11
 1352 013d 01       		.uleb128 0x1
 1353 013e 12       		.uleb128 0x12
 1354 013f 06       		.uleb128 0x6
 1355 0140 01       		.uleb128 0x1
 1356 0141 13       		.uleb128 0x13
 1357 0142 00       		.byte	0
 1358 0143 00       		.byte	0
 1359 0144 19       		.uleb128 0x19
 1360 0145 34       		.uleb128 0x34
 1361 0146 00       		.byte	0
 1362 0147 03       		.uleb128 0x3
 1363 0148 0E       		.uleb128 0xe
 1364 0149 3A       		.uleb128 0x3a
 1365 014a 0B       		.uleb128 0xb
 1366 014b 3B       		.uleb128 0x3b
 1367 014c 05       		.uleb128 0x5
 1368 014d 49       		.uleb128 0x49
 1369 014e 13       		.uleb128 0x13
 1370 014f 02       		.uleb128 0x2
 1371 0150 18       		.uleb128 0x18
 1372 0151 00       		.byte	0
 1373 0152 00       		.byte	0
 1374 0153 1A       		.uleb128 0x1a
 1375 0154 13       		.uleb128 0x13
 1376 0155 01       		.byte	0x1
 1377 0156 0B       		.uleb128 0xb
 1378 0157 0B       		.uleb128 0xb
 1379 0158 3A       		.uleb128 0x3a
 1380 0159 0B       		.uleb128 0xb
 1381 015a 3B       		.uleb128 0x3b
 1382 015b 05       		.uleb128 0x5
 1383 015c 01       		.uleb128 0x1
 1384 015d 13       		.uleb128 0x13
 1385 015e 00       		.byte	0
 1386 015f 00       		.byte	0
 1387 0160 1B       		.uleb128 0x1b
 1388 0161 0D       		.uleb128 0xd
 1389 0162 00       		.byte	0
 1390 0163 03       		.uleb128 0x3
 1391 0164 0E       		.uleb128 0xe
 1392 0165 3A       		.uleb128 0x3a
 1393 0166 0B       		.uleb128 0xb
 1394 0167 3B       		.uleb128 0x3b
ARM GAS  C:\Users\JANUSD~1\AppData\Local\Temp\ccQlSYZU.s 			page 33


 1395 0168 05       		.uleb128 0x5
 1396 0169 49       		.uleb128 0x49
 1397 016a 13       		.uleb128 0x13
 1398 016b 38       		.uleb128 0x38
 1399 016c 0B       		.uleb128 0xb
 1400 016d 00       		.byte	0
 1401 016e 00       		.byte	0
 1402 016f 1C       		.uleb128 0x1c
 1403 0170 01       		.uleb128 0x1
 1404 0171 01       		.byte	0x1
 1405 0172 49       		.uleb128 0x49
 1406 0173 13       		.uleb128 0x13
 1407 0174 01       		.uleb128 0x1
 1408 0175 13       		.uleb128 0x13
 1409 0176 00       		.byte	0
 1410 0177 00       		.byte	0
 1411 0178 1D       		.uleb128 0x1d
 1412 0179 21       		.uleb128 0x21
 1413 017a 00       		.byte	0
 1414 017b 49       		.uleb128 0x49
 1415 017c 13       		.uleb128 0x13
 1416 017d 2F       		.uleb128 0x2f
 1417 017e 0B       		.uleb128 0xb
 1418 017f 00       		.byte	0
 1419 0180 00       		.byte	0
 1420 0181 1E       		.uleb128 0x1e
 1421 0182 34       		.uleb128 0x34
 1422 0183 00       		.byte	0
 1423 0184 03       		.uleb128 0x3
 1424 0185 08       		.uleb128 0x8
 1425 0186 3A       		.uleb128 0x3a
 1426 0187 0B       		.uleb128 0xb
 1427 0188 3B       		.uleb128 0x3b
 1428 0189 05       		.uleb128 0x5
 1429 018a 49       		.uleb128 0x49
 1430 018b 13       		.uleb128 0x13
 1431 018c 02       		.uleb128 0x2
 1432 018d 17       		.uleb128 0x17
 1433 018e 00       		.byte	0
 1434 018f 00       		.byte	0
 1435 0190 1F       		.uleb128 0x1f
 1436 0191 2E       		.uleb128 0x2e
 1437 0192 00       		.byte	0
 1438 0193 3F       		.uleb128 0x3f
 1439 0194 19       		.uleb128 0x19
 1440 0195 3C       		.uleb128 0x3c
 1441 0196 19       		.uleb128 0x19
 1442 0197 6E       		.uleb128 0x6e
 1443 0198 0E       		.uleb128 0xe
 1444 0199 03       		.uleb128 0x3
 1445 019a 0E       		.uleb128 0xe
 1446 019b 00       		.byte	0
 1447 019c 00       		.byte	0
 1448 019d 20       		.uleb128 0x20
 1449 019e 2E       		.uleb128 0x2e
 1450 019f 00       		.byte	0
 1451 01a0 3F       		.uleb128 0x3f
ARM GAS  C:\Users\JANUSD~1\AppData\Local\Temp\ccQlSYZU.s 			page 34


 1452 01a1 19       		.uleb128 0x19
 1453 01a2 3C       		.uleb128 0x3c
 1454 01a3 19       		.uleb128 0x19
 1455 01a4 6E       		.uleb128 0x6e
 1456 01a5 0E       		.uleb128 0xe
 1457 01a6 03       		.uleb128 0x3
 1458 01a7 0E       		.uleb128 0xe
 1459 01a8 3A       		.uleb128 0x3a
 1460 01a9 0B       		.uleb128 0xb
 1461 01aa 3B       		.uleb128 0x3b
 1462 01ab 0B       		.uleb128 0xb
 1463 01ac 00       		.byte	0
 1464 01ad 00       		.byte	0
 1465 01ae 00       		.byte	0
 1466              		.section	.debug_loc,"",%progbits
 1467              	.Ldebug_loc0:
 1468              	.LLST0:
 1469 0000 02000000 		.4byte	.LVL1
 1470 0004 08000000 		.4byte	.LVL2
 1471 0008 0200     		.2byte	0x2
 1472 000a 30       		.byte	0x30
 1473 000b 9F       		.byte	0x9f
 1474 000c 08000000 		.4byte	.LVL2
 1475 0010 30000000 		.4byte	.LVL11
 1476 0014 0100     		.2byte	0x1
 1477 0016 57       		.byte	0x57
 1478 0017 00000000 		.4byte	0
 1479 001b 00000000 		.4byte	0
 1480              	.LLST1:
 1481 001f 02000000 		.4byte	.LVL1
 1482 0023 08000000 		.4byte	.LVL2
 1483 0027 0200     		.2byte	0x2
 1484 0029 30       		.byte	0x30
 1485 002a 9F       		.byte	0x9f
 1486 002b 08000000 		.4byte	.LVL2
 1487 002f 30000000 		.4byte	.LVL10
 1488 0033 0100     		.2byte	0x1
 1489 0035 55       		.byte	0x55
 1490 0036 00000000 		.4byte	0
 1491 003a 00000000 		.4byte	0
 1492              	.LLST2:
 1493 003e 0C000000 		.4byte	.LVL3
 1494 0042 2C000000 		.4byte	.LVL9
 1495 0046 0100     		.2byte	0x1
 1496 0048 56       		.byte	0x56
 1497 0049 00000000 		.4byte	0
 1498 004d 00000000 		.4byte	0
 1499              	.LLST3:
 1500 0051 0E000000 		.4byte	.LVL4
 1501 0055 24000000 		.4byte	.LVL7
 1502 0059 0100     		.2byte	0x1
 1503 005b 53       		.byte	0x53
 1504 005c 26000000 		.4byte	.LVL8
 1505 0060 2C000000 		.4byte	.LVL9
 1506 0064 0100     		.2byte	0x1
 1507 0066 53       		.byte	0x53
 1508 0067 00000000 		.4byte	0
ARM GAS  C:\Users\JANUSD~1\AppData\Local\Temp\ccQlSYZU.s 			page 35


 1509 006b 00000000 		.4byte	0
 1510              	.LLST4:
 1511 006f 00000000 		.4byte	.LVL12
 1512 0073 09000000 		.4byte	.LVL14-1
 1513 0077 0100     		.2byte	0x1
 1514 0079 50       		.byte	0x50
 1515 007a 09000000 		.4byte	.LVL14-1
 1516 007e 0C000000 		.4byte	.LFE2
 1517 0082 0400     		.2byte	0x4
 1518 0084 F3       		.byte	0xf3
 1519 0085 01       		.uleb128 0x1
 1520 0086 50       		.byte	0x50
 1521 0087 9F       		.byte	0x9f
 1522 0088 00000000 		.4byte	0
 1523 008c 00000000 		.4byte	0
 1524              	.LLST5:
 1525 0090 00000000 		.4byte	.LVL12
 1526 0094 06000000 		.4byte	.LVL13
 1527 0098 0100     		.2byte	0x1
 1528 009a 51       		.byte	0x51
 1529 009b 06000000 		.4byte	.LVL13
 1530 009f 09000000 		.4byte	.LVL14-1
 1531 00a3 0100     		.2byte	0x1
 1532 00a5 52       		.byte	0x52
 1533 00a6 09000000 		.4byte	.LVL14-1
 1534 00aa 0C000000 		.4byte	.LFE2
 1535 00ae 0400     		.2byte	0x4
 1536 00b0 F3       		.byte	0xf3
 1537 00b1 01       		.uleb128 0x1
 1538 00b2 51       		.byte	0x51
 1539 00b3 9F       		.byte	0x9f
 1540 00b4 00000000 		.4byte	0
 1541 00b8 00000000 		.4byte	0
 1542              	.LLST6:
 1543 00bc E2000000 		.4byte	.LVL23
 1544 00c0 E6000000 		.4byte	.LVL24
 1545 00c4 0200     		.2byte	0x2
 1546 00c6 30       		.byte	0x30
 1547 00c7 9F       		.byte	0x9f
 1548 00c8 E6000000 		.4byte	.LVL24
 1549 00cc 04010000 		.4byte	.LVL26
 1550 00d0 0100     		.2byte	0x1
 1551 00d2 54       		.byte	0x54
 1552 00d3 06010000 		.4byte	.LVL27
 1553 00d7 84010000 		.4byte	.LVL31
 1554 00db 0100     		.2byte	0x1
 1555 00dd 54       		.byte	0x54
 1556 00de 00000000 		.4byte	0
 1557 00e2 00000000 		.4byte	0
 1558              	.LLST7:
 1559 00e6 E6000000 		.4byte	.LVL24
 1560 00ea 04010000 		.4byte	.LVL26
 1561 00ee 0B00     		.2byte	0xb
 1562 00f0 74       		.byte	0x74
 1563 00f1 00       		.sleb128 0
 1564 00f2 36       		.byte	0x36
 1565 00f3 1E       		.byte	0x1e
ARM GAS  C:\Users\JANUSD~1\AppData\Local\Temp\ccQlSYZU.s 			page 36


 1566 00f4 03       		.byte	0x3
 1567 00f5 00000000 		.4byte	cfg_memset_list.4916
 1568 00f9 22       		.byte	0x22
 1569 00fa 9F       		.byte	0x9f
 1570 00fb 04010000 		.4byte	.LVL26
 1571 00ff 06010000 		.4byte	.LVL27
 1572 0103 0B00     		.2byte	0xb
 1573 0105 74       		.byte	0x74
 1574 0106 7F       		.sleb128 -1
 1575 0107 36       		.byte	0x36
 1576 0108 1E       		.byte	0x1e
 1577 0109 03       		.byte	0x3
 1578 010a 00000000 		.4byte	cfg_memset_list.4916
 1579 010e 22       		.byte	0x22
 1580 010f 9F       		.byte	0x9f
 1581 0110 00000000 		.4byte	0
 1582 0114 00000000 		.4byte	0
 1583              		.section	.debug_aranges,"",%progbits
 1584 0000 3C000000 		.4byte	0x3c
 1585 0004 0200     		.2byte	0x2
 1586 0006 00000000 		.4byte	.Ldebug_info0
 1587 000a 04       		.byte	0x4
 1588 000b 00       		.byte	0
 1589 000c 0000     		.2byte	0
 1590 000e 0000     		.2byte	0
 1591 0010 00000000 		.4byte	.LFB5
 1592 0014 32000000 		.4byte	.LFE5-.LFB5
 1593 0018 00000000 		.4byte	.LFB7
 1594 001c 20000000 		.4byte	.LFE7-.LFB7
 1595 0020 00000000 		.4byte	.LFB2
 1596 0024 0C000000 		.4byte	.LFE2-.LFB2
 1597 0028 00000000 		.4byte	.LFB6
 1598 002c D8000000 		.4byte	.LFE6-.LFB6
 1599 0030 D8000000 		.4byte	.LFB8
 1600 0034 F4000000 		.4byte	.LFE8-.LFB8
 1601 0038 00000000 		.4byte	0
 1602 003c 00000000 		.4byte	0
 1603              		.section	.debug_ranges,"",%progbits
 1604              	.Ldebug_ranges0:
 1605 0000 00000000 		.4byte	.LFB5
 1606 0004 32000000 		.4byte	.LFE5
 1607 0008 00000000 		.4byte	.LFB7
 1608 000c 20000000 		.4byte	.LFE7
 1609 0010 00000000 		.4byte	.LFB2
 1610 0014 0C000000 		.4byte	.LFE2
 1611 0018 00000000 		.4byte	.LFB6
 1612 001c D8000000 		.4byte	.LFE6
 1613 0020 D8000000 		.4byte	.LFB8
 1614 0024 CC010000 		.4byte	.LFE8
 1615 0028 00000000 		.4byte	0
 1616 002c 00000000 		.4byte	0
 1617              		.section	.debug_line,"",%progbits
 1618              	.Ldebug_line0:
 1619 0000 8C010000 		.section	.debug_str,"MS",%progbits,1
 1619      0200E300 
 1619      00000201 
 1619      FB0E0D00 
ARM GAS  C:\Users\JANUSD~1\AppData\Local\Temp\ccQlSYZU.s 			page 37


 1619      01010101 
 1620              	.LASF37:
 1621 0000 43794465 		.ascii	"CyDelayCycles\000"
 1621      6C617943 
 1621      79636C65 
 1621      7300
 1622              	.LASF19:
 1623 000e 72656733 		.ascii	"reg32\000"
 1623      3200
 1624              	.LASF12:
 1625 0014 73697A65 		.ascii	"size_t\000"
 1625      5F7400
 1626              	.LASF47:
 1627 001b 416E616C 		.ascii	"AnalogSetDefault\000"
 1627      6F675365 
 1627      74446566 
 1627      61756C74 
 1627      00
 1628              	.LASF42:
 1629 002c 4379496E 		.ascii	"CyIntSetVector\000"
 1629      74536574 
 1629      56656374 
 1629      6F7200
 1630              	.LASF21:
 1631 003b 76616C75 		.ascii	"value\000"
 1631      6500
 1632              	.LASF26:
 1633 0041 636F756E 		.ascii	"count\000"
 1633      7400
 1634              	.LASF29:
 1635 0047 436C6F63 		.ascii	"ClockSetup\000"
 1635      6B536574 
 1635      757000
 1636              	.LASF30:
 1637 0052 63795F63 		.ascii	"cy_cfg_addr_table\000"
 1637      66675F61 
 1637      6464725F 
 1637      7461626C 
 1637      6500
 1638              	.LASF31:
 1639 0064 63795F63 		.ascii	"cy_cfg_data_table\000"
 1639      66675F64 
 1639      6174615F 
 1639      7461626C 
 1639      6500
 1640              	.LASF16:
 1641 0076 666C6F61 		.ascii	"float\000"
 1641      7400
 1642              	.LASF35:
 1643 007c 6366675F 		.ascii	"cfg_memset_list\000"
 1643      6D656D73 
 1643      65745F6C 
 1643      69737400 
 1644              	.LASF33:
 1645 008c 73697A65 		.ascii	"size\000"
 1645      00
 1646              	.LASF38:
ARM GAS  C:\Users\JANUSD~1\AppData\Local\Temp\ccQlSYZU.s 			page 38


 1647 0091 43795379 		.ascii	"CySysClkWcoSetPowerMode\000"
 1647      73436C6B 
 1647      57636F53 
 1647      6574506F 
 1647      7765724D 
 1648              	.LASF18:
 1649 00a9 72656738 		.ascii	"reg8\000"
 1649      00
 1650              	.LASF8:
 1651 00ae 6C6F6E67 		.ascii	"long unsigned int\000"
 1651      20756E73 
 1651      69676E65 
 1651      6420696E 
 1651      7400
 1652              	.LASF13:
 1653 00c0 75696E74 		.ascii	"uint8\000"
 1653      3800
 1654              	.LASF46:
 1655 00c6 433A5C55 		.ascii	"C:\\Users\\janusdg-win\\UCU\\Projects\\Design05_PWM"
 1655      73657273 
 1655      5C6A616E 
 1655      75736467 
 1655      2D77696E 
 1656 00f4 2E637964 		.ascii	".cydsn\000"
 1656      736E00
 1657              	.LASF36:
 1658 00fb 43795379 		.ascii	"CySysClkWcoStart\000"
 1658      73436C6B 
 1658      57636F53 
 1658      74617274 
 1658      00
 1659              	.LASF28:
 1660 010c 43594D45 		.ascii	"CYMEMZERO\000"
 1660      4D5A4552 
 1660      4F00
 1661              	.LASF4:
 1662 0116 756E7369 		.ascii	"unsigned char\000"
 1662      676E6564 
 1662      20636861 
 1662      7200
 1663              	.LASF49:
 1664 0124 6D656D73 		.ascii	"memset\000"
 1664      657400
 1665              	.LASF17:
 1666 012b 646F7562 		.ascii	"double\000"
 1666      6C6500
 1667              	.LASF27:
 1668 0132 6366675F 		.ascii	"cfg_write_bytes32\000"
 1668      77726974 
 1668      655F6279 
 1668      74657333 
 1668      3200
 1669              	.LASF43:
 1670 0144 4379496E 		.ascii	"CyIntEnable\000"
 1670      74456E61 
 1670      626C6500 
 1671              	.LASF23:
ARM GAS  C:\Users\JANUSD~1\AppData\Local\Temp\ccQlSYZU.s 			page 39


 1672 0150 61646472 		.ascii	"addr_table\000"
 1672      5F746162 
 1672      6C6500
 1673              	.LASF14:
 1674 015b 75696E74 		.ascii	"uint16\000"
 1674      313600
 1675              	.LASF24:
 1676 0162 64617461 		.ascii	"data_table\000"
 1676      5F746162 
 1676      6C6500
 1677              	.LASF15:
 1678 016d 75696E74 		.ascii	"uint32\000"
 1678      333200
 1679              	.LASF0:
 1680 0174 756E7369 		.ascii	"unsigned int\000"
 1680      676E6564 
 1680      20696E74 
 1680      00
 1681              	.LASF48:
 1682 0181 63796669 		.ascii	"cyfitter_cfg\000"
 1682      74746572 
 1682      5F636667 
 1682      00
 1683              	.LASF32:
 1684 018e 61646472 		.ascii	"address\000"
 1684      65737300 
 1685              	.LASF9:
 1686 0196 6C6F6E67 		.ascii	"long long unsigned int\000"
 1686      206C6F6E 
 1686      6720756E 
 1686      7369676E 
 1686      65642069 
 1687              	.LASF44:
 1688 01ad 474E5520 		.ascii	"GNU C11 5.4.1 20160609 (release) [ARM/embedded-5-br"
 1688      43313120 
 1688      352E342E 
 1688      31203230 
 1688      31363036 
 1689 01e0 616E6368 		.ascii	"anch revision 237715] -mcpu=cortex-m0 -mthumb -g -O"
 1689      20726576 
 1689      6973696F 
 1689      6E203233 
 1689      37373135 
 1690 0213 67202D66 		.ascii	"g -ffunction-sections -ffat-lto-objects\000"
 1690      66756E63 
 1690      74696F6E 
 1690      2D736563 
 1690      74696F6E 
 1691              	.LASF34:
 1692 023b 6366675F 		.ascii	"cfg_memset_t\000"
 1692      6D656D73 
 1692      65745F74 
 1692      00
 1693              	.LASF25:
 1694 0248 62617365 		.ascii	"baseAddr\000"
 1694      41646472 
 1694      00
ARM GAS  C:\Users\JANUSD~1\AppData\Local\Temp\ccQlSYZU.s 			page 40


 1695              	.LASF10:
 1696 0251 73697A65 		.ascii	"sizetype\000"
 1696      74797065 
 1696      00
 1697              	.LASF6:
 1698 025a 73686F72 		.ascii	"short unsigned int\000"
 1698      7420756E 
 1698      7369676E 
 1698      65642069 
 1698      6E7400
 1699              	.LASF1:
 1700 026d 6C6F6E67 		.ascii	"long long int\000"
 1700      206C6F6E 
 1700      6720696E 
 1700      7400
 1701              	.LASF41:
 1702 027b 43794465 		.ascii	"CyDelayUs\000"
 1702      6C617955 
 1702      7300
 1703              	.LASF11:
 1704 0285 63686172 		.ascii	"char\000"
 1704      00
 1705              	.LASF40:
 1706 028a 43795379 		.ascii	"CySysClkEcoStart\000"
 1706      73436C6B 
 1706      45636F53 
 1706      74617274 
 1706      00
 1707              	.LASF22:
 1708 029b 63795F63 		.ascii	"cy_cfg_addrvalue_t\000"
 1708      66675F61 
 1708      64647276 
 1708      616C7565 
 1708      5F7400
 1709              	.LASF20:
 1710 02ae 6F666673 		.ascii	"offset\000"
 1710      657400
 1711              	.LASF5:
 1712 02b5 73686F72 		.ascii	"short int\000"
 1712      7420696E 
 1712      7400
 1713              	.LASF39:
 1714 02bf 43795379 		.ascii	"CySysClkWriteImoFreq\000"
 1714      73436C6B 
 1714      57726974 
 1714      65496D6F 
 1714      46726571 
 1715              	.LASF7:
 1716 02d4 6C6F6E67 		.ascii	"long int\000"
 1716      20696E74 
 1716      00
 1717              	.LASF2:
 1718 02dd 6C6F6E67 		.ascii	"long double\000"
 1718      20646F75 
 1718      626C6500 
 1719              	.LASF3:
 1720 02e9 7369676E 		.ascii	"signed char\000"
ARM GAS  C:\Users\JANUSD~1\AppData\Local\Temp\ccQlSYZU.s 			page 41


 1720      65642063 
 1720      68617200 
 1721              	.LASF45:
 1722 02f5 47656E65 		.ascii	"Generated_Source\\PSoC4\\cyfitter_cfg.c\000"
 1722      72617465 
 1722      645F536F 
 1722      75726365 
 1722      5C50536F 
 1723              		.ident	"GCC: (GNU Tools for ARM Embedded Processors) 5.4.1 20160609 (release) [ARM/embedded-5-bran
