Archive member included to satisfy reference by file (symbol)

.\CortexM0\ARM_GCC_541\Debug\Code_Morse.a(Pin_Red.o)
                              .\CortexM0\ARM_GCC_541\Debug\main.o (Pin_Red_Write)
.\CortexM0\ARM_GCC_541\Debug\Code_Morse.a(CyLib.o)
                              .\CortexM0\ARM_GCC_541\Debug\cyfitter_cfg.o (CyIntEnable)
.\CortexM0\ARM_GCC_541\Debug\Code_Morse.a(CyLFClk.o)
                              .\CortexM0\ARM_GCC_541\Debug\cyfitter_cfg.o (CySysClkWcoStart)
.\CortexM0\ARM_GCC_541\Debug\Code_Morse.a(PWM_1.o)
                              .\CortexM0\ARM_GCC_541\Debug\main.o (PWM_1_WriteCompare)
.\CortexM0\ARM_GCC_541\Debug\Code_Morse.a(UART.o)
                              .\CortexM0\ARM_GCC_541\Debug\main.o (UART_Start)
.\CortexM0\ARM_GCC_541\Debug\Code_Morse.a(UART_SPI_UART.o)
                              .\CortexM0\ARM_GCC_541\Debug\main.o (UART_SpiUartWriteTxData)
.\CortexM0\ARM_GCC_541\Debug\Code_Morse.a(UART_UART.o)
                              .\CortexM0\ARM_GCC_541\Debug\Code_Morse.a(UART.o) (UART_UartInit)
.\CortexM0\ARM_GCC_541\Debug\Code_Morse.a(CyBootAsmGnu.o)
                              .\CortexM0\ARM_GCC_541\Debug\cyfitter_cfg.o (CyDelayCycles)
d:/programs/cypress/psoc creator/4.3/psoc creator/import/gnu/arm/5.4.1/bin/../lib/gcc/arm-none-eabi/5.4.1/armv6-m\libgcc.a(_udivsi3.o)
                              .\CortexM0\ARM_GCC_541\Debug\Code_Morse.a(CyLib.o) (__aeabi_uidiv)
d:/programs/cypress/psoc creator/4.3/psoc creator/import/gnu/arm/5.4.1/bin/../lib/gcc/arm-none-eabi/5.4.1/armv6-m\libgcc.a(_divsi3.o)
                              .\CortexM0\ARM_GCC_541\Debug\Code_Morse.a(CyLFClk.o) (__aeabi_idiv)
d:/programs/cypress/psoc creator/4.3/psoc creator/import/gnu/arm/5.4.1/bin/../lib/gcc/arm-none-eabi/5.4.1/armv6-m\libgcc.a(_dvmd_tls.o)
                              d:/programs/cypress/psoc creator/4.3/psoc creator/import/gnu/arm/5.4.1/bin/../lib/gcc/arm-none-eabi/5.4.1/armv6-m\libgcc.a(_udivsi3.o) (__aeabi_idiv0)
d:/programs/cypress/psoc creator/4.3/psoc creator/import/gnu/arm/5.4.1/bin/../lib/gcc/arm-none-eabi/5.4.1/../../../../arm-none-eabi/lib/armv6-m\libg_nano.a(lib_a-errno.o)
                              .\CortexM0\ARM_GCC_541\Debug\Cm0Start.o (__errno)
d:/programs/cypress/psoc creator/4.3/psoc creator/import/gnu/arm/5.4.1/bin/../lib/gcc/arm-none-eabi/5.4.1/../../../../arm-none-eabi/lib/armv6-m\libg_nano.a(lib_a-exit.o)
                              d:/programs/cypress/psoc creator/4.3/psoc creator/import/gnu/arm/5.4.1/bin/../lib/gcc/arm-none-eabi/5.4.1/../../../../arm-none-eabi/lib/armv6-m/crt0.o (exit)
d:/programs/cypress/psoc creator/4.3/psoc creator/import/gnu/arm/5.4.1/bin/../lib/gcc/arm-none-eabi/5.4.1/../../../../arm-none-eabi/lib/armv6-m\libg_nano.a(lib_a-impure.o)
                              d:/programs/cypress/psoc creator/4.3/psoc creator/import/gnu/arm/5.4.1/bin/../lib/gcc/arm-none-eabi/5.4.1/../../../../arm-none-eabi/lib/armv6-m\libg_nano.a(lib_a-exit.o) (_global_impure_ptr)
d:/programs/cypress/psoc creator/4.3/psoc creator/import/gnu/arm/5.4.1/bin/../lib/gcc/arm-none-eabi/5.4.1/../../../../arm-none-eabi/lib/armv6-m\libg_nano.a(lib_a-init.o)
                              d:/programs/cypress/psoc creator/4.3/psoc creator/import/gnu/arm/5.4.1/bin/../lib/gcc/arm-none-eabi/5.4.1/../../../../arm-none-eabi/lib/armv6-m/crt0.o (__libc_init_array)
d:/programs/cypress/psoc creator/4.3/psoc creator/import/gnu/arm/5.4.1/bin/../lib/gcc/arm-none-eabi/5.4.1/../../../../arm-none-eabi/lib/armv6-m\libg_nano.a(lib_a-malloc.o)
                              .\CortexM0\ARM_GCC_541\Debug\main.o (free)
d:/programs/cypress/psoc creator/4.3/psoc creator/import/gnu/arm/5.4.1/bin/../lib/gcc/arm-none-eabi/5.4.1/../../../../arm-none-eabi/lib/armv6-m\libg_nano.a(lib_a-memcpy-stub.o)
                              .\CortexM0\ARM_GCC_541\Debug\main.o (memcpy)
d:/programs/cypress/psoc creator/4.3/psoc creator/import/gnu/arm/5.4.1/bin/../lib/gcc/arm-none-eabi/5.4.1/../../../../arm-none-eabi/lib/armv6-m\libg_nano.a(lib_a-memset.o)
                              d:/programs/cypress/psoc creator/4.3/psoc creator/import/gnu/arm/5.4.1/bin/../lib/gcc/arm-none-eabi/5.4.1/../../../../arm-none-eabi/lib/armv6-m/crt0.o (memset)
d:/programs/cypress/psoc creator/4.3/psoc creator/import/gnu/arm/5.4.1/bin/../lib/gcc/arm-none-eabi/5.4.1/../../../../arm-none-eabi/lib/armv6-m\libg_nano.a(lib_a-nano-freer.o)
                              d:/programs/cypress/psoc creator/4.3/psoc creator/import/gnu/arm/5.4.1/bin/../lib/gcc/arm-none-eabi/5.4.1/../../../../arm-none-eabi/lib/armv6-m\libg_nano.a(lib_a-malloc.o) (_free_r)
d:/programs/cypress/psoc creator/4.3/psoc creator/import/gnu/arm/5.4.1/bin/../lib/gcc/arm-none-eabi/5.4.1/../../../../arm-none-eabi/lib/armv6-m\libg_nano.a(lib_a-nano-mallocr.o)
                              d:/programs/cypress/psoc creator/4.3/psoc creator/import/gnu/arm/5.4.1/bin/../lib/gcc/arm-none-eabi/5.4.1/../../../../arm-none-eabi/lib/armv6-m\libg_nano.a(lib_a-malloc.o) (_malloc_r)
[...]
Memory Configuration

Name             Origin             Length             Attributes
rom              0x00000000         0x00040000         xr
ram              0x20000000         0x00008000         xrw
*default*        0x00000000         0xffffffff

Linker script and memory map

LOAD d:/programs/cypress/psoc creator/4.3/psoc creator/import/gnu/arm/5.4.1/bin/../lib/gcc/arm-none-eabi/5.4.1/armv6-m/crti.o
LOAD d:/programs/cypress/psoc creator/4.3/psoc creator/import/gnu/arm/5.4.1/bin/../lib/gcc/arm-none-eabi/5.4.1/armv6-m/crtbegin.o
LOAD d:/programs/cypress/psoc creator/4.3/psoc creator/import/gnu/arm/5.4.1/bin/../lib/gcc/arm-none-eabi/5.4.1/../../../../arm-none-eabi/lib/armv6-m/crt0.o
START GROUP
LOAD .\CortexM0\ARM_GCC_541\Debug\main.o
LOAD .\CortexM0\ARM_GCC_541\Debug\cyfitter_cfg.o
LOAD .\CortexM0\ARM_GCC_541\Debug\cymetadata.o
LOAD .\CortexM0\ARM_GCC_541\Debug\Cm0Start.o
LOAD .\CortexM0\ARM_GCC_541\Debug\Code_Morse.a
END GROUP
START GROUP
LOAD d:/programs/cypress/psoc creator/4.3/psoc creator/import/gnu/arm/5.4.1/bin/../lib/gcc/arm-none-eabi/5.4.1/armv6-m\libgcc.a
LOAD d:/programs/cypress/psoc creator/4.3/psoc creator/import/gnu/arm/5.4.1/bin/../lib/gcc/arm-none-eabi/5.4.1/../../../../arm-none-eabi/lib/armv6-m\libg_nano.a
LOAD d:/programs/cypress/psoc creator/4.3/psoc creator/import/gnu/arm/5.4.1/bin/../lib/gcc/arm-none-eabi/5.4.1/../../../../arm-none-eabi/lib/armv6-m\libc_nano.a
END GROUP
START GROUP
LOAD d:/programs/cypress/psoc creator/4.3/psoc creator/import/gnu/arm/5.4.1/bin/../lib/gcc/arm-none-eabi/5.4.1/armv6-m\libgcc.a
LOAD d:/programs/cypress/psoc creator/4.3/psoc creator/import/gnu/arm/5.4.1/bin/../lib/gcc/arm-none-eabi/5.4.1/../../../../arm-none-eabi/lib/armv6-m\libc_nano.a
END GROUP
LOAD d:/programs/cypress/psoc creator/4.3/psoc creator/import/gnu/arm/5.4.1/bin/../lib/gcc/arm-none-eabi/5.4.1/armv6-m/crtend.o
LOAD d:/programs/cypress/psoc creator/4.3/psoc creator/import/gnu/arm/5.4.1/bin/../lib/gcc/arm-none-eabi/5.4.1/armv6-m/crtn.o
START GROUP
LOAD d:/programs/cypress/psoc creator/4.3/psoc creator/import/gnu/arm/5.4.1/bin/../lib/gcc/arm-none-eabi/5.4.1/armv6-m\libgcc.a
LOAD d:/programs/cypress/psoc creator/4.3/psoc creator/import/gnu/arm/5.4.1/bin/../lib/gcc/arm-none-eabi/5.4.1/../../../../arm-none-eabi/lib/armv6-m\libc.a
LOAD d:/programs/cypress/psoc creator/4.3/psoc creator/import/gnu/arm/5.4.1/bin/../lib/gcc/arm-none-eabi/5.4.1/../../../../arm-none-eabi/lib/armv6-m\libnosys.a
END GROUP
                0x00000000                CY_APPL_ORIGIN = 0x0
                0x00000100                CY_FLASH_ROW_SIZE = 0x100
                0x00000001                CY_APPL_NUM = 0x1
                0x00000001                CY_APPL_MAX = 0x1
                0x00000040                CY_METADATA_SIZE = 0x40
                0x00000000                CY_APPL_LOADABLE = 0x0
                0x00000000                CY_CHECKSUM_EXCLUDE_SIZE = ALIGN (0x0, CY_FLASH_ROW_SIZE)
                0x00000000                CY_APP_FOR_STACK_AND_COPIER = 0x0
                [!provide]                PROVIDE (__cy_heap_start, _end)
                0x00000001                PROVIDE (__cy_region_num, ((__cy_regions_end - __cy_regions) / 0x10))
                0x20008000                PROVIDE (__cy_stack, (ORIGIN (ram) + LENGTH (ram)))
                [!provide]                PROVIDE (__cy_heap_end, (__cy_stack - 0x800))

.cybootloader   0x00000000        0x0
 *(.cybootloader)
                0x00000000                appl1_start = CY_APPL_ORIGIN?CY_APPL_ORIGIN:ALIGN (CY_FLASH_ROW_SIZE)
                0x0001ff00                appl2_start = (appl1_start + ALIGN ((((LENGTH (rom) - appl1_start) - (0x2 * CY_FLASH_ROW_SIZE)) / 0x2), CY_FLASH_ROW_SIZE))
                0x00000000                appl_start = (CY_APPL_NUM == 0x1)?appl1_start:appl2_start
                0x00000001                cy_project_type_bootloader = (appl_start == 0x0)?0x1:0x0
                0x00000000                cy_project_type_app_for_stack_and_copier = (CY_APP_FOR_STACK_AND_COPIER == 0x1)?0x1:0x0

.text           0x00000000     0x1646
 CREATE_OBJECT_SYMBOLS
                0x00000000                PROVIDE (__cy_interrupt_vector, RomVectors)
 *(.romvectors)
 .romvectors    0x00000000       0x10 .\CortexM0\ARM_GCC_541\Debug\Cm0Start.o
                0x00000000                RomVectors
                0x00000001                ASSERT ((. != __cy_interrupt_vector), No interrupt vector)
                0x00000001                ASSERT (CY_APPL_ORIGIN?(SIZEOF (.cybootloader) <= CY_APPL_ORIGIN):0x1, Wrong image location)
                0x00000010                PROVIDE (__cy_reset, Reset)
 *(.text.Reset)
 .text.Reset    0x00000010        0x8 .\CortexM0\ARM_GCC_541\Debug\Cm0Start.o
                0x00000010                Reset
                0x00000001                ASSERT ((. != __cy_reset), No reset code)
 *(.psocinit)
 .psocinit      0x00000018      0x1e0 .\CortexM0\ARM_GCC_541\Debug\cyfitter_cfg.o
                0x00000110                cyfitter_cfg
                0x000001f8                . = MAX (., 0x100)
 *(.text .text.* .gnu.linkonce.t.*)
 .text          0x000001f8       0x60 d:/programs/cypress/psoc creator/4.3/psoc creator/import/gnu/arm/5.4.1/bin/../lib/gcc/arm-none-eabi/5.4.1/armv6-m/crtbegin.o
 .text.get_letter_pos
                0x00000258       0x24 .\CortexM0\ARM_GCC_541\Debug\main.o
                0x00000258                get_letter_pos
 .text.word_to_morse
                0x0000027c      0x12c .\CortexM0\ARM_GCC_541\Debug\main.o
                0x0000027c                word_to_morse
 .text.main     0x000003a8       0x58 .\CortexM0\ARM_GCC_541\Debug\main.o
                0x000003a8                main
 .text.cfg_write_bytes32
                0x00000400       0x34 .\CortexM0\ARM_GCC_541\Debug\cyfitter_cfg.o
 .text.AnalogSetDefault
                0x00000434       0x20 .\CortexM0\ARM_GCC_541\Debug\cyfitter_cfg.o
 .text.CYMEMZERO
                0x00000454        0xc .\CortexM0\ARM_GCC_541\Debug\cyfitter_cfg.o
 .text.IntDefaultHandler
                0x00000460       0x10 .\CortexM0\ARM_GCC_541\Debug\Cm0Start.o
                0x00000460                IntDefaultHandler
 .text._sbrk    0x00000470       0x30 .\CortexM0\ARM_GCC_541\Debug\Cm0Start.o
                0x00000470                _sbrk
 .text.Start_c  0x000004a0       0x48 .\CortexM0\ARM_GCC_541\Debug\Cm0Start.o
                0x000004a0                Start_c
 .text.initialize_psoc
                0x000004e8       0x4c .\CortexM0\ARM_GCC_541\Debug\Cm0Start.o
                0x000004e8                initialize_psoc
 .text.Pin_Red_Write
                0x00000534       0x18 .\CortexM0\ARM_GCC_541\Debug\Code_Morse.a(Pin_Red.o)
                0x00000534                Pin_Red_Write
 .text.CySysClkEcoReadStatus
                0x0000054c       0x10 .\CortexM0\ARM_GCC_541\Debug\Code_Morse.a(CyLib.o)
                0x0000054c                CySysClkEcoReadStatus
 .text.CyIntEnable
                0x0000055c       0x14 .\CortexM0\ARM_GCC_541\Debug\Code_Morse.a(CyLib.o)
                0x0000055c                CyIntEnable
 .text.CyHalt   0x00000570        0x4 .\CortexM0\ARM_GCC_541\Debug\Code_Morse.a(CyLib.o)
                0x00000570                CyHalt
 .text.CyIntSetVector
                0x00000574       0x24 .\CortexM0\ARM_GCC_541\Debug\Code_Morse.a(CyLib.o)
                0x00000574                CyIntSetVector
 .text.CyDelay  0x00000598       0x30 .\CortexM0\ARM_GCC_541\Debug\Code_Morse.a(CyLib.o)
                0x00000598                CyDelay
 .text.CyDelayUs
                0x000005c8       0x14 .\CortexM0\ARM_GCC_541\Debug\Code_Morse.a(CyLib.o)
                0x000005c8                CyDelayUs
 .text.CySysClkWriteImoFreq
                0x000005dc      0x164 .\CortexM0\ARM_GCC_541\Debug\Code_Morse.a(CyLib.o)
                0x000005dc                CySysClkWriteImoFreq
 .text.CySysClkEcoStart
                0x00000740       0x54 .\CortexM0\ARM_GCC_541\Debug\Code_Morse.a(CyLib.o)
                0x00000740                CySysClkEcoStart
 .text.CySysWdtLocked
                0x00000794       0x14 .\CortexM0\ARM_GCC_541\Debug\Code_Morse.a(CyLFClk.o)
 .text.CySysClkWcoStart
                0x000007a8       0x40 .\CortexM0\ARM_GCC_541\Debug\Code_Morse.a(CyLFClk.o)
                0x000007a8                CySysClkWcoStart
 .text.CySysClkWcoSetPowerMode
                0x000007e8       0x80 .\CortexM0\ARM_GCC_541\Debug\Code_Morse.a(CyLFClk.o)
                0x000007e8                CySysClkWcoSetPowerMode
 .text.CySysWdtLock
                0x00000868       0x1c .\CortexM0\ARM_GCC_541\Debug\Code_Morse.a(CyLFClk.o)
                0x00000868                CySysWdtLock
 .text.CySysWdtUnlock
                0x00000884       0x30 .\CortexM0\ARM_GCC_541\Debug\Code_Morse.a(CyLFClk.o)
                0x00000884                CySysWdtUnlock
 .text.CySysWdtClearInterrupt
                0x000008b4       0x4c .\CortexM0\ARM_GCC_541\Debug\Code_Morse.a(CyLFClk.o)
                0x000008b4                CySysWdtClearInterrupt
 .text.CySysWdtIsr
                0x00000900       0xa4 .\CortexM0\ARM_GCC_541\Debug\Code_Morse.a(CyLFClk.o)
                0x00000900                CySysWdtIsr
 .text.PWM_1_WriteCounter
                0x000009a4       0x10 .\CortexM0\ARM_GCC_541\Debug\Code_Morse.a(PWM_1.o)
                0x000009a4                PWM_1_WriteCounter
 .text.PWM_1_WritePeriod
                0x000009b4       0x10 .\CortexM0\ARM_GCC_541\Debug\Code_Morse.a(PWM_1.o)
                0x000009b4                PWM_1_WritePeriod
 .text.PWM_1_WriteCompare
                0x000009c4       0x10 .\CortexM0\ARM_GCC_541\Debug\Code_Morse.a(PWM_1.o)
                0x000009c4                PWM_1_WriteCompare
 .text.PWM_1_TriggerCommand
                0x000009d4       0x1c .\CortexM0\ARM_GCC_541\Debug\Code_Morse.a(PWM_1.o)
                0x000009d4                PWM_1_TriggerCommand
 .text.PWM_1_Enable
                0x000009f0       0x24 .\CortexM0\ARM_GCC_541\Debug\Code_Morse.a(PWM_1.o)
                0x000009f0                PWM_1_Enable
 .text.PWM_1_SetInterruptMode
                0x00000a14        0xc .\CortexM0\ARM_GCC_541\Debug\Code_Morse.a(PWM_1.o)
                0x00000a14                PWM_1_SetInterruptMode
 .text.PWM_1_Init
                0x00000a20       0x4c .\CortexM0\ARM_GCC_541\Debug\Code_Morse.a(PWM_1.o)
                0x00000a20                PWM_1_Init
 .text.PWM_1_Start
                0x00000a6c       0x20 .\CortexM0\ARM_GCC_541\Debug\Code_Morse.a(PWM_1.o)
                0x00000a6c                PWM_1_Start
 .text.UART_ScbModePostEnable
                0x00000a8c        0x8 .\CortexM0\ARM_GCC_541\Debug\Code_Morse.a(UART.o)
 .text.UART_Init
                0x00000a94        0x8 .\CortexM0\ARM_GCC_541\Debug\Code_Morse.a(UART.o)
                0x00000a94                UART_Init
 .text.UART_Enable
                0x00000a9c       0x18 .\CortexM0\ARM_GCC_541\Debug\Code_Morse.a(UART.o)
                0x00000a9c                UART_Enable
 .text.UART_Start
                0x00000ab4       0x20 .\CortexM0\ARM_GCC_541\Debug\Code_Morse.a(UART.o)
                0x00000ab4                UART_Start
 .text.UART_SpiUartReadRxData
                0x00000ad4        0xc .\CortexM0\ARM_GCC_541\Debug\Code_Morse.a(UART_SPI_UART.o)
                0x00000ad4                UART_SpiUartReadRxData
 .text.UART_SpiUartGetRxBufferSize
                0x00000ae0       0x10 .\CortexM0\ARM_GCC_541\Debug\Code_Morse.a(UART_SPI_UART.o)
                0x00000ae0                UART_SpiUartGetRxBufferSize
 .text.UART_SpiUartWriteTxData
                0x00000af0       0x1c .\CortexM0\ARM_GCC_541\Debug\Code_Morse.a(UART_SPI_UART.o)
                0x00000af0                UART_SpiUartWriteTxData
 .text.UART_UartInit
                0x00000b0c       0xa8 .\CortexM0\ARM_GCC_541\Debug\Code_Morse.a(UART_UART.o)
                0x00000b0c                UART_UartInit
 .text.UART_UartPostEnable
                0x00000bb4       0x2c .\CortexM0\ARM_GCC_541\Debug\Code_Morse.a(UART_UART.o)
                0x00000bb4                UART_UartPostEnable
 .text.UART_UartGetChar
                0x00000be0       0x2c .\CortexM0\ARM_GCC_541\Debug\Code_Morse.a(UART_UART.o)
                0x00000be0                UART_UartGetChar
 .text.UART_UartPutString
                0x00000c0c       0x18 .\CortexM0\ARM_GCC_541\Debug\Code_Morse.a(UART_UART.o)
                0x00000c0c                UART_UartPutString
 *fill*         0x00000c24        0x4 
 .text          0x00000c28       0x20 .\CortexM0\ARM_GCC_541\Debug\Code_Morse.a(CyBootAsmGnu.o)
                0x00000c28                CyDelayCycles
                0x00000c3a                CyEnterCriticalSection
                0x00000c42                CyExitCriticalSection
 .text          0x00000c48      0x114 d:/programs/cypress/psoc creator/4.3/psoc creator/import/gnu/arm/5.4.1/bin/../lib/gcc/arm-none-eabi/5.4.1/armv6-m\libgcc.a(_udivsi3.o)
                0x00000c48                __aeabi_uidiv
                0x00000c48                __udivsi3
                0x00000d54                __aeabi_uidivmod
 .text          0x00000d5c        0x4 d:/programs/cypress/psoc creator/4.3/psoc creator/import/gnu/arm/5.4.1/bin/../lib/gcc/arm-none-eabi/5.4.1/armv6-m\libgcc.a(_dvmd_tls.o)
                0x00000d5c                __aeabi_idiv0
                0x00000d5c                __aeabi_ldiv0
 .text.__errno  0x00000d60        0xc d:/programs/cypress/psoc creator/4.3/psoc creator/import/gnu/arm/5.4.1/bin/../lib/gcc/arm-none-eabi/5.4.1/../../../../arm-none-eabi/lib/armv6-m\libg_nano.a(lib_a-errno.o)
                0x00000d60                __errno
 .text.__libc_init_array
                0x00000d6c       0x4c d:/programs/cypress/psoc creator/4.3/psoc creator/import/gnu/arm/5.4.1/bin/../lib/gcc/arm-none-eabi/5.4.1/../../../../arm-none-eabi/lib/armv6-m\libg_nano.a(lib_a-init.o)
                0x00000d6c                __libc_init_array
 .text.free     0x00000db8       0x14 d:/programs/cypress/psoc creator/4.3/psoc creator/import/gnu/arm/5.4.1/bin/../lib/gcc/arm-none-eabi/5.4.1/../../../../arm-none-eabi/lib/armv6-m\libg_nano.a(lib_a-malloc.o)
                0x00000db8                free
 .text.memcpy   0x00000dcc       0x12 d:/programs/cypress/psoc creator/4.3/psoc creator/import/gnu/arm/5.4.1/bin/../lib/gcc/arm-none-eabi/5.4.1/../../../../arm-none-eabi/lib/armv6-m\libg_nano.a(lib_a-memcpy-stub.o)
                0x00000dcc                memcpy
 .text.memset   0x00000dde       0x10 d:/programs/cypress/psoc creator/4.3/psoc creator/import/gnu/arm/5.4.1/bin/../lib/gcc/arm-none-eabi/5.4.1/../../../../arm-none-eabi/lib/armv6-m\libg_nano.a(lib_a-memset.o)
                0x00000dde                memset
 *fill*         0x00000dee        0x2 
 .text._free_r  0x00000df0       0x98 d:/programs/cypress/psoc creator/4.3/psoc creator/import/gnu/arm/5.4.1/bin/../lib/gcc/arm-none-eabi/5.4.1/../../../../arm-none-eabi/lib/armv6-m\libg_nano.a(lib_a-nano-freer.o)
                0x00000df0                _free_r
 .text._malloc_r
                0x00000e88       0xc0 d:/programs/cypress/psoc creator/4.3/psoc creator/import/gnu/arm/5.4.1/bin/../lib/gcc/arm-none-eabi/5.4.1/../../../../arm-none-eabi/lib/armv6-m\libg_nano.a(lib_a-nano-mallocr.o)
                0x00000e88                _malloc_r
 .text._sbrk_r  0x00000f48       0x24 d:/programs/cypress/psoc creator/4.3/psoc creator/import/gnu/arm/5.4.1/bin/../lib/gcc/arm-none-eabi/5.4.1/../../../../arm-none-eabi/lib/armv6-m\libg_nano.a(lib_a-sbrkr.o)
                0x00000f48                _sbrk_r
 .text.sprintf  0x00000f6c       0x44 d:/programs/cypress/psoc creator/4.3/psoc creator/import/gnu/arm/5.4.1/bin/../lib/gcc/arm-none-eabi/5.4.1/../../../../arm-none-eabi/lib/armv6-m\libg_nano.a(lib_a-sprintf.o)
                0x00000f6c                siprintf
                0x00000f6c                sprintf
 .text          0x00000fb0        0xe d:/programs/cypress/psoc creator/4.3/psoc creator/import/gnu/arm/5.4.1/bin/../lib/gcc/arm-none-eabi/5.4.1/../../../../arm-none-eabi/lib/armv6-m\libg_nano.a(lib_a-strlen.o)
                0x00000fb0                strlen
 .text.__malloc_lock
                0x00000fbe        0x2 d:/programs/cypress/psoc creator/4.3/psoc creator/import/gnu/arm/5.4.1/bin/../lib/gcc/arm-none-eabi/5.4.1/../../../../arm-none-eabi/lib/armv6-m\libg_nano.a(lib_a-mlock.o)
                0x00000fbe                __malloc_lock
 .text.__malloc_unlock
                0x00000fc0        0x2 d:/programs/cypress/psoc creator/4.3/psoc creator/import/gnu/arm/5.4.1/bin/../lib/gcc/arm-none-eabi/5.4.1/../../../../arm-none-eabi/lib/armv6-m\libg_nano.a(lib_a-mlock.o)
                0x00000fc0                __malloc_unlock
 *fill*         0x00000fc2        0x2 
 .text.__ssputs_r
                0x00000fc4       0xc4 d:/programs/cypress/psoc creator/4.3/psoc creator/import/gnu/arm/5.4.1/bin/../lib/gcc/arm-none-eabi/5.4.1/../../../../arm-none-eabi/lib/armv6-m\libg_nano.a(lib_a-nano-svfprintf.o)
                0x00000fc4                __ssputs_r
 .text._svfprintf_r
                0x00001088      0x1fc d:/programs/cypress/psoc creator/4.3/psoc creator/import/gnu/arm/5.4.1/bin/../lib/gcc/arm-none-eabi/5.4.1/../../../../arm-none-eabi/lib/armv6-m\libg_nano.a(lib_a-nano-svfprintf.o)
                0x00001088                _svfiprintf_r
                0x00001088                _svfprintf_r
 .text._printf_common
                0x00001284       0xdc d:/programs/cypress/psoc creator/4.3/psoc creator/import/gnu/arm/5.4.1/bin/../lib/gcc/arm-none-eabi/5.4.1/../../../../arm-none-eabi/lib/armv6-m\libg_nano.a(lib_a-nano-vfprintf_i.o)
                0x00001284                _printf_common
 .text._printf_i
                0x00001360      0x244 d:/programs/cypress/psoc creator/4.3/psoc creator/import/gnu/arm/5.4.1/bin/../lib/gcc/arm-none-eabi/5.4.1/../../../../arm-none-eabi/lib/armv6-m\libg_nano.a(lib_a-nano-vfprintf_i.o)
                0x00001360                _printf_i
 .text.memchr   0x000015a4       0x16 d:/programs/cypress/psoc creator/4.3/psoc creator/import/gnu/arm/5.4.1/bin/../lib/gcc/arm-none-eabi/5.4.1/../../../../arm-none-eabi/lib/armv6-m\libg_nano.a(lib_a-memchr-stub.o)
                0x000015a4                memchr
 .text.memmove  0x000015ba       0x2a d:/programs/cypress/psoc creator/4.3/psoc creator/import/gnu/arm/5.4.1/bin/../lib/gcc/arm-none-eabi/5.4.1/../../../../arm-none-eabi/lib/armv6-m\libg_nano.a(lib_a-memmove.o)
                0x000015ba                memmove
 .text._realloc_r
                0x000015e4       0x4c d:/programs/cypress/psoc creator/4.3/psoc creator/import/gnu/arm/5.4.1/bin/../lib/gcc/arm-none-eabi/5.4.1/../../../../arm-none-eabi/lib/armv6-m\libg_nano.a(lib_a-nano-reallocr.o)
                0x000015e4                _realloc_r
 .text._malloc_usable_size_r
                0x00001630       0x16 d:/programs/cypress/psoc creator/4.3/psoc creator/import/gnu/arm/5.4.1/bin/../lib/gcc/arm-none-eabi/5.4.1/../../../../arm-none-eabi/lib/armv6-m\libg_nano.a(lib_a-nano-msizer.o)
                0x00001630                _malloc_usable_size_r
 *(.plt)
 *(.gnu.warning)
 *(.glue_7t)
 .glue_7t       0x00001646        0x0 linker stubs
 *(.glue_7)
 .glue_7        0x00001646        0x0 linker stubs
 *(.vfp11_veneer)
 .vfp11_veneer  0x00001646        0x0 linker stubs
 *(.bootloader)
 *(.ARM.extab* .gnu.linkonce.armextab.*)
 *(.gcc_except_table)

.v4_bx          0x00001648        0x0
 .v4_bx         0x00001648        0x0 linker stubs

.iplt           0x00001648        0x0
 .iplt          0x00001648        0x0 d:/programs/cypress/psoc creator/4.3/psoc creator/import/gnu/arm/5.4.1/bin/../lib/gcc/arm-none-eabi/5.4.1/armv6-m/crtbegin.o

.eh_frame_hdr
 *(.eh_frame_hdr)

.eh_frame       0x00001648        0x4
 *(.eh_frame)
 .eh_frame      0x00001648        0x0 d:/programs/cypress/psoc creator/4.3/psoc creator/import/gnu/arm/5.4.1/bin/../lib/gcc/arm-none-eabi/5.4.1/armv6-m/crtbegin.o
 .eh_frame      0x00001648        0x4 d:/programs/cypress/psoc creator/4.3/psoc creator/import/gnu/arm/5.4.1/bin/../lib/gcc/arm-none-eabi/5.4.1/armv6-m/crtend.o
                [!provide]                PROVIDE (__exidx_start, .)

.ARM.exidx
 *(.ARM.exidx* .gnu.linkonce.armexidx.*)
                0x0000164c                __exidx_end = .

.rodata         0x0000164c       0xe4
 *(.rodata .rodata.* .gnu.linkonce.r.*)
 .rodata.str1.4
                0x0000164c       0x30 .\CortexM0\ARM_GCC_541\Debug\main.o
 .rodata        0x0000167c       0x18 .\CortexM0\ARM_GCC_541\Debug\cyfitter_cfg.o
 .rodata        0x00001694       0x2e .\CortexM0\ARM_GCC_541\Debug\Code_Morse.a(CyLib.o)
                0x00001694                cyImoFreqMhz2Reg
 .rodata.str1.1
                0x000016c2        0x2 d:/programs/cypress/psoc creator/4.3/psoc creator/import/gnu/arm/5.4.1/bin/../lib/gcc/arm-none-eabi/5.4.1/../../../../arm-none-eabi/lib/armv6-m\libg_nano.a(lib_a-impure.o)
 .rodata.str1.1
                0x000016c4       0x11 d:/programs/cypress/psoc creator/4.3/psoc creator/import/gnu/arm/5.4.1/bin/../lib/gcc/arm-none-eabi/5.4.1/../../../../arm-none-eabi/lib/armv6-m\libg_nano.a(lib_a-nano-svfprintf.o)
 .rodata.str1.1
                0x000016d5       0x22 d:/programs/cypress/psoc creator/4.3/psoc creator/import/gnu/arm/5.4.1/bin/../lib/gcc/arm-none-eabi/5.4.1/../../../../arm-none-eabi/lib/armv6-m\libg_nano.a(lib_a-nano-vfprintf_i.o)
                0x000016f8                . = ALIGN (0x4)
 *fill*         0x000016f7        0x1 
 *(.init)
 .init          0x000016f8        0x4 d:/programs/cypress/psoc creator/4.3/psoc creator/import/gnu/arm/5.4.1/bin/../lib/gcc/arm-none-eabi/5.4.1/armv6-m/crti.o
                0x000016f8                _init
 .init          0x000016fc        0x8 d:/programs/cypress/psoc creator/4.3/psoc creator/import/gnu/arm/5.4.1/bin/../lib/gcc/arm-none-eabi/5.4.1/armv6-m/crtn.o
                0x00001704                . = ALIGN (0x4)
                0x00001704                __preinit_array_start = .
 *(.preinit_array)
                0x00001704                __preinit_array_end = .
                0x00001704                . = ALIGN (0x4)
                0x00001704                __init_array_start = .
 *(SORT(.init_array.*))
 *(.init_array)
 .init_array    0x00001704        0x4 d:/programs/cypress/psoc creator/4.3/psoc creator/import/gnu/arm/5.4.1/bin/../lib/gcc/arm-none-eabi/5.4.1/armv6-m/crtbegin.o
 .init_array    0x00001708        0x4 .\CortexM0\ARM_GCC_541\Debug\Cm0Start.o
                0x0000170c                __init_array_end = .
                0x0000170c                . = ALIGN (0x4)
 *(.fini)
 .fini          0x0000170c        0x4 d:/programs/cypress/psoc creator/4.3/psoc creator/import/gnu/arm/5.4.1/bin/../lib/gcc/arm-none-eabi/5.4.1/armv6-m/crti.o
                0x0000170c                _fini
 .fini          0x00001710        0x8 d:/programs/cypress/psoc creator/4.3/psoc creator/import/gnu/arm/5.4.1/bin/../lib/gcc/arm-none-eabi/5.4.1/armv6-m/crtn.o
                0x00001718                . = ALIGN (0x4)
                0x00001718                __fini_array_start = .
 *(.fini_array)
 .fini_array    0x00001718        0x4 d:/programs/cypress/psoc creator/4.3/psoc creator/import/gnu/arm/5.4.1/bin/../lib/gcc/arm-none-eabi/5.4.1/armv6-m/crtbegin.o
 *(SORT(.fini_array.*))
                0x0000171c                __fini_array_end = .
                0x0000171c                . = ALIGN (0x4)
 *crtbegin.o(.ctors)
 *(EXCLUDE_FILE(*crtend.o) .ctors)
 *(SORT(.ctors.*))
 *crtend.o(.ctors)
                0x0000171c                . = ALIGN (0x4)
 *crtbegin.o(.dtors)
 *(EXCLUDE_FILE(*crtend.o) .dtors)
 *(SORT(.dtors.*))
 *crtend.o(.dtors)
                0x0000171c                . = ALIGN (0x4)
                0x0000171c                __cy_regions = .
                0x0000171c        0x4 LONG 0x1730 __cy_region_init_ram
                0x00001720        0x4 LONG 0x200000c0 __cy_region_start_data
                0x00001724        0x4 LONG 0xb0 __cy_region_init_size_ram
                0x00001728        0x4 LONG 0x70 __cy_region_zero_size_ram
                0x0000172c                __cy_regions_end = .
                0x00001730                . = ALIGN (0x8)
 *fill*         0x0000172c        0x4 
                0x00001730                _etext = .

.cy_checksum_exclude
                0x00001730        0x0
 *(.cy_checksum_exclude)

.ramvectors     0x20000000       0xc0
                0x20000000                __cy_region_start_ram = .
 *(.ramvectors)
 .ramvectors    0x20000000       0xc0 .\CortexM0\ARM_GCC_541\Debug\Cm0Start.o
                0x20000000                CyRamVectors

.noinit
 *(.noinit)

.data           0x200000c0       0xb0 load address 0x00001730
                0x200000c0                __cy_region_start_data = .
 *(.jcr)
 .jcr           0x200000c0        0x0 d:/programs/cypress/psoc creator/4.3/psoc creator/import/gnu/arm/5.4.1/bin/../lib/gcc/arm-none-eabi/5.4.1/armv6-m/crtbegin.o
 .jcr           0x200000c0        0x4 d:/programs/cypress/psoc creator/4.3/psoc creator/import/gnu/arm/5.4.1/bin/../lib/gcc/arm-none-eabi/5.4.1/armv6-m/crtend.o
 *(.got.plt)
 *(.got)
 *(.shdata)
 *(.data .data.* .gnu.linkonce.d.*)
 .data          0x200000c4       0x28 .\CortexM0\ARM_GCC_541\Debug\main.o
                0x200000c4                letter_to_morse
                0x200000e8                DOT_LEN_DELAY
 .data          0x200000ec        0x4 .\CortexM0\ARM_GCC_541\Debug\Cm0Start.o
 .data          0x200000f0       0x14 .\CortexM0\ARM_GCC_541\Debug\Code_Morse.a(CyLib.o)
                0x200000f0                CySysClkPumpConfig
                0x200000f4                cydelay32kMs
                0x200000f8                cydelayFreqKhz
                0x200000fc                cydelayFreqMhz
                0x20000100                cydelayFreqHz
 .data          0x20000104        0x8 .\CortexM0\ARM_GCC_541\Debug\Code_Morse.a(CyLFClk.o)
 .data.impure_data
                0x2000010c       0x60 d:/programs/cypress/psoc creator/4.3/psoc creator/import/gnu/arm/5.4.1/bin/../lib/gcc/arm-none-eabi/5.4.1/../../../../arm-none-eabi/lib/armv6-m\libg_nano.a(lib_a-impure.o)
 .data._impure_ptr
                0x2000016c        0x4 d:/programs/cypress/psoc creator/4.3/psoc creator/import/gnu/arm/5.4.1/bin/../lib/gcc/arm-none-eabi/5.4.1/../../../../arm-none-eabi/lib/armv6-m\libg_nano.a(lib_a-impure.o)
                0x2000016c                _impure_ptr
                0x20000170                . = ALIGN (0x8)
 *(.ram)
                0x20000170                _edata = .

.igot.plt       0x20000170        0x0 load address 0x000017e0
 .igot.plt      0x20000170        0x0 d:/programs/cypress/psoc creator/4.3/psoc creator/import/gnu/arm/5.4.1/bin/../lib/gcc/arm-none-eabi/5.4.1/armv6-m/crtbegin.o

.bss            0x20000170       0x70 load address 0x000017e0
                0x20000170                PROVIDE (__bss_start__, .)
 *(.shbss)
 *(.bss .bss.* .gnu.linkonce.b.*)
 .bss           0x20000170       0x1c d:/programs/cypress/psoc creator/4.3/psoc creator/import/gnu/arm/5.4.1/bin/../lib/gcc/arm-none-eabi/5.4.1/armv6-m/crtbegin.o
 .bss           0x2000018c       0x28 .\CortexM0\ARM_GCC_541\Debug\Code_Morse.a(CyLFClk.o)
 .bss           0x200001b4        0x1 .\CortexM0\ARM_GCC_541\Debug\Code_Morse.a(PWM_1.o)
                0x200001b4                PWM_1_initVar
 *fill*         0x200001b5        0x1 
 .bss           0x200001b6        0x4 .\CortexM0\ARM_GCC_541\Debug\Code_Morse.a(UART.o)
                0x200001b6                UART_initVar
                0x200001b8                UART_IntrTxMask
 *fill*         0x200001ba        0x2 
 .bss.__malloc_sbrk_start
                0x200001bc        0x4 d:/programs/cypress/psoc creator/4.3/psoc creator/import/gnu/arm/5.4.1/bin/../lib/gcc/arm-none-eabi/5.4.1/../../../../arm-none-eabi/lib/armv6-m\libg_nano.a(lib_a-nano-mallocr.o)
                0x200001bc                __malloc_sbrk_start
 .bss.__malloc_free_list
                0x200001c0        0x4 d:/programs/cypress/psoc creator/4.3/psoc creator/import/gnu/arm/5.4.1/bin/../lib/gcc/arm-none-eabi/5.4.1/../../../../arm-none-eabi/lib/armv6-m\libg_nano.a(lib_a-nano-mallocr.o)
                0x200001c0                __malloc_free_list
 *(COMMON)
 COMMON         0x200001c4       0x14 .\CortexM0\ARM_GCC_541\Debug\main.o
                0x200001c4                TEXT_BUF
 COMMON         0x200001d8        0x4 d:/programs/cypress/psoc creator/4.3/psoc creator/import/gnu/arm/5.4.1/bin/../lib/gcc/arm-none-eabi/5.4.1/../../../../arm-none-eabi/lib/armv6-m\libg_nano.a(lib_a-reent.o)
                0x200001d8                errno
                0x200001e0                . = ALIGN (0x8)
 *fill*         0x200001dc        0x4 
 *(.ram.b)
                0x200001e0                _end = .
                0x200001e0                __end = .
                0x200001e0                PROVIDE (end, .)
                0x200001e0                PROVIDE (__bss_end__, .)
                0x00001730                __cy_region_init_ram = LOADADDR (.data)
                0x000000b0                __cy_region_init_size_ram = (_edata - ADDR (.data))
                0x00000070                __cy_region_zero_size_ram = (_end - _edata)

.heap           0x200001e0       0x80 load address 0x000017e0
                0x200001e0                . = _end
                0x20000260                . = (. + 0x80)
 *fill*         0x200001e0       0x80 
                0x20000260                __cy_heap_limit = .

.stack          0x20007800      0x800
                0x20007800                __cy_stack_limit = .
                0x20008000                . = (. + 0x800)
 *fill*         0x20007800      0x800 
                0x00000001                ASSERT ((__cy_stack_limit >= __cy_heap_limit), region RAM overflowed with stack)
                0x00000000                cy_checksum_exclude_size = (CY_APPL_LOADABLE == 0x1)?SIZEOF (.cy_checksum_exclude):0x0
                0x00000001                ASSERT ((cy_checksum_exclude_size <= CY_CHECKSUM_EXCLUDE_SIZE), CY_BOOT: Section .cy_checksum_exclude size exceedes specified limit.)
                0x0003ffc0                cyloadermeta_start = (cy_project_type_bootloader || cy_project_type_app_for_stack_and_copier)?(LENGTH (rom) - CY_METADATA_SIZE):0xf0000000

.cyloadermeta
 *(.cyloadermeta)
                0x0003ffc0                cyloadablemeta_start = cy_project_type_app_for_stack_and_copier?((LENGTH (rom) - CY_FLASH_ROW_SIZE) - CY_METADATA_SIZE):((LENGTH (rom) - (CY_FLASH_ROW_SIZE * (CY_APPL_NUM - 0x1))) - CY_METADATA_SIZE)

.cyloadablemeta
 *(.cyloadablemeta)

.cyflashprotect
                0x90400000       0x80
 *(.cyflashprotect)
 .cyflashprotect
                0x90400000       0x80 .\CortexM0\ARM_GCC_541\Debug\cymetadata.o
                0x90400000                cy_meta_flashprotect

.cymeta         0x90500000        0xc
 *(.cymeta)
 .cymeta        0x90500000        0xc .\CortexM0\ARM_GCC_541\Debug\cymetadata.o
                0x90500000                cy_metadata

.cychipprotect  0x90600000        0x1
 *(.cychipprotect)
 .cychipprotect
                0x90600000        0x1 .\CortexM0\ARM_GCC_541\Debug\cymetadata.o
                0x90600000                cy_meta_chipprotect

.rel.dyn        0x000017e0        0x0 load address 0x90600004
 .rel.iplt      0x000017e0        0x0 d:/programs/cypress/psoc creator/4.3/psoc creator/import/gnu/arm/5.4.1/bin/../lib/gcc/arm-none-eabi/5.4.1/armv6-m/crtbegin.o

.stab
 *(.stab)

.stabstr
 *(.stabstr)

.debug
 *(.debug)

.line
 *(.line)

.debug_srcinfo
 *(.debug_srcinfo)

.debug_sfnames
 *(.debug_sfnames)

.debug_aranges  0x00000000      0x730
 *(.debug_aranges)
 .debug_aranges
                0x00000000       0x30 .\CortexM0\ARM_GCC_541\Debug\main.o
 .debug_aranges
                0x00000030       0x40 .\CortexM0\ARM_GCC_541\Debug\cyfitter_cfg.o
 .debug_aranges
                0x00000070       0x18 .\CortexM0\ARM_GCC_541\Debug\cymetadata.o
 .debug_aranges
                0x00000088       0x48 .\CortexM0\ARM_GCC_541\Debug\Cm0Start.o
 .debug_aranges
                0x000000d0       0x48 .\CortexM0\ARM_GCC_541\Debug\Code_Morse.a(Pin_Red.o)
 .debug_aranges
                0x00000118      0x1d0 .\CortexM0\ARM_GCC_541\Debug\Code_Morse.a(CyLib.o)
 .debug_aranges
                0x000002e8      0x188 .\CortexM0\ARM_GCC_541\Debug\Code_Morse.a(CyLFClk.o)
 .debug_aranges
                0x00000470      0x158 .\CortexM0\ARM_GCC_541\Debug\Code_Morse.a(PWM_1.o)
 .debug_aranges
                0x000005c8       0x58 .\CortexM0\ARM_GCC_541\Debug\Code_Morse.a(UART.o)
 .debug_aranges
                0x00000620       0x60 .\CortexM0\ARM_GCC_541\Debug\Code_Morse.a(UART_SPI_UART.o)
 .debug_aranges
                0x00000680       0x90 .\CortexM0\ARM_GCC_541\Debug\Code_Morse.a(UART_UART.o)
 .debug_aranges
                0x00000710       0x20 .\CortexM0\ARM_GCC_541\Debug\Code_Morse.a(CyBootAsmGnu.o)

.debug_pubnames
 *(.debug_pubnames)

.debug_info     0x00000000     0x3ef8
 *(.debug_info .gnu.linkonce.wi.*)
 .debug_info    0x00000000      0x518 .\CortexM0\ARM_GCC_541\Debug\main.o
 .debug_info    0x00000518      0x450 .\CortexM0\ARM_GCC_541\Debug\cyfitter_cfg.o
 .debug_info    0x00000968       0xf8 .\CortexM0\ARM_GCC_541\Debug\cymetadata.o
 .debug_info    0x00000a60      0x3a2 .\CortexM0\ARM_GCC_541\Debug\Cm0Start.o
 .debug_info    0x00000e02      0x19d .\CortexM0\ARM_GCC_541\Debug\Code_Morse.a(Pin_Red.o)
 .debug_info    0x00000f9f      0xd2c .\CortexM0\ARM_GCC_541\Debug\Code_Morse.a(CyLib.o)
 .debug_info    0x00001ccb     0x1071 .\CortexM0\ARM_GCC_541\Debug\Code_Morse.a(CyLFClk.o)
 .debug_info    0x00002d3c      0x90b .\CortexM0\ARM_GCC_541\Debug\Code_Morse.a(PWM_1.o)
 .debug_info    0x00003647      0x23a .\CortexM0\ARM_GCC_541\Debug\Code_Morse.a(UART.o)
 .debug_info    0x00003881      0x220 .\CortexM0\ARM_GCC_541\Debug\Code_Morse.a(UART_SPI_UART.o)
 .debug_info    0x00003aa1      0x3b5 .\CortexM0\ARM_GCC_541\Debug\Code_Morse.a(UART_UART.o)
 .debug_info    0x00003e56       0xa2 .\CortexM0\ARM_GCC_541\Debug\Code_Morse.a(CyBootAsmGnu.o)

.debug_abbrev   0x00000000      0xebe
 *(.debug_abbrev)
 .debug_abbrev  0x00000000      0x175 .\CortexM0\ARM_GCC_541\Debug\main.o
 .debug_abbrev  0x00000175      0x1af .\CortexM0\ARM_GCC_541\Debug\cyfitter_cfg.o
 .debug_abbrev  0x00000324       0x5d .\CortexM0\ARM_GCC_541\Debug\cymetadata.o
 .debug_abbrev  0x00000381      0x1d7 .\CortexM0\ARM_GCC_541\Debug\Cm0Start.o
 .debug_abbrev  0x00000558       0xc8 .\CortexM0\ARM_GCC_541\Debug\Code_Morse.a(Pin_Red.o)
 .debug_abbrev  0x00000620      0x1d3 .\CortexM0\ARM_GCC_541\Debug\Code_Morse.a(CyLib.o)
 .debug_abbrev  0x000007f3      0x248 .\CortexM0\ARM_GCC_541\Debug\Code_Morse.a(CyLFClk.o)
 .debug_abbrev  0x00000a3b      0x119 .\CortexM0\ARM_GCC_541\Debug\Code_Morse.a(PWM_1.o)
 .debug_abbrev  0x00000b54       0xd5 .\CortexM0\ARM_GCC_541\Debug\Code_Morse.a(UART.o)
 .debug_abbrev  0x00000c29      0x14f .\CortexM0\ARM_GCC_541\Debug\Code_Morse.a(UART_SPI_UART.o)
 .debug_abbrev  0x00000d78      0x132 .\CortexM0\ARM_GCC_541\Debug\Code_Morse.a(UART_UART.o)
 .debug_abbrev  0x00000eaa       0x14 .\CortexM0\ARM_GCC_541\Debug\Code_Morse.a(CyBootAsmGnu.o)

.debug_line     0x00000000     0x1a59
 *(.debug_line)
 .debug_line    0x00000000      0x1c3 .\CortexM0\ARM_GCC_541\Debug\main.o
 .debug_line    0x000001c3      0x187 .\CortexM0\ARM_GCC_541\Debug\cyfitter_cfg.o
 .debug_line    0x0000034a      0x12b .\CortexM0\ARM_GCC_541\Debug\cymetadata.o
 .debug_line    0x00000475      0x220 .\CortexM0\ARM_GCC_541\Debug\Cm0Start.o
 .debug_line    0x00000695       0xbf .\CortexM0\ARM_GCC_541\Debug\Code_Morse.a(Pin_Red.o)
 .debug_line    0x00000754      0x553 .\CortexM0\ARM_GCC_541\Debug\Code_Morse.a(CyLib.o)
 .debug_line    0x00000ca7      0x5db .\CortexM0\ARM_GCC_541\Debug\Code_Morse.a(CyLFClk.o)
 .debug_line    0x00001282      0x37e .\CortexM0\ARM_GCC_541\Debug\Code_Morse.a(PWM_1.o)
 .debug_line    0x00001600      0x108 .\CortexM0\ARM_GCC_541\Debug\Code_Morse.a(UART.o)
 .debug_line    0x00001708      0x11a .\CortexM0\ARM_GCC_541\Debug\Code_Morse.a(UART_SPI_UART.o)
 .debug_line    0x00001822      0x1cf .\CortexM0\ARM_GCC_541\Debug\Code_Morse.a(UART_UART.o)
 .debug_line    0x000019f1       0x68 .\CortexM0\ARM_GCC_541\Debug\Code_Morse.a(CyBootAsmGnu.o)

.debug_frame    0x00000000     0x15d8
 *(.debug_frame)
 .debug_frame   0x00000000       0x70 .\CortexM0\ARM_GCC_541\Debug\main.o
 .debug_frame   0x00000070       0x9c .\CortexM0\ARM_GCC_541\Debug\cyfitter_cfg.o
 .debug_frame   0x0000010c       0xbc .\CortexM0\ARM_GCC_541\Debug\Cm0Start.o
 .debug_frame   0x000001c8       0x70 .\CortexM0\ARM_GCC_541\Debug\Code_Morse.a(Pin_Red.o)
 .debug_frame   0x00000238      0x4a4 .\CortexM0\ARM_GCC_541\Debug\Code_Morse.a(CyLib.o)
 .debug_frame   0x000006dc      0x4a8 .\CortexM0\ARM_GCC_541\Debug\Code_Morse.a(CyLFClk.o)
 .debug_frame   0x00000b84      0x3a0 .\CortexM0\ARM_GCC_541\Debug\Code_Morse.a(PWM_1.o)
 .debug_frame   0x00000f24       0xd8 .\CortexM0\ARM_GCC_541\Debug\Code_Morse.a(UART.o)
 .debug_frame   0x00000ffc       0xb0 .\CortexM0\ARM_GCC_541\Debug\Code_Morse.a(UART_SPI_UART.o)
 .debug_frame   0x000010ac      0x144 .\CortexM0\ARM_GCC_541\Debug\Code_Morse.a(UART_UART.o)
 .debug_frame   0x000011f0       0x20 d:/programs/cypress/psoc creator/4.3/psoc creator/import/gnu/arm/5.4.1/bin/../lib/gcc/arm-none-eabi/5.4.1/armv6-m\libgcc.a(_udivsi3.o)
 .debug_frame   0x00001210       0x20 d:/programs/cypress/psoc creator/4.3/psoc creator/import/gnu/arm/5.4.1/bin/../lib/gcc/arm-none-eabi/5.4.1/armv6-m\libgcc.a(_divsi3.o)
 .debug_frame   0x00001230       0x20 d:/programs/cypress/psoc creator/4.3/psoc creator/import/gnu/arm/5.4.1/bin/../lib/gcc/arm-none-eabi/5.4.1/../../../../arm-none-eabi/lib/armv6-m\libg_nano.a(lib_a-errno.o)
 .debug_frame   0x00001250       0x28 d:/programs/cypress/psoc creator/4.3/psoc creator/import/gnu/arm/5.4.1/bin/../lib/gcc/arm-none-eabi/5.4.1/../../../../arm-none-eabi/lib/armv6-m\libg_nano.a(lib_a-exit.o)
 .debug_frame   0x00001278       0x2c d:/programs/cypress/psoc creator/4.3/psoc creator/import/gnu/arm/5.4.1/bin/../lib/gcc/arm-none-eabi/5.4.1/../../../../arm-none-eabi/lib/armv6-m\libg_nano.a(lib_a-init.o)
 .debug_frame   0x000012a4       0x40 d:/programs/cypress/psoc creator/4.3/psoc creator/import/gnu/arm/5.4.1/bin/../lib/gcc/arm-none-eabi/5.4.1/../../../../arm-none-eabi/lib/armv6-m\libg_nano.a(lib_a-malloc.o)
 .debug_frame   0x000012e4       0x28 d:/programs/cypress/psoc creator/4.3/psoc creator/import/gnu/arm/5.4.1/bin/../lib/gcc/arm-none-eabi/5.4.1/../../../../arm-none-eabi/lib/armv6-m\libg_nano.a(lib_a-memcpy-stub.o)
 .debug_frame   0x0000130c       0x20 d:/programs/cypress/psoc creator/4.3/psoc creator/import/gnu/arm/5.4.1/bin/../lib/gcc/arm-none-eabi/5.4.1/../../../../arm-none-eabi/lib/armv6-m\libg_nano.a(lib_a-memset.o)
 .debug_frame   0x0000132c       0x2c d:/programs/cypress/psoc creator/4.3/psoc creator/import/gnu/arm/5.4.1/bin/../lib/gcc/arm-none-eabi/5.4.1/../../../../arm-none-eabi/lib/armv6-m\libg_nano.a(lib_a-nano-freer.o)
 .debug_frame   0x00001358       0x2c d:/programs/cypress/psoc creator/4.3/psoc creator/import/gnu/arm/5.4.1/bin/../lib/gcc/arm-none-eabi/5.4.1/../../../../arm-none-eabi/lib/armv6-m\libg_nano.a(lib_a-nano-mallocr.o)
 .debug_frame   0x00001384       0x2c d:/programs/cypress/psoc creator/4.3/psoc creator/import/gnu/arm/5.4.1/bin/../lib/gcc/arm-none-eabi/5.4.1/../../../../arm-none-eabi/lib/armv6-m\libg_nano.a(lib_a-sbrkr.o)
 .debug_frame   0x000013b0       0x50 d:/programs/cypress/psoc creator/4.3/psoc creator/import/gnu/arm/5.4.1/bin/../lib/gcc/arm-none-eabi/5.4.1/../../../../arm-none-eabi/lib/armv6-m\libg_nano.a(lib_a-sprintf.o)
 .debug_frame   0x00001400       0x30 d:/programs/cypress/psoc creator/4.3/psoc creator/import/gnu/arm/5.4.1/bin/../lib/gcc/arm-none-eabi/5.4.1/../../../../arm-none-eabi/lib/armv6-m\libg_nano.a(lib_a-mlock.o)
 .debug_frame   0x00001430       0x74 d:/programs/cypress/psoc creator/4.3/psoc creator/import/gnu/arm/5.4.1/bin/../lib/gcc/arm-none-eabi/5.4.1/../../../../arm-none-eabi/lib/armv6-m\libg_nano.a(lib_a-nano-svfprintf.o)
 .debug_frame   0x000014a4       0x54 d:/programs/cypress/psoc creator/4.3/psoc creator/import/gnu/arm/5.4.1/bin/../lib/gcc/arm-none-eabi/5.4.1/../../../../arm-none-eabi/lib/armv6-m\libg_nano.a(lib_a-nano-vfprintf_i.o)
 .debug_frame   0x000014f8       0x48 d:/programs/cypress/psoc creator/4.3/psoc creator/import/gnu/arm/5.4.1/bin/../lib/gcc/arm-none-eabi/5.4.1/../../../../arm-none-eabi/lib/armv6-m\libg_nano.a(lib_a-reent.o)
 .debug_frame   0x00001540       0x20 d:/programs/cypress/psoc creator/4.3/psoc creator/import/gnu/arm/5.4.1/bin/../lib/gcc/arm-none-eabi/5.4.1/../../../../arm-none-eabi/lib/armv6-m\libg_nano.a(lib_a-memchr-stub.o)
 .debug_frame   0x00001560       0x28 d:/programs/cypress/psoc creator/4.3/psoc creator/import/gnu/arm/5.4.1/bin/../lib/gcc/arm-none-eabi/5.4.1/../../../../arm-none-eabi/lib/armv6-m\libg_nano.a(lib_a-memmove.o)
 .debug_frame   0x00001588       0x30 d:/programs/cypress/psoc creator/4.3/psoc creator/import/gnu/arm/5.4.1/bin/../lib/gcc/arm-none-eabi/5.4.1/../../../../arm-none-eabi/lib/armv6-m\libg_nano.a(lib_a-nano-reallocr.o)
 .debug_frame   0x000015b8       0x20 d:/programs/cypress/psoc creator/4.3/psoc creator/import/gnu/arm/5.4.1/bin/../lib/gcc/arm-none-eabi/5.4.1/../../../../arm-none-eabi/lib/armv6-m\libg_nano.a(lib_a-nano-msizer.o)

.debug_str      0x00000000     0x1a84
 *(.debug_str)
 .debug_str     0x00000000      0x2c2 .\CortexM0\ARM_GCC_541\Debug\main.o
                                0x309 (size before relaxing)
 .debug_str     0x000002c2      0x176 .\CortexM0\ARM_GCC_541\Debug\cyfitter_cfg.o
                                0x33a (size before relaxing)
 .debug_str     0x00000438       0x63 .\CortexM0\ARM_GCC_541\Debug\cymetadata.o
                                0x1da (size before relaxing)
 .debug_str     0x0000049b      0x13a .\CortexM0\ARM_GCC_541\Debug\Cm0Start.o
                                0x313 (size before relaxing)
 .debug_str     0x000005d5       0xb0 .\CortexM0\ARM_GCC_541\Debug\Code_Morse.a(Pin_Red.o)
                                0x256 (size before relaxing)
 .debug_str     0x00000685      0x5cf .\CortexM0\ARM_GCC_541\Debug\Code_Morse.a(CyLib.o)
                                0x80a (size before relaxing)
 .debug_str     0x00000c54      0x6e7 .\CortexM0\ARM_GCC_541\Debug\Code_Morse.a(CyLFClk.o)
                                0x94a (size before relaxing)
 .debug_str     0x0000133b      0x3c0 .\CortexM0\ARM_GCC_541\Debug\Code_Morse.a(PWM_1.o)
                                0x5c3 (size before relaxing)
 .debug_str     0x000016fb       0xf7 .\CortexM0\ARM_GCC_541\Debug\Code_Morse.a(UART.o)
                                0x2a9 (size before relaxing)
 .debug_str     0x000017f2      0x11d .\CortexM0\ARM_GCC_541\Debug\Code_Morse.a(UART_SPI_UART.o)
                                0x2e0 (size before relaxing)
 .debug_str     0x0000190f      0x175 .\CortexM0\ARM_GCC_541\Debug\Code_Morse.a(UART_UART.o)
                                0x3da (size before relaxing)

.debug_loc      0x00000000     0x2328
 *(.debug_loc)
 .debug_loc     0x00000000      0x1df .\CortexM0\ARM_GCC_541\Debug\main.o
 .debug_loc     0x000001df      0x118 .\CortexM0\ARM_GCC_541\Debug\cyfitter_cfg.o
 .debug_loc     0x000002f7      0x14f .\CortexM0\ARM_GCC_541\Debug\Cm0Start.o
 .debug_loc     0x00000446       0xa2 .\CortexM0\ARM_GCC_541\Debug\Code_Morse.a(Pin_Red.o)
 .debug_loc     0x000004e8      0x818 .\CortexM0\ARM_GCC_541\Debug\Code_Morse.a(CyLib.o)
 .debug_loc     0x00000d00      0xdaa .\CortexM0\ARM_GCC_541\Debug\Code_Morse.a(CyLFClk.o)
 .debug_loc     0x00001aaa      0x547 .\CortexM0\ARM_GCC_541\Debug\Code_Morse.a(PWM_1.o)
 .debug_loc     0x00001ff1       0x7e .\CortexM0\ARM_GCC_541\Debug\Code_Morse.a(UART.o)
 .debug_loc     0x0000206f       0x96 .\CortexM0\ARM_GCC_541\Debug\Code_Morse.a(UART_SPI_UART.o)
 .debug_loc     0x00002105      0x223 .\CortexM0\ARM_GCC_541\Debug\Code_Morse.a(UART_UART.o)

.debug_macinfo
 *(.debug_macinfo)

.debug_ranges   0x00000000      0x658
 *(.debug_ranges)
 .debug_ranges  0x00000000       0x20 .\CortexM0\ARM_GCC_541\Debug\main.o
 .debug_ranges  0x00000020       0x30 .\CortexM0\ARM_GCC_541\Debug\cyfitter_cfg.o
 .debug_ranges  0x00000050       0x38 .\CortexM0\ARM_GCC_541\Debug\Cm0Start.o
 .debug_ranges  0x00000088       0x38 .\CortexM0\ARM_GCC_541\Debug\Code_Morse.a(Pin_Red.o)
 .debug_ranges  0x000000c0      0x1c0 .\CortexM0\ARM_GCC_541\Debug\Code_Morse.a(CyLib.o)
 .debug_ranges  0x00000280      0x178 .\CortexM0\ARM_GCC_541\Debug\Code_Morse.a(CyLFClk.o)
 .debug_ranges  0x000003f8      0x148 .\CortexM0\ARM_GCC_541\Debug\Code_Morse.a(PWM_1.o)
 .debug_ranges  0x00000540       0x48 .\CortexM0\ARM_GCC_541\Debug\Code_Morse.a(UART.o)
 .debug_ranges  0x00000588       0x50 .\CortexM0\ARM_GCC_541\Debug\Code_Morse.a(UART_SPI_UART.o)
 .debug_ranges  0x000005d8       0x80 .\CortexM0\ARM_GCC_541\Debug\Code_Morse.a(UART_UART.o)

.comment        0x00000000       0x6e
 .comment       0x00000000       0x6e .\CortexM0\ARM_GCC_541\Debug\main.o
                                 0x6f (size before relaxing)
 .comment       0x0000006e       0x6f .\CortexM0\ARM_GCC_541\Debug\cyfitter_cfg.o
 .comment       0x0000006e       0x6f .\CortexM0\ARM_GCC_541\Debug\cymetadata.o
 .comment       0x0000006e       0x6f .\CortexM0\ARM_GCC_541\Debug\Cm0Start.o
 .comment       0x0000006e       0x6f .\CortexM0\ARM_GCC_541\Debug\Code_Morse.a(Pin_Red.o)
 .comment       0x0000006e       0x6f .\CortexM0\ARM_GCC_541\Debug\Code_Morse.a(CyLib.o)
 .comment       0x0000006e       0x6f .\CortexM0\ARM_GCC_541\Debug\Code_Morse.a(CyLFClk.o)
 .comment       0x0000006e       0x6f .\CortexM0\ARM_GCC_541\Debug\Code_Morse.a(PWM_1.o)
 .comment       0x0000006e       0x6f .\CortexM0\ARM_GCC_541\Debug\Code_Morse.a(UART.o)
 .comment       0x0000006e       0x6f .\CortexM0\ARM_GCC_541\Debug\Code_Morse.a(UART_SPI_UART.o)
 .comment       0x0000006e       0x6f .\CortexM0\ARM_GCC_541\Debug\Code_Morse.a(UART_UART.o)

.debug_weaknames
 *(.debug_weaknames)

.debug_funcnames
 *(.debug_funcnames)

.debug_typenames
 *(.debug_typenames)

.debug_varnames
 *(.debug_varnames)

.note.gnu.arm.ident
 *(.note.gnu.arm.ident)

.ARM.attributes
                0x00000000       0x28
 *(.ARM.attributes)
 .ARM.attributes
                0x00000000       0x1e d:/programs/cypress/psoc creator/4.3/psoc creator/import/gnu/arm/5.4.1/bin/../lib/gcc/arm-none-eabi/5.4.1/armv6-m/crti.o
 .ARM.attributes
                0x0000001e       0x2c d:/programs/cypress/psoc creator/4.3/psoc creator/import/gnu/arm/5.4.1/bin/../lib/gcc/arm-none-eabi/5.4.1/armv6-m/crtbegin.o
 .ARM.attributes
                0x0000004a       0x1b d:/programs/cypress/psoc creator/4.3/psoc creator/import/gnu/arm/5.4.1/bin/../lib/gcc/arm-none-eabi/5.4.1/../../../../arm-none-eabi/lib/armv6-m/crt0.o
 .ARM.attributes
                0x00000065       0x31 .\CortexM0\ARM_GCC_541\Debug\main.o
 .ARM.attributes
                0x00000096       0x31 .\CortexM0\ARM_GCC_541\Debug\cyfitter_cfg.o
 .ARM.attributes
                0x000000c7       0x31 .\CortexM0\ARM_GCC_541\Debug\cymetadata.o
 .ARM.attributes
                0x000000f8       0x31 .\CortexM0\ARM_GCC_541\Debug\Cm0Start.o
 .ARM.attributes
                0x00000129       0x31 .\CortexM0\ARM_GCC_541\Debug\Code_Morse.a(Pin_Red.o)
 .ARM.attributes
                0x0000015a       0x31 .\CortexM0\ARM_GCC_541\Debug\Code_Morse.a(CyLib.o)
 .ARM.attributes
                0x0000018b       0x31 .\CortexM0\ARM_GCC_541\Debug\Code_Morse.a(CyLFClk.o)
 .ARM.attributes
                0x000001bc       0x31 .\CortexM0\ARM_GCC_541\Debug\Code_Morse.a(PWM_1.o)
 .ARM.attributes
                0x000001ed       0x31 .\CortexM0\ARM_GCC_541\Debug\Code_Morse.a(UART.o)
 .ARM.attributes
                0x0000021e       0x31 .\CortexM0\ARM_GCC_541\Debug\Code_Morse.a(UART_SPI_UART.o)
 .ARM.attributes
                0x0000024f       0x31 .\CortexM0\ARM_GCC_541\Debug\Code_Morse.a(UART_UART.o)
 .ARM.attributes
                0x00000280       0x21 .\CortexM0\ARM_GCC_541\Debug\Code_Morse.a(CyBootAsmGnu.o)
 .ARM.attributes
                0x000002a1       0x1e d:/programs/cypress/psoc creator/4.3/psoc creator/import/gnu/arm/5.4.1/bin/../lib/gcc/arm-none-eabi/5.4.1/armv6-m\libgcc.a(_udivsi3.o)
 .ARM.attributes
                0x000002bf       0x1e d:/programs/cypress/psoc creator/4.3/psoc creator/import/gnu/arm/5.4.1/bin/../lib/gcc/arm-none-eabi/5.4.1/armv6-m\libgcc.a(_divsi3.o)
 .ARM.attributes
                0x000002dd       0x1e d:/programs/cypress/psoc creator/4.3/psoc creator/import/gnu/arm/5.4.1/bin/../lib/gcc/arm-none-eabi/5.4.1/armv6-m\libgcc.a(_dvmd_tls.o)
 .ARM.attributes
                0x000002fb       0x2c d:/programs/cypress/psoc creator/4.3/psoc creator/import/gnu/arm/5.4.1/bin/../lib/gcc/arm-none-eabi/5.4.1/../../../../arm-none-eabi/lib/armv6-m\libg_nano.a(lib_a-errno.o)
 .ARM.attributes
                0x00000327       0x2c d:/programs/cypress/psoc creator/4.3/psoc creator/import/gnu/arm/5.4.1/bin/../lib/gcc/arm-none-eabi/5.4.1/../../../../arm-none-eabi/lib/armv6-m\libg_nano.a(lib_a-exit.o)
 .ARM.attributes
                0x00000353       0x2c d:/programs/cypress/psoc creator/4.3/psoc creator/import/gnu/arm/5.4.1/bin/../lib/gcc/arm-none-eabi/5.4.1/../../../../arm-none-eabi/lib/armv6-m\libg_nano.a(lib_a-impure.o)
 .ARM.attributes
                0x0000037f       0x2c d:/programs/cypress/psoc creator/4.3/psoc creator/import/gnu/arm/5.4.1/bin/../lib/gcc/arm-none-eabi/5.4.1/../../../../arm-none-eabi/lib/armv6-m\libg_nano.a(lib_a-init.o)
 .ARM.attributes
                0x000003ab       0x2c d:/programs/cypress/psoc creator/4.3/psoc creator/import/gnu/arm/5.4.1/bin/../lib/gcc/arm-none-eabi/5.4.1/../../../../arm-none-eabi/lib/armv6-m\libg_nano.a(lib_a-malloc.o)
 .ARM.attributes
                0x000003d7       0x2c d:/programs/cypress/psoc creator/4.3/psoc creator/import/gnu/arm/5.4.1/bin/../lib/gcc/arm-none-eabi/5.4.1/../../../../arm-none-eabi/lib/armv6-m\libg_nano.a(lib_a-memcpy-stub.o)
 .ARM.attributes
                0x00000403       0x2c d:/programs/cypress/psoc creator/4.3/psoc creator/import/gnu/arm/5.4.1/bin/../lib/gcc/arm-none-eabi/5.4.1/../../../../arm-none-eabi/lib/armv6-m\libg_nano.a(lib_a-memset.o)
 .ARM.attributes
                0x0000042f       0x2c d:/programs/cypress/psoc creator/4.3/psoc creator/import/gnu/arm/5.4.1/bin/../lib/gcc/arm-none-eabi/5.4.1/../../../../arm-none-eabi/lib/armv6-m\libg_nano.a(lib_a-nano-freer.o)
 .ARM.attributes
                0x0000045b       0x2c d:/programs/cypress/psoc creator/4.3/psoc creator/import/gnu/arm/5.4.1/bin/../lib/gcc/arm-none-eabi/5.4.1/../../../../arm-none-eabi/lib/armv6-m\libg_nano.a(lib_a-nano-mallocr.o)
 .ARM.attributes
                0x00000487       0x2c d:/programs/cypress/psoc creator/4.3/psoc creator/import/gnu/arm/5.4.1/bin/../lib/gcc/arm-none-eabi/5.4.1/../../../../arm-none-eabi/lib/armv6-m\libg_nano.a(lib_a-sbrkr.o)
 .ARM.attributes
                0x000004b3       0x2c d:/programs/cypress/psoc creator/4.3/psoc creator/import/gnu/arm/5.4.1/bin/../lib/gcc/arm-none-eabi/5.4.1/../../../../arm-none-eabi/lib/armv6-m\libg_nano.a(lib_a-sprintf.o)
 .ARM.attributes
                0x000004df       0x1c d:/programs/cypress/psoc creator/4.3/psoc creator/import/gnu/arm/5.4.1/bin/../lib/gcc/arm-none-eabi/5.4.1/../../../../arm-none-eabi/lib/armv6-m\libg_nano.a(lib_a-strlen.o)
 .ARM.attributes
                0x000004fb       0x2c d:/programs/cypress/psoc creator/4.3/psoc creator/import/gnu/arm/5.4.1/bin/../lib/gcc/arm-none-eabi/5.4.1/../../../../arm-none-eabi/lib/armv6-m\libg_nano.a(lib_a-mlock.o)
 .ARM.attributes
                0x00000527       0x2c d:/programs/cypress/psoc creator/4.3/psoc creator/import/gnu/arm/5.4.1/bin/../lib/gcc/arm-none-eabi/5.4.1/../../../../arm-none-eabi/lib/armv6-m\libg_nano.a(lib_a-nano-svfprintf.o)
 .ARM.attributes
                0x00000553       0x2c d:/programs/cypress/psoc creator/4.3/psoc creator/import/gnu/arm/5.4.1/bin/../lib/gcc/arm-none-eabi/5.4.1/../../../../arm-none-eabi/lib/armv6-m\libg_nano.a(lib_a-nano-vfprintf_i.o)
 .ARM.attributes
                0x0000057f       0x2c d:/programs/cypress/psoc creator/4.3/psoc creator/import/gnu/arm/5.4.1/bin/../lib/gcc/arm-none-eabi/5.4.1/../../../../arm-none-eabi/lib/armv6-m\libg_nano.a(lib_a-reent.o)
 .ARM.attributes
                0x000005ab       0x2c d:/programs/cypress/psoc creator/4.3/psoc creator/import/gnu/arm/5.4.1/bin/../lib/gcc/arm-none-eabi/5.4.1/../../../../arm-none-eabi/lib/armv6-m\libg_nano.a(lib_a-memchr-stub.o)
 .ARM.attributes
                0x000005d7       0x2c d:/programs/cypress/psoc creator/4.3/psoc creator/import/gnu/arm/5.4.1/bin/../lib/gcc/arm-none-eabi/5.4.1/../../../../arm-none-eabi/lib/armv6-m\libg_nano.a(lib_a-memmove.o)
 .ARM.attributes
                0x00000603       0x2c d:/programs/cypress/psoc creator/4.3/psoc creator/import/gnu/arm/5.4.1/bin/../lib/gcc/arm-none-eabi/5.4.1/../../../../arm-none-eabi/lib/armv6-m\libg_nano.a(lib_a-nano-reallocr.o)
 .ARM.attributes
                0x0000062f       0x2c d:/programs/cypress/psoc creator/4.3/psoc creator/import/gnu/arm/5.4.1/bin/../lib/gcc/arm-none-eabi/5.4.1/../../../../arm-none-eabi/lib/armv6-m\libg_nano.a(lib_a-nano-msizer.o)
 .ARM.attributes
                0x0000065b       0x2c d:/programs/cypress/psoc creator/4.3/psoc creator/import/gnu/arm/5.4.1/bin/../lib/gcc/arm-none-eabi/5.4.1/armv6-m/crtend.o
 .ARM.attributes
                0x00000687       0x1e d:/programs/cypress/psoc creator/4.3/psoc creator/import/gnu/arm/5.4.1/bin/../lib/gcc/arm-none-eabi/5.4.1/armv6-m/crtn.o

/DISCARD/
 *(.note.GNU-stack)
OUTPUT(D:\ucu\2_course1_term\POC\programs\my_works\Smart_lightning_system\Code_Morse.cydsn\CortexM0\ARM_GCC_541\Debug\Code_Morse.elf elf32-littlearm)
