Archive member included to satisfy reference by file (symbol)

.\CortexM0\ARM_GCC_541\Debug\Code_Morse.a(Pin_Red.o)
                              .\CortexM0\ARM_GCC_541\Debug\main.o (Pin_Red_Write)
.\CortexM0\ARM_GCC_541\Debug\Code_Morse.a(CyLib.o)
                              .\CortexM0\ARM_GCC_541\Debug\cyfitter_cfg.o (CyIntEnable)
.\CortexM0\ARM_GCC_541\Debug\Code_Morse.a(CyLFClk.o)
                              .\CortexM0\ARM_GCC_541\Debug\cyfitter_cfg.o (CySysClkWcoStart)
.\CortexM0\ARM_GCC_541\Debug\Code_Morse.a(PWM_1.o)
                              .\CortexM0\ARM_GCC_541\Debug\main.o (PWM_1_Stop)
.\CortexM0\ARM_GCC_541\Debug\Code_Morse.a(UART.o)
                              .\CortexM0\ARM_GCC_541\Debug\main.o (UART_Start)
.\CortexM0\ARM_GCC_541\Debug\Code_Morse.a(UART_UART.o)
                              .\CortexM0\ARM_GCC_541\Debug\Code_Morse.a(UART.o) (UART_UartInit)
.\CortexM0\ARM_GCC_541\Debug\Code_Morse.a(CyBootAsmGnu.o)
                              .\CortexM0\ARM_GCC_541\Debug\cyfitter_cfg.o (CyDelayCycles)
.\CortexM0\ARM_GCC_541\Debug\Code_Morse.a(UART_SPI_UART.o)
                              .\CortexM0\ARM_GCC_541\Debug\Code_Morse.a(UART_UART.o) (UART_SpiUartReadRxData)
d:/programs/cypress/psoc creator/4.3/psoc creator/import/gnu/arm/5.4.1/bin/../lib/gcc/arm-none-eabi/5.4.1/armv6-m\libgcc.a(_udivsi3.o)
                              .\CortexM0\ARM_GCC_541\Debug\Code_Morse.a(CyLib.o) (__aeabi_uidiv)
d:/programs/cypress/psoc creator/4.3/psoc creator/import/gnu/arm/5.4.1/bin/../lib/gcc/arm-none-eabi/5.4.1/armv6-m\libgcc.a(_divsi3.o)
                              .\CortexM0\ARM_GCC_541\Debug\Code_Morse.a(CyLFClk.o) (__aeabi_idiv)
d:/programs/cypress/psoc creator/4.3/psoc creator/import/gnu/arm/5.4.1/bin/../lib/gcc/arm-none-eabi/5.4.1/armv6-m\libgcc.a(_dvmd_tls.o)
                              d:/programs/cypress/psoc creator/4.3/psoc creator/import/gnu/arm/5.4.1/bin/../lib/gcc/arm-none-eabi/5.4.1/armv6-m\libgcc.a(_udivsi3.o) (__aeabi_idiv0)
d:/programs/cypress/psoc creator/4.3/psoc creator/import/gnu/arm/5.4.1/bin/../lib/gcc/arm-none-eabi/5.4.1/../../../../arm-none-eabi/lib/armv6-m\libg_nano.a(lib_a-errno.o)
                              .\CortexM0\ARM_GCC_541\Debug\Cm0Start.o (__errno)
d:/programs/cypress/psoc creator/4.3/psoc creator/import/gnu/arm/5.4.1/bin/../lib/gcc/arm-none-eabi/5.4.1/../../../../arm-none-eabi/lib/armv6-m\libg_nano.a(lib_a-exit.o)
                              d:/programs/cypress/psoc creator/4.3/psoc creator/import/gnu/arm/5.4.1/bin/../lib/gcc/arm-none-eabi/5.4.1/../../../../arm-none-eabi/lib/armv6-m/crt0.o (exit)
d:/programs/cypress/psoc creator/4.3/psoc creator/import/gnu/arm/5.4.1/bin/../lib/gcc/arm-none-eabi/5.4.1/../../../../arm-none-eabi/lib/armv6-m\libg_nano.a(lib_a-impure.o)
                              d:/programs/cypress/psoc creator/4.3/psoc creator/import/gnu/arm/5.4.1/bin/../lib/gcc/arm-none-eabi/5.4.1/../../../../arm-none-eabi/lib/armv6-m\libg_nano.a(lib_a-exit.o) (_global_impure_ptr)
d:/programs/cypress/psoc creator/4.3/psoc creator/import/gnu/arm/5.4.1/bin/../lib/gcc/arm-none-eabi/5.4.1/../../../../arm-none-eabi/lib/armv6-m\libg_nano.a(lib_a-init.o)
                              d:/programs/cypress/psoc creator/4.3/psoc creator/import/gnu/arm/5.4.1/bin/../lib/gcc/arm-none-eabi/5.4.1/../../../../arm-none-eabi/lib/armv6-m/crt0.o (__libc_init_array)
d:/programs/cypress/psoc creator/4.3/psoc creator/import/gnu/arm/5.4.1/bin/../lib/gcc/arm-none-eabi/5.4.1/../../../../arm-none-eabi/lib/armv6-m\libg_nano.a(lib_a-memcpy-stub.o)
                              .\CortexM0\ARM_GCC_541\Debug\main.o (memcpy)
d:/programs/cypress/psoc creator/4.3/psoc creator/import/gnu/arm/5.4.1/bin/../lib/gcc/arm-none-eabi/5.4.1/../../../../arm-none-eabi/lib/armv6-m\libg_nano.a(lib_a-memset.o)
                              d:/programs/cypress/psoc creator/4.3/psoc creator/import/gnu/arm/5.4.1/bin/../lib/gcc/arm-none-eabi/5.4.1/../../../../arm-none-eabi/lib/armv6-m/crt0.o (memset)
d:/programs/cypress/psoc creator/4.3/psoc creator/import/gnu/arm/5.4.1/bin/../lib/gcc/arm-none-eabi/5.4.1/../../../../arm-none-eabi/lib/armv6-m\libg_nano.a(lib_a-sprintf.o)
                              .\CortexM0\ARM_GCC_541\Debug\main.o (sprintf)
d:/programs/cypress/psoc creator/4.3/psoc creator/import/gnu/arm/5.4.1/bin/../lib/gcc/arm-none-eabi/5.4.1/../../../../arm-none-eabi/lib/armv6-m\libg_nano.a(lib_a-strlen.o)
                              .\CortexM0\ARM_GCC_541\Debug\main.o (strlen)
d:/programs/cypress/psoc creator/4.3/psoc creator/import/gnu/arm/5.4.1/bin/../lib/gcc/arm-none-eabi/5.4.1/../../../../arm-none-eabi/lib/armv6-m\libg_nano.a(lib_a-nano-svfprintf.o)
                              d:/programs/cypress/psoc creator/4.3/psoc creator/import/gnu/arm/5.4.1/bin/../lib/gcc/arm-none-eabi/5.4.1/../../../../arm-none-eabi/lib/armv6-m\libg_nano.a(lib_a-sprintf.o) (_svfprintf_r)
d:/programs/cypress/psoc creator/4.3/psoc creator/import/gnu/arm/5.4.1/bin/../lib/gcc/arm-none-eabi/5.4.1/../../../../arm-none-eabi/lib/armv6-m\libg_nano.a(lib_a-nano-vfprintf_i.o)
                              d:/programs/cypress/psoc creator/4.3/psoc creator/import/gnu/arm/5.4.1/bin/../lib/gcc/arm-none-eabi/5.4.1/../../../../arm-none-eabi/lib/armv6-m\libg_nano.a(lib_a-nano-svfprintf.o) (_printf_i)
d:/programs/cypress/psoc creator/4.3/psoc creator/import/gnu/arm/5.4.1/bin/../lib/gcc/arm-none-eabi/5.4.1/../../../../arm-none-eabi/lib/armv6-m\libg_nano.a(lib_a-memchr-stub.o)
                              d:/programs/cypress/psoc creator/4.3/psoc creator/import/gnu/arm/5.4.1/bin/../lib/gcc/arm-none-eabi/5.4.1/../../../../arm-none-eabi/lib/armv6-m\libg_nano.a(lib_a-nano-svfprintf.o) (memchr)
d:/programs/cypress/psoc creator/4.3/psoc creator/import/gnu/arm/5.4.1/bin/../lib/gcc/arm-none-eabi/5.4.1/../../../../arm-none-eabi/lib/armv6-m\libg_nano.a(lib_a-memmove.o)
                              d:/programs/cypress/psoc creator/4.3/psoc creator/import/gnu/arm/5.4.1/bin/../lib/gcc/arm-none-eabi/5.4.1/../../../../arm-none-eabi/lib/armv6-m\libg_nano.a(lib_a-nano-svfprintf.o) (memmove)
d:/programs/cypress/psoc creator/4.3/psoc creator/import/gnu/arm/5.4.1/bin/../lib/gcc/arm-none-eabi/5.4.1/../../../../arm-none-eabi/lib/armv6-m\libg_nano.a(lib_a-nano-freer.o)
                              d:/programs/cypress/psoc creator/4.3/psoc creator/import/gnu/arm/5.4.1/bin/../lib/gcc/arm-none-eabi/5.4.1/../../../../arm-none-eabi/lib/armv6-m\libg_nano.a(lib_a-nano-svfprintf.o) (_free_r)
d:/programs/cypress/psoc creator/4.3/psoc creator/import/gnu/arm/5.4.1/bin/../lib/gcc/arm-none-eabi/5.4.1/../../../../arm-none-eabi/lib/armv6-m\libg_nano.a(lib_a-nano-mallocr.o)
                              d:/programs/cypress/psoc creator/4.3/psoc creator/import/gnu/arm/5.4.1/bin/../lib/gcc/arm-none-eabi/5.4.1/../../../../arm-none-eabi/lib/armv6-m\libg_nano.a(lib_a-nano-svfprintf.o) (_malloc_r)
d:/programs/cypress/psoc creator/4.3/psoc creator/import/gnu/arm/5.4.1/bin/../lib/gcc/arm-none-eabi/5.4.1/../../../../arm-none-eabi/lib/armv6-m\libg_nano.a(lib_a-nano-reallocr.o)
                              d:/programs/cypress/psoc creator/4.3/psoc creator/import/gnu/arm/5.4.1/bin/../lib/gcc/arm-none-eabi/5.4.1/../../../../arm-none-eabi/lib/armv6-m\libg_nano.a(lib_a-nano-svfprintf.o) (_realloc_r)
d:/programs/cypress/psoc creator/4.3/psoc creator/import/gnu/arm/5.4.1/bin/../lib/gcc/arm-none-eabi/5.4.1/../../../../arm-none-eabi/lib/armv6-m\libg_nano.a(lib_a-sbrkr.o)
                              d:/programs/cypress/psoc creator/4.3/psoc creator/import/gnu/arm/5.4.1/bin/../lib/gcc/arm-none-eabi/5.4.1/../../../../arm-none-eabi/lib/armv6-m\libg_nano.a(lib_a-nano-mallocr.o) (_sbrk_r)
d:/programs/cypress/psoc creator/4.3/psoc creator/import/gnu/arm/5.4.1/bin/../lib/gcc/arm-none-eabi/5.4.1/../../../../arm-none-eabi/lib/armv6-m\libg_nano.a(lib_a-mlock.o)
                              d:/programs/cypress/psoc creator/4.3/psoc creator/import/gnu/arm/5.4.1/bin/../lib/gcc/arm-none-eabi/5.4.1/../../../../arm-none-eabi/lib/armv6-m\libg_nano.a(lib_a-nano-freer.o) (__malloc_lock)
d:/programs/cypress/psoc creator/4.3/psoc creator/import/gnu/arm/5.4.1/bin/../lib/gcc/arm-none-eabi/5.4.1/../../../../arm-none-eabi/lib/armv6-m\libg_nano.a(lib_a-nano-msizer.o)
                              d:/programs/cypress/psoc creator/4.3/psoc creator/import/gnu/arm/5.4.1/bin/../lib/gcc/arm-none-eabi/5.4.1/../../../../arm-none-eabi/lib/armv6-m\libg_nano.a(lib_a-nano-reallocr.o) (_malloc_usable_size_r)
d:/programs/cypress/psoc creator/4.3/psoc creator/import/gnu/arm/5.4.1/bin/../lib/gcc/arm-none-eabi/5.4.1/../../../../arm-none-eabi/lib/armv6-m\libg_nano.a(lib_a-reent.o)
                              d:/programs/cypress/psoc creator/4.3/psoc creator/import/gnu/arm/5.4.1/bin/../lib/gcc/arm-none-eabi/5.4.1/../../../../arm-none-eabi/lib/armv6-m\libg_nano.a(lib_a-sbrkr.o) (errno)

Allocating common symbols
Common symbol       size              file

errno               0x4               d:/programs/cypress/psoc creator/4.3/psoc creator/import/gnu/arm/5.4.1/bin/../lib/gcc/arm-none-eabi/5.4.1/../../../../arm-none-eabi/lib/armv6-m\libg_nano.a(lib_a-reent.o)
TEXT_BUF            0x14              .\CortexM0\ARM_GCC_541\Debug\main.o

Discarded input sections

 .text          0x00000000        0x0 d:/programs/cypress/psoc creator/4.3/psoc creator/import/gnu/arm/5.4.1/bin/../lib/gcc/arm-none-eabi/5.4.1/armv6-m/crti.o
 .data          0x00000000        0x0 d:/programs/cypress/psoc creator/4.3/psoc creator/import/gnu/arm/5.4.1/bin/../lib/gcc/arm-none-eabi/5.4.1/armv6-m/crti.o
 .bss           0x00000000        0x0 d:/programs/cypress/psoc creator/4.3/psoc creator/import/gnu/arm/5.4.1/bin/../lib/gcc/arm-none-eabi/5.4.1/armv6-m/crti.o
 .data          0x00000000        0x4 d:/programs/cypress/psoc creator/4.3/psoc creator/import/gnu/arm/5.4.1/bin/../lib/gcc/arm-none-eabi/5.4.1/armv6-m/crtbegin.o
 .text          0x00000000       0x78 d:/programs/cypress/psoc creator/4.3/psoc creator/import/gnu/arm/5.4.1/bin/../lib/gcc/arm-none-eabi/5.4.1/../../../../arm-none-eabi/lib/armv6-m/crt0.o
 .data          0x00000000        0x0 d:/programs/cypress/psoc creator/4.3/psoc creator/import/gnu/arm/5.4.1/bin/../lib/gcc/arm-none-eabi/5.4.1/../../../../arm-none-eabi/lib/armv6-m/crt0.o
 .bss           0x00000000        0x0 d:/programs/cypress/psoc creator/4.3/psoc creator/import/gnu/arm/5.4.1/bin/../lib/gcc/arm-none-eabi/5.4.1/../../../../arm-none-eabi/lib/armv6-m/crt0.o
 .ARM.extab     0x00000000        0x0 d:/programs/cypress/psoc creator/4.3/psoc creator/import/gnu/arm/5.4.1/bin/../lib/gcc/arm-none-eabi/5.4.1/../../../../arm-none-eabi/lib/armv6-m/crt0.o
 .ARM.exidx     0x00000000        0x8 d:/programs/cypress/psoc creator/4.3/psoc creator/import/gnu/arm/5.4.1/bin/../lib/gcc/arm-none-eabi/5.4.1/../../../../arm-none-eabi/lib/armv6-m/crt0.o
 .text          0x00000000        0x0 .\CortexM0\ARM_GCC_541\Debug\main.o
 .bss           0x00000000        0x0 .\CortexM0\ARM_GCC_541\Debug\main.o
 .text          0x00000000        0x0 .\CortexM0\ARM_GCC_541\Debug\cyfitter_cfg.o
 .data          0x00000000        0x0 .\CortexM0\ARM_GCC_541\Debug\cyfitter_cfg.o
 .bss           0x00000000        0x0 .\CortexM0\ARM_GCC_541\Debug\cyfitter_cfg.o
 .text          0x00000000        0x0 .\CortexM0\ARM_GCC_541\Debug\cymetadata.o
 .data          0x00000000        0x0 .\CortexM0\ARM_GCC_541\Debug\cymetadata.o
 .bss           0x00000000        0x0 .\CortexM0\ARM_GCC_541\Debug\cymetadata.o
 .text          0x00000000        0x0 .\CortexM0\ARM_GCC_541\Debug\Cm0Start.o
 .bss           0x00000000        0x0 .\CortexM0\ARM_GCC_541\Debug\Cm0Start.o
 .text._exit    0x00000000        0xc .\CortexM0\ARM_GCC_541\Debug\Cm0Start.o
 .text          0x00000000        0x0 .\CortexM0\ARM_GCC_541\Debug\Code_Morse.a(Pin_Red.o)
 .data          0x00000000        0x0 .\CortexM0\ARM_GCC_541\Debug\Code_Morse.a(Pin_Red.o)
 .bss           0x00000000        0x0 .\CortexM0\ARM_GCC_541\Debug\Code_Morse.a(Pin_Red.o)
 .text.Pin_Red_SetDriveMode
                0x00000000       0x18 .\CortexM0\ARM_GCC_541\Debug\Code_Morse.a(Pin_Red.o)
 .text.Pin_Red_Read
                0x00000000       0x10 .\CortexM0\ARM_GCC_541\Debug\Code_Morse.a(Pin_Red.o)
 .text.Pin_Red_ReadDataReg
                0x00000000       0x10 .\CortexM0\ARM_GCC_541\Debug\Code_Morse.a(Pin_Red.o)
 .text.Pin_Red_SetInterruptMode
                0x00000000       0x14 .\CortexM0\ARM_GCC_541\Debug\Code_Morse.a(Pin_Red.o)
 .text.Pin_Red_ClearInterrupt
                0x00000000       0x14 .\CortexM0\ARM_GCC_541\Debug\Code_Morse.a(Pin_Red.o)
 .text          0x00000000        0x0 .\CortexM0\ARM_GCC_541\Debug\Code_Morse.a(CyLib.o)
 .bss           0x00000000       0x18 .\CortexM0\ARM_GCC_541\Debug\Code_Morse.a(CyLib.o)
 .text.CySysClkImoStart
                0x00000000       0x14 .\CortexM0\ARM_GCC_541\Debug\Code_Morse.a(CyLib.o)
 .text.CySysClkImoStop
                0x00000000       0x10 .\CortexM0\ARM_GCC_541\Debug\Code_Morse.a(CyLib.o)
 .text.CySysClkWriteHfclkDirect
                0x00000000       0x20 .\CortexM0\ARM_GCC_541\Debug\Code_Morse.a(CyLib.o)
 .text.CySysEnablePumpClock
                0x00000000       0x38 .\CortexM0\ARM_GCC_541\Debug\Code_Morse.a(CyLib.o)
 .text.CySysClkGetSysclkSource
                0x00000000       0x1c .\CortexM0\ARM_GCC_541\Debug\Code_Morse.a(CyLib.o)
 .text.CySysClkWriteSysclkDiv
                0x00000000       0x30 .\CortexM0\ARM_GCC_541\Debug\Code_Morse.a(CyLib.o)
 .text.CySysClkEcoStop
                0x00000000       0x24 .\CortexM0\ARM_GCC_541\Debug\Code_Morse.a(CyLib.o)
 .text.CySysLvdDisable
                0x00000000       0x20 .\CortexM0\ARM_GCC_541\Debug\Code_Morse.a(CyLib.o)
 .text.CySysLvdGetInterruptSource
                0x00000000       0x10 .\CortexM0\ARM_GCC_541\Debug\Code_Morse.a(CyLib.o)
 .text.CySysLvdClearInterrupt
                0x00000000        0xc .\CortexM0\ARM_GCC_541\Debug\Code_Morse.a(CyLib.o)
 .text.CySysGetResetReason
                0x00000000       0x14 .\CortexM0\ARM_GCC_541\Debug\Code_Morse.a(CyLib.o)
 .text.CyDisableInts
                0x00000000       0x10 .\CortexM0\ARM_GCC_541\Debug\Code_Morse.a(CyLib.o)
 .text.CyEnableInts
                0x00000000        0xc .\CortexM0\ARM_GCC_541\Debug\Code_Morse.a(CyLib.o)
 .text.CyIntGetState
                0x00000000       0x18 .\CortexM0\ARM_GCC_541\Debug\Code_Morse.a(CyLib.o)
 .text.CyIntDisable
                0x00000000       0x14 .\CortexM0\ARM_GCC_541\Debug\Code_Morse.a(CyLib.o)
 .text.CyIntSetPending
                0x00000000       0x14 .\CortexM0\ARM_GCC_541\Debug\Code_Morse.a(CyLib.o)
 .text.CyIntClearPending
                0x00000000       0x14 .\CortexM0\ARM_GCC_541\Debug\Code_Morse.a(CyLib.o)
 .text.CySysClkWriteEcoDiv
                0x00000000       0x38 .\CortexM0\ARM_GCC_541\Debug\Code_Morse.a(CyLib.o)
 .text.CyIntSetSysVector
                0x00000000       0x20 .\CortexM0\ARM_GCC_541\Debug\Code_Morse.a(CyLib.o)
 .text.CyIntGetSysVector
                0x00000000       0x1c .\CortexM0\ARM_GCC_541\Debug\Code_Morse.a(CyLib.o)
 .text.CyIntGetVector
                0x00000000       0x20 .\CortexM0\ARM_GCC_541\Debug\Code_Morse.a(CyLib.o)
 .text.CyIntSetPriority
                0x00000000       0x4c .\CortexM0\ARM_GCC_541\Debug\Code_Morse.a(CyLib.o)
 .text.CyIntGetPriority
                0x00000000       0x2c .\CortexM0\ARM_GCC_541\Debug\Code_Morse.a(CyLib.o)
 .text.CySoftwareReset
                0x00000000       0x18 .\CortexM0\ARM_GCC_541\Debug\Code_Morse.a(CyLib.o)
 .text.CySysLvdEnable
                0x00000000       0x44 .\CortexM0\ARM_GCC_541\Debug\Code_Morse.a(CyLib.o)
 .text.CyDelayFreq
                0x00000000       0x4c .\CortexM0\ARM_GCC_541\Debug\Code_Morse.a(CyLib.o)
 .text.CySysTickStop
                0x00000000       0x10 .\CortexM0\ARM_GCC_541\Debug\Code_Morse.a(CyLib.o)
 .text.CySysTickEnableInterrupt
                0x00000000       0x10 .\CortexM0\ARM_GCC_541\Debug\Code_Morse.a(CyLib.o)
 .text.CySysTickEnable
                0x00000000       0x18 .\CortexM0\ARM_GCC_541\Debug\Code_Morse.a(CyLib.o)
 .text.CySysTickDisableInterrupt
                0x00000000       0x10 .\CortexM0\ARM_GCC_541\Debug\Code_Morse.a(CyLib.o)
 .text.CySysTickSetReload
                0x00000000       0x10 .\CortexM0\ARM_GCC_541\Debug\Code_Morse.a(CyLib.o)
 .text.CySysTickGetReload
                0x00000000       0x10 .\CortexM0\ARM_GCC_541\Debug\Code_Morse.a(CyLib.o)
 .text.CySysTickGetValue
                0x00000000       0x10 .\CortexM0\ARM_GCC_541\Debug\Code_Morse.a(CyLib.o)
 .text.CySysTickSetClockSource
                0x00000000       0x20 .\CortexM0\ARM_GCC_541\Debug\Code_Morse.a(CyLib.o)
 .text.CySysTickGetClockSource
                0x00000000       0x10 .\CortexM0\ARM_GCC_541\Debug\Code_Morse.a(CyLib.o)
 .text.CySysTickGetCountFlag
                0x00000000       0x10 .\CortexM0\ARM_GCC_541\Debug\Code_Morse.a(CyLib.o)
 .text.CySysTickServiceCallbacks
                0x00000000       0x28 .\CortexM0\ARM_GCC_541\Debug\Code_Morse.a(CyLib.o)
 .text.CySysTickClear
                0x00000000        0xc .\CortexM0\ARM_GCC_541\Debug\Code_Morse.a(CyLib.o)
 .text.CySysTickInit
                0x00000000       0x44 .\CortexM0\ARM_GCC_541\Debug\Code_Morse.a(CyLib.o)
 .text.CySysTickStart
                0x00000000       0x20 .\CortexM0\ARM_GCC_541\Debug\Code_Morse.a(CyLib.o)
 .text.CySysTickSetCallback
                0x00000000       0x10 .\CortexM0\ARM_GCC_541\Debug\Code_Morse.a(CyLib.o)
 .text.CySysTickGetCallback
                0x00000000        0xc .\CortexM0\ARM_GCC_541\Debug\Code_Morse.a(CyLib.o)
 .text.CyGetUniqueId
                0x00000000       0x70 .\CortexM0\ARM_GCC_541\Debug\Code_Morse.a(CyLib.o)
 .text.CySysSetRamAccessArbPriority
                0x00000000       0x20 .\CortexM0\ARM_GCC_541\Debug\Code_Morse.a(CyLib.o)
 .text.CySysSetFlashAccessArbPriority
                0x00000000       0x20 .\CortexM0\ARM_GCC_541\Debug\Code_Morse.a(CyLib.o)
 .text.CySysSetDmacAccessArbPriority
                0x00000000       0x20 .\CortexM0\ARM_GCC_541\Debug\Code_Morse.a(CyLib.o)
 .text.CySysSetPeripheralAccessArbPriority
                0x00000000       0x68 .\CortexM0\ARM_GCC_541\Debug\Code_Morse.a(CyLib.o)
 .text          0x00000000        0x0 .\CortexM0\ARM_GCC_541\Debug\Code_Morse.a(CyLFClk.o)
 .text.CySysClkIloEnabled
                0x00000000       0x14 .\CortexM0\ARM_GCC_541\Debug\Code_Morse.a(CyLFClk.o)
 .text.CySysClkGetLfclkSource
                0x00000000       0x10 .\CortexM0\ARM_GCC_541\Debug\Code_Morse.a(CyLFClk.o)
 .text.CySysClkIloStart
                0x00000000       0x14 .\CortexM0\ARM_GCC_541\Debug\Code_Morse.a(CyLFClk.o)
 .text.CySysClkIloStartMeasurement
                0x00000000       0x5c .\CortexM0\ARM_GCC_541\Debug\Code_Morse.a(CyLFClk.o)
 .text.CySysClkIloStopMeasurement
                0x00000000       0x14 .\CortexM0\ARM_GCC_541\Debug\Code_Morse.a(CyLFClk.o)
 .text.CySysClkIloCompensate
                0x00000000      0x104 .\CortexM0\ARM_GCC_541\Debug\Code_Morse.a(CyLFClk.o)
 .text.CySysClkIloUpdateTrimReg
                0x00000000       0xa8 .\CortexM0\ARM_GCC_541\Debug\Code_Morse.a(CyLFClk.o)
 .text.CySysClkIloTrim
                0x00000000       0xd8 .\CortexM0\ARM_GCC_541\Debug\Code_Morse.a(CyLFClk.o)
 .text.CySysClkIloRestoreFactoryTrim
                0x00000000       0x30 .\CortexM0\ARM_GCC_541\Debug\Code_Morse.a(CyLFClk.o)
 .text.CySysClkWcoEnabled
                0x00000000       0x14 .\CortexM0\ARM_GCC_541\Debug\Code_Morse.a(CyLFClk.o)
 .text.CySysClkWcoClockOutSelect
                0x00000000       0x2c .\CortexM0\ARM_GCC_541\Debug\Code_Morse.a(CyLFClk.o)
 .text.CySysWdtGetEnabledStatus
                0x00000000       0x24 .\CortexM0\ARM_GCC_541\Debug\Code_Morse.a(CyLFClk.o)
 .text.CySysWdtSetMode
                0x00000000       0x38 .\CortexM0\ARM_GCC_541\Debug\Code_Morse.a(CyLFClk.o)
 .text.CySysClkLfclkPosedgeRestore
                0x00000000       0x2c .\CortexM0\ARM_GCC_541\Debug\Code_Morse.a(CyLFClk.o)
 .text.CySysWdtGetMode
                0x00000000       0x14 .\CortexM0\ARM_GCC_541\Debug\Code_Morse.a(CyLFClk.o)
 .text.CySysWdtSetClearOnMatch
                0x00000000       0x34 .\CortexM0\ARM_GCC_541\Debug\Code_Morse.a(CyLFClk.o)
 .text.CySysWdtGetClearOnMatch
                0x00000000       0x24 .\CortexM0\ARM_GCC_541\Debug\Code_Morse.a(CyLFClk.o)
 .text.CySysWdtEnable
                0x00000000       0x3c .\CortexM0\ARM_GCC_541\Debug\Code_Morse.a(CyLFClk.o)
 .text.CySysWdtDisable
                0x00000000       0x44 .\CortexM0\ARM_GCC_541\Debug\Code_Morse.a(CyLFClk.o)
 .text.CySysWdtSetCascade
                0x00000000       0x34 .\CortexM0\ARM_GCC_541\Debug\Code_Morse.a(CyLFClk.o)
 .text.CySysWdtGetCascade
                0x00000000       0x14 .\CortexM0\ARM_GCC_541\Debug\Code_Morse.a(CyLFClk.o)
 .text.CySysWdtSetMatch
                0x00000000       0x54 .\CortexM0\ARM_GCC_541\Debug\Code_Morse.a(CyLFClk.o)
 .text.CySysWdtSetToggleBit
                0x00000000       0x30 .\CortexM0\ARM_GCC_541\Debug\Code_Morse.a(CyLFClk.o)
 .text.CySysWdtGetToggleBit
                0x00000000       0x10 .\CortexM0\ARM_GCC_541\Debug\Code_Morse.a(CyLFClk.o)
 .text.CySysWdtGetMatch
                0x00000000       0x20 .\CortexM0\ARM_GCC_541\Debug\Code_Morse.a(CyLFClk.o)
 .text.CySysWdtGetCount
                0x00000000       0x3c .\CortexM0\ARM_GCC_541\Debug\Code_Morse.a(CyLFClk.o)
 .text.CySysClkLfclkPosedgeCatch
                0x00000000       0x74 .\CortexM0\ARM_GCC_541\Debug\Code_Morse.a(CyLFClk.o)
 .text.CySysClkIloStop
                0x00000000       0x4c .\CortexM0\ARM_GCC_541\Debug\Code_Morse.a(CyLFClk.o)
 .text.CySysClkSetLfclkSource
                0x00000000       0x38 .\CortexM0\ARM_GCC_541\Debug\Code_Morse.a(CyLFClk.o)
 .text.CySysClkWcoStop
                0x00000000       0x48 .\CortexM0\ARM_GCC_541\Debug\Code_Morse.a(CyLFClk.o)
 .text.CySysWdtGetInterruptSource
                0x00000000       0x14 .\CortexM0\ARM_GCC_541\Debug\Code_Morse.a(CyLFClk.o)
 .text.CySysWdtResetCounters
                0x00000000       0x20 .\CortexM0\ARM_GCC_541\Debug\Code_Morse.a(CyLFClk.o)
 .text.CySysWdtSetInterruptCallback
                0x00000000       0x20 .\CortexM0\ARM_GCC_541\Debug\Code_Morse.a(CyLFClk.o)
 .text.CySysWdtGetInterruptCallback
                0x00000000       0x20 .\CortexM0\ARM_GCC_541\Debug\Code_Morse.a(CyLFClk.o)
 .text.CySysWdtEnableCounterIsr
                0x00000000       0x34 .\CortexM0\ARM_GCC_541\Debug\Code_Morse.a(CyLFClk.o)
 .text.CySysWdtDisableCounterIsr
                0x00000000       0x28 .\CortexM0\ARM_GCC_541\Debug\Code_Morse.a(CyLFClk.o)
 .text.CySysWatchdogFeed
                0x00000000       0x60 .\CortexM0\ARM_GCC_541\Debug\Code_Morse.a(CyLFClk.o)
 .text.CySysTimerDelayUntilMatch
                0x00000000       0x6c .\CortexM0\ARM_GCC_541\Debug\Code_Morse.a(CyLFClk.o)
 .text.CySysTimerDelay
                0x00000000       0x3c .\CortexM0\ARM_GCC_541\Debug\Code_Morse.a(CyLFClk.o)
 .rodata        0x00000000        0xc .\CortexM0\ARM_GCC_541\Debug\Code_Morse.a(CyLFClk.o)
 .text          0x00000000        0x0 .\CortexM0\ARM_GCC_541\Debug\Code_Morse.a(PWM_1.o)
 .data          0x00000000        0x0 .\CortexM0\ARM_GCC_541\Debug\Code_Morse.a(PWM_1.o)
 .text.PWM_1_SetMode
                0x00000000       0x28 .\CortexM0\ARM_GCC_541\Debug\Code_Morse.a(PWM_1.o)
 .text.PWM_1_SetQDMode
                0x00000000       0x28 .\CortexM0\ARM_GCC_541\Debug\Code_Morse.a(PWM_1.o)
 .text.PWM_1_SetPrescaler
                0x00000000       0x28 .\CortexM0\ARM_GCC_541\Debug\Code_Morse.a(PWM_1.o)
 .text.PWM_1_SetOneShot
                0x00000000       0x30 .\CortexM0\ARM_GCC_541\Debug\Code_Morse.a(PWM_1.o)
 .text.PWM_1_SetPWMMode
                0x00000000       0x10 .\CortexM0\ARM_GCC_541\Debug\Code_Morse.a(PWM_1.o)
 .text.PWM_1_SetPWMSyncKill
                0x00000000       0x28 .\CortexM0\ARM_GCC_541\Debug\Code_Morse.a(PWM_1.o)
 .text.PWM_1_SetPWMStopOnKill
                0x00000000       0x28 .\CortexM0\ARM_GCC_541\Debug\Code_Morse.a(PWM_1.o)
 .text.PWM_1_SetPWMDeadTime
                0x00000000       0x2c .\CortexM0\ARM_GCC_541\Debug\Code_Morse.a(PWM_1.o)
 .text.PWM_1_SetPWMInvert
                0x00000000       0x28 .\CortexM0\ARM_GCC_541\Debug\Code_Morse.a(PWM_1.o)
 .text.PWM_1_ReadCounter
                0x00000000       0x10 .\CortexM0\ARM_GCC_541\Debug\Code_Morse.a(PWM_1.o)
 .text.PWM_1_SetCounterMode
                0x00000000       0x28 .\CortexM0\ARM_GCC_541\Debug\Code_Morse.a(PWM_1.o)
 .text.PWM_1_ReadPeriod
                0x00000000       0x10 .\CortexM0\ARM_GCC_541\Debug\Code_Morse.a(PWM_1.o)
 .text.PWM_1_SetCompareSwap
                0x00000000       0x24 .\CortexM0\ARM_GCC_541\Debug\Code_Morse.a(PWM_1.o)
 .text.PWM_1_WritePeriodBuf
                0x00000000       0x10 .\CortexM0\ARM_GCC_541\Debug\Code_Morse.a(PWM_1.o)
 .text.PWM_1_ReadPeriodBuf
                0x00000000       0x10 .\CortexM0\ARM_GCC_541\Debug\Code_Morse.a(PWM_1.o)
 .text.PWM_1_SetPeriodSwap
                0x00000000       0x28 .\CortexM0\ARM_GCC_541\Debug\Code_Morse.a(PWM_1.o)
 .text.PWM_1_ReadCompare
                0x00000000       0x10 .\CortexM0\ARM_GCC_541\Debug\Code_Morse.a(PWM_1.o)
 .text.PWM_1_WriteCompareBuf
                0x00000000       0x10 .\CortexM0\ARM_GCC_541\Debug\Code_Morse.a(PWM_1.o)
 .text.PWM_1_ReadCompareBuf
                0x00000000       0x10 .\CortexM0\ARM_GCC_541\Debug\Code_Morse.a(PWM_1.o)
 .text.PWM_1_ReadCapture
                0x00000000       0x10 .\CortexM0\ARM_GCC_541\Debug\Code_Morse.a(PWM_1.o)
 .text.PWM_1_ReadCaptureBuf
                0x00000000       0x10 .\CortexM0\ARM_GCC_541\Debug\Code_Morse.a(PWM_1.o)
 .text.PWM_1_SetCaptureMode
                0x00000000       0x24 .\CortexM0\ARM_GCC_541\Debug\Code_Morse.a(PWM_1.o)
 .text.PWM_1_SetReloadMode
                0x00000000       0x24 .\CortexM0\ARM_GCC_541\Debug\Code_Morse.a(PWM_1.o)
 .text.PWM_1_SetStartMode
                0x00000000       0x28 .\CortexM0\ARM_GCC_541\Debug\Code_Morse.a(PWM_1.o)
 .text.PWM_1_SetStopMode
                0x00000000       0x24 .\CortexM0\ARM_GCC_541\Debug\Code_Morse.a(PWM_1.o)
 .text.PWM_1_SetCountMode
                0x00000000       0x24 .\CortexM0\ARM_GCC_541\Debug\Code_Morse.a(PWM_1.o)
 .text.PWM_1_ReadStatus
                0x00000000       0x14 .\CortexM0\ARM_GCC_541\Debug\Code_Morse.a(PWM_1.o)
 .text.PWM_1_GetInterruptSourceMasked
                0x00000000        0xc .\CortexM0\ARM_GCC_541\Debug\Code_Morse.a(PWM_1.o)
 .text.PWM_1_GetInterruptSource
                0x00000000        0xc .\CortexM0\ARM_GCC_541\Debug\Code_Morse.a(PWM_1.o)
 .text.PWM_1_ClearInterrupt
                0x00000000        0xc .\CortexM0\ARM_GCC_541\Debug\Code_Morse.a(PWM_1.o)
 .text.PWM_1_SetInterrupt
                0x00000000        0xc .\CortexM0\ARM_GCC_541\Debug\Code_Morse.a(PWM_1.o)
 .text          0x00000000        0x0 .\CortexM0\ARM_GCC_541\Debug\Code_Morse.a(UART.o)
 .data          0x00000000        0x0 .\CortexM0\ARM_GCC_541\Debug\Code_Morse.a(UART.o)
 .text.UART_ScbModeStop
                0x00000000        0x8 .\CortexM0\ARM_GCC_541\Debug\Code_Morse.a(UART.o)
 .text.UART_Stop
                0x00000000       0x20 .\CortexM0\ARM_GCC_541\Debug\Code_Morse.a(UART.o)
 .text.UART_SetRxFifoLevel
                0x00000000       0x14 .\CortexM0\ARM_GCC_541\Debug\Code_Morse.a(UART.o)
 .text.UART_SetTxFifoLevel
                0x00000000       0x14 .\CortexM0\ARM_GCC_541\Debug\Code_Morse.a(UART.o)
 .text          0x00000000        0x0 .\CortexM0\ARM_GCC_541\Debug\Code_Morse.a(UART_UART.o)
 .data          0x00000000        0x0 .\CortexM0\ARM_GCC_541\Debug\Code_Morse.a(UART_UART.o)
 .bss           0x00000000        0x0 .\CortexM0\ARM_GCC_541\Debug\Code_Morse.a(UART_UART.o)
 .text.UART_UartStop
                0x00000000       0x2c .\CortexM0\ARM_GCC_541\Debug\Code_Morse.a(UART_UART.o)
 .text.UART_UartSetRxAddress
                0x00000000       0x14 .\CortexM0\ARM_GCC_541\Debug\Code_Morse.a(UART_UART.o)
 .text.UART_UartSetRxAddressMask
                0x00000000       0x18 .\CortexM0\ARM_GCC_541\Debug\Code_Morse.a(UART_UART.o)
 .text.UART_UartGetChar
                0x00000000       0x2c .\CortexM0\ARM_GCC_541\Debug\Code_Morse.a(UART_UART.o)
 .text.UART_UartGetByte
                0x00000000       0x34 .\CortexM0\ARM_GCC_541\Debug\Code_Morse.a(UART_UART.o)
 .text.UART_UartSetRtsPolarity
                0x00000000       0x28 .\CortexM0\ARM_GCC_541\Debug\Code_Morse.a(UART_UART.o)
 .text.UART_UartSetRtsFifoLevel
                0x00000000       0x14 .\CortexM0\ARM_GCC_541\Debug\Code_Morse.a(UART_UART.o)
 .text.UART_UartPutCRLF
                0x00000000       0x14 .\CortexM0\ARM_GCC_541\Debug\Code_Morse.a(UART_UART.o)
 .text.UART_UartEnableCts
                0x00000000       0x14 .\CortexM0\ARM_GCC_541\Debug\Code_Morse.a(UART_UART.o)
 .text.UART_UartDisableCts
                0x00000000       0x14 .\CortexM0\ARM_GCC_541\Debug\Code_Morse.a(UART_UART.o)
 .text.UART_UartSetCtsPolarity
                0x00000000       0x28 .\CortexM0\ARM_GCC_541\Debug\Code_Morse.a(UART_UART.o)
 .text.UART_UartSendBreakBlocking
                0x00000000       0x58 .\CortexM0\ARM_GCC_541\Debug\Code_Morse.a(UART_UART.o)
 .data          0x00000000        0x0 .\CortexM0\ARM_GCC_541\Debug\Code_Morse.a(CyBootAsmGnu.o)
 .bss           0x00000000        0x0 .\CortexM0\ARM_GCC_541\Debug\Code_Morse.a(CyBootAsmGnu.o)
 .text          0x00000000        0x0 .\CortexM0\ARM_GCC_541\Debug\Code_Morse.a(UART_SPI_UART.o)
 .data          0x00000000        0x0 .\CortexM0\ARM_GCC_541\Debug\Code_Morse.a(UART_SPI_UART.o)
 .bss           0x00000000        0x0 .\CortexM0\ARM_GCC_541\Debug\Code_Morse.a(UART_SPI_UART.o)
 .text.UART_SpiUartReadRxData
                0x00000000        0xc .\CortexM0\ARM_GCC_541\Debug\Code_Morse.a(UART_SPI_UART.o)
 .text.UART_SpiUartGetRxBufferSize
                0x00000000       0x10 .\CortexM0\ARM_GCC_541\Debug\Code_Morse.a(UART_SPI_UART.o)
 .text.UART_SpiUartClearRxBuffer
                0x00000000       0x20 .\CortexM0\ARM_GCC_541\Debug\Code_Morse.a(UART_SPI_UART.o)
 .text.UART_SpiUartPutArray
                0x00000000       0x18 .\CortexM0\ARM_GCC_541\Debug\Code_Morse.a(UART_SPI_UART.o)
 .text.UART_SpiUartGetTxBufferSize
                0x00000000       0x10 .\CortexM0\ARM_GCC_541\Debug\Code_Morse.a(UART_SPI_UART.o)
 .text.UART_SpiUartClearTxBuffer
                0x00000000       0x20 .\CortexM0\ARM_GCC_541\Debug\Code_Morse.a(UART_SPI_UART.o)
 .text.UART_SpiUartDisableIntRx
                0x00000000       0x10 .\CortexM0\ARM_GCC_541\Debug\Code_Morse.a(UART_SPI_UART.o)
 .text.UART_SpiUartDisableIntTx
                0x00000000       0x10 .\CortexM0\ARM_GCC_541\Debug\Code_Morse.a(UART_SPI_UART.o)
 .data          0x00000000        0x0 d:/programs/cypress/psoc creator/4.3/psoc creator/import/gnu/arm/5.4.1/bin/../lib/gcc/arm-none-eabi/5.4.1/armv6-m\libgcc.a(_udivsi3.o)
 .bss           0x00000000        0x0 d:/programs/cypress/psoc creator/4.3/psoc creator/import/gnu/arm/5.4.1/bin/../lib/gcc/arm-none-eabi/5.4.1/armv6-m\libgcc.a(_udivsi3.o)
 .text          0x00000000      0x1d4 d:/programs/cypress/psoc creator/4.3/psoc creator/import/gnu/arm/5.4.1/bin/../lib/gcc/arm-none-eabi/5.4.1/armv6-m\libgcc.a(_divsi3.o)
 .data          0x00000000        0x0 d:/programs/cypress/psoc creator/4.3/psoc creator/import/gnu/arm/5.4.1/bin/../lib/gcc/arm-none-eabi/5.4.1/armv6-m\libgcc.a(_divsi3.o)
 .bss           0x00000000        0x0 d:/programs/cypress/psoc creator/4.3/psoc creator/import/gnu/arm/5.4.1/bin/../lib/gcc/arm-none-eabi/5.4.1/armv6-m\libgcc.a(_divsi3.o)
 .data          0x00000000        0x0 d:/programs/cypress/psoc creator/4.3/psoc creator/import/gnu/arm/5.4.1/bin/../lib/gcc/arm-none-eabi/5.4.1/armv6-m\libgcc.a(_dvmd_tls.o)
 .bss           0x00000000        0x0 d:/programs/cypress/psoc creator/4.3/psoc creator/import/gnu/arm/5.4.1/bin/../lib/gcc/arm-none-eabi/5.4.1/armv6-m\libgcc.a(_dvmd_tls.o)
 .text          0x00000000        0x0 d:/programs/cypress/psoc creator/4.3/psoc creator/import/gnu/arm/5.4.1/bin/../lib/gcc/arm-none-eabi/5.4.1/../../../../arm-none-eabi/lib/armv6-m\libg_nano.a(lib_a-errno.o)
 .data          0x00000000        0x0 d:/programs/cypress/psoc creator/4.3/psoc creator/import/gnu/arm/5.4.1/bin/../lib/gcc/arm-none-eabi/5.4.1/../../../../arm-none-eabi/lib/armv6-m\libg_nano.a(lib_a-errno.o)
 .bss           0x00000000        0x0 d:/programs/cypress/psoc creator/4.3/psoc creator/import/gnu/arm/5.4.1/bin/../lib/gcc/arm-none-eabi/5.4.1/../../../../arm-none-eabi/lib/armv6-m\libg_nano.a(lib_a-errno.o)
 .text          0x00000000        0x0 d:/programs/cypress/psoc creator/4.3/psoc creator/import/gnu/arm/5.4.1/bin/../lib/gcc/arm-none-eabi/5.4.1/../../../../arm-none-eabi/lib/armv6-m\libg_nano.a(lib_a-exit.o)
 .data          0x00000000        0x0 d:/programs/cypress/psoc creator/4.3/psoc creator/import/gnu/arm/5.4.1/bin/../lib/gcc/arm-none-eabi/5.4.1/../../../../arm-none-eabi/lib/armv6-m\libg_nano.a(lib_a-exit.o)
 .bss           0x00000000        0x0 d:/programs/cypress/psoc creator/4.3/psoc creator/import/gnu/arm/5.4.1/bin/../lib/gcc/arm-none-eabi/5.4.1/../../../../arm-none-eabi/lib/armv6-m\libg_nano.a(lib_a-exit.o)
 .text.exit     0x00000000       0x2c d:/programs/cypress/psoc creator/4.3/psoc creator/import/gnu/arm/5.4.1/bin/../lib/gcc/arm-none-eabi/5.4.1/../../../../arm-none-eabi/lib/armv6-m\libg_nano.a(lib_a-exit.o)
 .text          0x00000000        0x0 d:/programs/cypress/psoc creator/4.3/psoc creator/import/gnu/arm/5.4.1/bin/../lib/gcc/arm-none-eabi/5.4.1/../../../../arm-none-eabi/lib/armv6-m\libg_nano.a(lib_a-impure.o)
 .data          0x00000000        0x0 d:/programs/cypress/psoc creator/4.3/psoc creator/import/gnu/arm/5.4.1/bin/../lib/gcc/arm-none-eabi/5.4.1/../../../../arm-none-eabi/lib/armv6-m\libg_nano.a(lib_a-impure.o)
 .bss           0x00000000        0x0 d:/programs/cypress/psoc creator/4.3/psoc creator/import/gnu/arm/5.4.1/bin/../lib/gcc/arm-none-eabi/5.4.1/../../../../arm-none-eabi/lib/armv6-m\libg_nano.a(lib_a-impure.o)
 .rodata._global_impure_ptr
                0x00000000        0x4 d:/programs/cypress/psoc creator/4.3/psoc creator/import/gnu/arm/5.4.1/bin/../lib/gcc/arm-none-eabi/5.4.1/../../../../arm-none-eabi/lib/armv6-m\libg_nano.a(lib_a-impure.o)
 .text          0x00000000        0x0 d:/programs/cypress/psoc creator/4.3/psoc creator/import/gnu/arm/5.4.1/bin/../lib/gcc/arm-none-eabi/5.4.1/../../../../arm-none-eabi/lib/armv6-m\libg_nano.a(lib_a-init.o)
 .data          0x00000000        0x0 d:/programs/cypress/psoc creator/4.3/psoc creator/import/gnu/arm/5.4.1/bin/../lib/gcc/arm-none-eabi/5.4.1/../../../../arm-none-eabi/lib/armv6-m\libg_nano.a(lib_a-init.o)
 .bss           0x00000000        0x0 d:/programs/cypress/psoc creator/4.3/psoc creator/import/gnu/arm/5.4.1/bin/../lib/gcc/arm-none-eabi/5.4.1/../../../../arm-none-eabi/lib/armv6-m\libg_nano.a(lib_a-init.o)
 .text          0x00000000        0x0 d:/programs/cypress/psoc creator/4.3/psoc creator/import/gnu/arm/5.4.1/bin/../lib/gcc/arm-none-eabi/5.4.1/../../../../arm-none-eabi/lib/armv6-m\libg_nano.a(lib_a-memcpy-stub.o)
 .data          0x00000000        0x0 d:/programs/cypress/psoc creator/4.3/psoc creator/import/gnu/arm/5.4.1/bin/../lib/gcc/arm-none-eabi/5.4.1/../../../../arm-none-eabi/lib/armv6-m\libg_nano.a(lib_a-memcpy-stub.o)
 .bss           0x00000000        0x0 d:/programs/cypress/psoc creator/4.3/psoc creator/import/gnu/arm/5.4.1/bin/../lib/gcc/arm-none-eabi/5.4.1/../../../../arm-none-eabi/lib/armv6-m\libg_nano.a(lib_a-memcpy-stub.o)
 .text          0x00000000        0x0 d:/programs/cypress/psoc creator/4.3/psoc creator/import/gnu/arm/5.4.1/bin/../lib/gcc/arm-none-eabi/5.4.1/../../../../arm-none-eabi/lib/armv6-m\libg_nano.a(lib_a-memset.o)
 .data          0x00000000        0x0 d:/programs/cypress/psoc creator/4.3/psoc creator/import/gnu/arm/5.4.1/bin/../lib/gcc/arm-none-eabi/5.4.1/../../../../arm-none-eabi/lib/armv6-m\libg_nano.a(lib_a-memset.o)
 .bss           0x00000000        0x0 d:/programs/cypress/psoc creator/4.3/psoc creator/import/gnu/arm/5.4.1/bin/../lib/gcc/arm-none-eabi/5.4.1/../../../../arm-none-eabi/lib/armv6-m\libg_nano.a(lib_a-memset.o)
 .text          0x00000000        0x0 d:/programs/cypress/psoc creator/4.3/psoc creator/import/gnu/arm/5.4.1/bin/../lib/gcc/arm-none-eabi/5.4.1/../../../../arm-none-eabi/lib/armv6-m\libg_nano.a(lib_a-sprintf.o)
 .data          0x00000000        0x0 d:/programs/cypress/psoc creator/4.3/psoc creator/import/gnu/arm/5.4.1/bin/../lib/gcc/arm-none-eabi/5.4.1/../../../../arm-none-eabi/lib/armv6-m\libg_nano.a(lib_a-sprintf.o)
 .bss           0x00000000        0x0 d:/programs/cypress/psoc creator/4.3/psoc creator/import/gnu/arm/5.4.1/bin/../lib/gcc/arm-none-eabi/5.4.1/../../../../arm-none-eabi/lib/armv6-m\libg_nano.a(lib_a-sprintf.o)
 .text._sprintf_r
                0x00000000       0x40 d:/programs/cypress/psoc creator/4.3/psoc creator/import/gnu/arm/5.4.1/bin/../lib/gcc/arm-none-eabi/5.4.1/../../../../arm-none-eabi/lib/armv6-m\libg_nano.a(lib_a-sprintf.o)
 .data          0x00000000        0x0 d:/programs/cypress/psoc creator/4.3/psoc creator/import/gnu/arm/5.4.1/bin/../lib/gcc/arm-none-eabi/5.4.1/../../../../arm-none-eabi/lib/armv6-m\libg_nano.a(lib_a-strlen.o)
 .bss           0x00000000        0x0 d:/programs/cypress/psoc creator/4.3/psoc creator/import/gnu/arm/5.4.1/bin/../lib/gcc/arm-none-eabi/5.4.1/../../../../arm-none-eabi/lib/armv6-m\libg_nano.a(lib_a-strlen.o)
 .text          0x00000000        0x0 d:/programs/cypress/psoc creator/4.3/psoc creator/import/gnu/arm/5.4.1/bin/../lib/gcc/arm-none-eabi/5.4.1/../../../../arm-none-eabi/lib/armv6-m\libg_nano.a(lib_a-nano-svfprintf.o)
 .data          0x00000000        0x0 d:/programs/cypress/psoc creator/4.3/psoc creator/import/gnu/arm/5.4.1/bin/../lib/gcc/arm-none-eabi/5.4.1/../../../../arm-none-eabi/lib/armv6-m\libg_nano.a(lib_a-nano-svfprintf.o)
 .bss           0x00000000        0x0 d:/programs/cypress/psoc creator/4.3/psoc creator/import/gnu/arm/5.4.1/bin/../lib/gcc/arm-none-eabi/5.4.1/../../../../arm-none-eabi/lib/armv6-m\libg_nano.a(lib_a-nano-svfprintf.o)
 .text.__ssprint_r
                0x00000000      0x100 d:/programs/cypress/psoc creator/4.3/psoc creator/import/gnu/arm/5.4.1/bin/../lib/gcc/arm-none-eabi/5.4.1/../../../../arm-none-eabi/lib/armv6-m\libg_nano.a(lib_a-nano-svfprintf.o)
 .text          0x00000000        0x0 d:/programs/cypress/psoc creator/4.3/psoc creator/import/gnu/arm/5.4.1/bin/../lib/gcc/arm-none-eabi/5.4.1/../../../../arm-none-eabi/lib/armv6-m\libg_nano.a(lib_a-nano-vfprintf_i.o)
 .data          0x00000000        0x0 d:/programs/cypress/psoc creator/4.3/psoc creator/import/gnu/arm/5.4.1/bin/../lib/gcc/arm-none-eabi/5.4.1/../../../../arm-none-eabi/lib/armv6-m\libg_nano.a(lib_a-nano-vfprintf_i.o)
 .bss           0x00000000        0x0 d:/programs/cypress/psoc creator/4.3/psoc creator/import/gnu/arm/5.4.1/bin/../lib/gcc/arm-none-eabi/5.4.1/../../../../arm-none-eabi/lib/armv6-m\libg_nano.a(lib_a-nano-vfprintf_i.o)
 .text          0x00000000        0x0 d:/programs/cypress/psoc creator/4.3/psoc creator/import/gnu/arm/5.4.1/bin/../lib/gcc/arm-none-eabi/5.4.1/../../../../arm-none-eabi/lib/armv6-m\libg_nano.a(lib_a-memchr-stub.o)
 .data          0x00000000        0x0 d:/programs/cypress/psoc creator/4.3/psoc creator/import/gnu/arm/5.4.1/bin/../lib/gcc/arm-none-eabi/5.4.1/../../../../arm-none-eabi/lib/armv6-m\libg_nano.a(lib_a-memchr-stub.o)
 .bss           0x00000000        0x0 d:/programs/cypress/psoc creator/4.3/psoc creator/import/gnu/arm/5.4.1/bin/../lib/gcc/arm-none-eabi/5.4.1/../../../../arm-none-eabi/lib/armv6-m\libg_nano.a(lib_a-memchr-stub.o)
 .text          0x00000000        0x0 d:/programs/cypress/psoc creator/4.3/psoc creator/import/gnu/arm/5.4.1/bin/../lib/gcc/arm-none-eabi/5.4.1/../../../../arm-none-eabi/lib/armv6-m\libg_nano.a(lib_a-memmove.o)
 .data          0x00000000        0x0 d:/programs/cypress/psoc creator/4.3/psoc creator/import/gnu/arm/5.4.1/bin/../lib/gcc/arm-none-eabi/5.4.1/../../../../arm-none-eabi/lib/armv6-m\libg_nano.a(lib_a-memmove.o)
 .bss           0x00000000        0x0 d:/programs/cypress/psoc creator/4.3/psoc creator/import/gnu/arm/5.4.1/bin/../lib/gcc/arm-none-eabi/5.4.1/../../../../arm-none-eabi/lib/armv6-m\libg_nano.a(lib_a-memmove.o)
 .text          0x00000000        0x0 d:/programs/cypress/psoc creator/4.3/psoc creator/import/gnu/arm/5.4.1/bin/../lib/gcc/arm-none-eabi/5.4.1/../../../../arm-none-eabi/lib/armv6-m\libg_nano.a(lib_a-nano-freer.o)
 .data          0x00000000        0x0 d:/programs/cypress/psoc creator/4.3/psoc creator/import/gnu/arm/5.4.1/bin/../lib/gcc/arm-none-eabi/5.4.1/../../../../arm-none-eabi/lib/armv6-m\libg_nano.a(lib_a-nano-freer.o)
 .bss           0x00000000        0x0 d:/programs/cypress/psoc creator/4.3/psoc creator/import/gnu/arm/5.4.1/bin/../lib/gcc/arm-none-eabi/5.4.1/../../../../arm-none-eabi/lib/armv6-m\libg_nano.a(lib_a-nano-freer.o)
 .text          0x00000000        0x0 d:/programs/cypress/psoc creator/4.3/psoc creator/import/gnu/arm/5.4.1/bin/../lib/gcc/arm-none-eabi/5.4.1/../../../../arm-none-eabi/lib/armv6-m\libg_nano.a(lib_a-nano-mallocr.o)
 .data          0x00000000        0x0 d:/programs/cypress/psoc creator/4.3/psoc creator/import/gnu/arm/5.4.1/bin/../lib/gcc/arm-none-eabi/5.4.1/../../../../arm-none-eabi/lib/armv6-m\libg_nano.a(lib_a-nano-mallocr.o)
 .bss           0x00000000        0x0 d:/programs/cypress/psoc creator/4.3/psoc creator/import/gnu/arm/5.4.1/bin/../lib/gcc/arm-none-eabi/5.4.1/../../../../arm-none-eabi/lib/armv6-m\libg_nano.a(lib_a-nano-mallocr.o)
 .text          0x00000000        0x0 d:/programs/cypress/psoc creator/4.3/psoc creator/import/gnu/arm/5.4.1/bin/../lib/gcc/arm-none-eabi/5.4.1/../../../../arm-none-eabi/lib/armv6-m\libg_nano.a(lib_a-nano-reallocr.o)
 .data          0x00000000        0x0 d:/programs/cypress/psoc creator/4.3/psoc creator/import/gnu/arm/5.4.1/bin/../lib/gcc/arm-none-eabi/5.4.1/../../../../arm-none-eabi/lib/armv6-m\libg_nano.a(lib_a-nano-reallocr.o)
 .bss           0x00000000        0x0 d:/programs/cypress/psoc creator/4.3/psoc creator/import/gnu/arm/5.4.1/bin/../lib/gcc/arm-none-eabi/5.4.1/../../../../arm-none-eabi/lib/armv6-m\libg_nano.a(lib_a-nano-reallocr.o)
 .text          0x00000000        0x0 d:/programs/cypress/psoc creator/4.3/psoc creator/import/gnu/arm/5.4.1/bin/../lib/gcc/arm-none-eabi/5.4.1/../../../../arm-none-eabi/lib/armv6-m\libg_nano.a(lib_a-sbrkr.o)
 .data          0x00000000        0x0 d:/programs/cypress/psoc creator/4.3/psoc creator/import/gnu/arm/5.4.1/bin/../lib/gcc/arm-none-eabi/5.4.1/../../../../arm-none-eabi/lib/armv6-m\libg_nano.a(lib_a-sbrkr.o)
 .bss           0x00000000        0x0 d:/programs/cypress/psoc creator/4.3/psoc creator/import/gnu/arm/5.4.1/bin/../lib/gcc/arm-none-eabi/5.4.1/../../../../arm-none-eabi/lib/armv6-m\libg_nano.a(lib_a-sbrkr.o)
 .text          0x00000000        0x0 d:/programs/cypress/psoc creator/4.3/psoc creator/import/gnu/arm/5.4.1/bin/../lib/gcc/arm-none-eabi/5.4.1/../../../../arm-none-eabi/lib/armv6-m\libg_nano.a(lib_a-mlock.o)
 .data          0x00000000        0x0 d:/programs/cypress/psoc creator/4.3/psoc creator/import/gnu/arm/5.4.1/bin/../lib/gcc/arm-none-eabi/5.4.1/../../../../arm-none-eabi/lib/armv6-m\libg_nano.a(lib_a-mlock.o)
 .bss           0x00000000        0x0 d:/programs/cypress/psoc creator/4.3/psoc creator/import/gnu/arm/5.4.1/bin/../lib/gcc/arm-none-eabi/5.4.1/../../../../arm-none-eabi/lib/armv6-m\libg_nano.a(lib_a-mlock.o)
 .text          0x00000000        0x0 d:/programs/cypress/psoc creator/4.3/psoc creator/import/gnu/arm/5.4.1/bin/../lib/gcc/arm-none-eabi/5.4.1/../../../../arm-none-eabi/lib/armv6-m\libg_nano.a(lib_a-nano-msizer.o)
 .data          0x00000000        0x0 d:/programs/cypress/psoc creator/4.3/psoc creator/import/gnu/arm/5.4.1/bin/../lib/gcc/arm-none-eabi/5.4.1/../../../../arm-none-eabi/lib/armv6-m\libg_nano.a(lib_a-nano-msizer.o)
 .bss           0x00000000        0x0 d:/programs/cypress/psoc creator/4.3/psoc creator/import/gnu/arm/5.4.1/bin/../lib/gcc/arm-none-eabi/5.4.1/../../../../arm-none-eabi/lib/armv6-m\libg_nano.a(lib_a-nano-msizer.o)
 .text          0x00000000        0x0 d:/programs/cypress/psoc creator/4.3/psoc creator/import/gnu/arm/5.4.1/bin/../lib/gcc/arm-none-eabi/5.4.1/../../../../arm-none-eabi/lib/armv6-m\libg_nano.a(lib_a-reent.o)
 .data          0x00000000        0x0 d:/programs/cypress/psoc creator/4.3/psoc creator/import/gnu/arm/5.4.1/bin/../lib/gcc/arm-none-eabi/5.4.1/../../../../arm-none-eabi/lib/armv6-m\libg_nano.a(lib_a-reent.o)
 .bss           0x00000000        0x0 d:/programs/cypress/psoc creator/4.3/psoc creator/import/gnu/arm/5.4.1/bin/../lib/gcc/arm-none-eabi/5.4.1/../../../../arm-none-eabi/lib/armv6-m\libg_nano.a(lib_a-reent.o)
 .text.cleanup_glue
                0x00000000       0x1a d:/programs/cypress/psoc creator/4.3/psoc creator/import/gnu/arm/5.4.1/bin/../lib/gcc/arm-none-eabi/5.4.1/../../../../arm-none-eabi/lib/armv6-m\libg_nano.a(lib_a-reent.o)
 .text._reclaim_reent
                0x00000000       0xcc d:/programs/cypress/psoc creator/4.3/psoc creator/import/gnu/arm/5.4.1/bin/../lib/gcc/arm-none-eabi/5.4.1/../../../../arm-none-eabi/lib/armv6-m\libg_nano.a(lib_a-reent.o)
 .text          0x00000000        0x0 d:/programs/cypress/psoc creator/4.3/psoc creator/import/gnu/arm/5.4.1/bin/../lib/gcc/arm-none-eabi/5.4.1/armv6-m/crtend.o
 .data          0x00000000        0x0 d:/programs/cypress/psoc creator/4.3/psoc creator/import/gnu/arm/5.4.1/bin/../lib/gcc/arm-none-eabi/5.4.1/armv6-m/crtend.o
 .bss           0x00000000        0x0 d:/programs/cypress/psoc creator/4.3/psoc creator/import/gnu/arm/5.4.1/bin/../lib/gcc/arm-none-eabi/5.4.1/armv6-m/crtend.o
 .text          0x00000000        0x0 d:/programs/cypress/psoc creator/4.3/psoc creator/import/gnu/arm/5.4.1/bin/../lib/gcc/arm-none-eabi/5.4.1/armv6-m/crtn.o
 .data          0x00000000        0x0 d:/programs/cypress/psoc creator/4.3/psoc creator/import/gnu/arm/5.4.1/bin/../lib/gcc/arm-none-eabi/5.4.1/armv6-m/crtn.o
 .bss           0x00000000        0x0 d:/programs/cypress/psoc creator/4.3/psoc creator/import/gnu/arm/5.4.1/bin/../lib/gcc/arm-none-eabi/5.4.1/armv6-m/crtn.o

Memory Configuration

Name             Origin             Length             Attributes
rom              0x00000000         0x00040000         xr
ram              0x20000000         0x00008000         xrw
*default*        0x00000000         0xffffffff

Linker script and memory map

LOAD d:/programs/cypress/psoc creator/4.3/psoc creator/import/gnu/arm/5.4.1/bin/../lib/gcc/arm-none-eabi/5.4.1/armv6-m/crti.o
LOAD d:/programs/cypress/psoc creator/4.3/psoc creator/import/gnu/arm/5.4.1/bin/../lib/gcc/arm-none-eabi/5.4.1/armv6-m/crtbegin.o
LOAD d:/programs/cypress/psoc creator/4.3/psoc creator/import/gnu/arm/5.4.1/bin/../lib/gcc/arm-none-eabi/5.4.1/../../../../arm-none-eabi/lib/armv6-m/crt0.o
START GROUP
LOAD .\CortexM0\ARM_GCC_541\Debug\main.o
LOAD .\CortexM0\ARM_GCC_541\Debug\cyfitter_cfg.o
LOAD .\CortexM0\ARM_GCC_541\Debug\cymetadata.o
LOAD .\CortexM0\ARM_GCC_541\Debug\Cm0Start.o
LOAD .\CortexM0\ARM_GCC_541\Debug\Code_Morse.a
END GROUP
START GROUP
LOAD d:/programs/cypress/psoc creator/4.3/psoc creator/import/gnu/arm/5.4.1/bin/../lib/gcc/arm-none-eabi/5.4.1/armv6-m\libgcc.a
LOAD d:/programs/cypress/psoc creator/4.3/psoc creator/import/gnu/arm/5.4.1/bin/../lib/gcc/arm-none-eabi/5.4.1/../../../../arm-none-eabi/lib/armv6-m\libg_nano.a
LOAD d:/programs/cypress/psoc creator/4.3/psoc creator/import/gnu/arm/5.4.1/bin/../lib/gcc/arm-none-eabi/5.4.1/../../../../arm-none-eabi/lib/armv6-m\libc_nano.a
END GROUP
START GROUP
LOAD d:/programs/cypress/psoc creator/4.3/psoc creator/import/gnu/arm/5.4.1/bin/../lib/gcc/arm-none-eabi/5.4.1/armv6-m\libgcc.a
LOAD d:/programs/cypress/psoc creator/4.3/psoc creator/import/gnu/arm/5.4.1/bin/../lib/gcc/arm-none-eabi/5.4.1/../../../../arm-none-eabi/lib/armv6-m\libc_nano.a
END GROUP
LOAD d:/programs/cypress/psoc creator/4.3/psoc creator/import/gnu/arm/5.4.1/bin/../lib/gcc/arm-none-eabi/5.4.1/armv6-m/crtend.o
LOAD d:/programs/cypress/psoc creator/4.3/psoc creator/import/gnu/arm/5.4.1/bin/../lib/gcc/arm-none-eabi/5.4.1/armv6-m/crtn.o
START GROUP
LOAD d:/programs/cypress/psoc creator/4.3/psoc creator/import/gnu/arm/5.4.1/bin/../lib/gcc/arm-none-eabi/5.4.1/armv6-m\libgcc.a
LOAD d:/programs/cypress/psoc creator/4.3/psoc creator/import/gnu/arm/5.4.1/bin/../lib/gcc/arm-none-eabi/5.4.1/../../../../arm-none-eabi/lib/armv6-m\libc.a
LOAD d:/programs/cypress/psoc creator/4.3/psoc creator/import/gnu/arm/5.4.1/bin/../lib/gcc/arm-none-eabi/5.4.1/../../../../arm-none-eabi/lib/armv6-m\libnosys.a
END GROUP
                0x00000000                CY_APPL_ORIGIN = 0x0
                0x00000100                CY_FLASH_ROW_SIZE = 0x100
                0x00000001                CY_APPL_NUM = 0x1
                0x00000001                CY_APPL_MAX = 0x1
                0x00000040                CY_METADATA_SIZE = 0x40
                0x00000000                CY_APPL_LOADABLE = 0x0
                0x00000000                CY_CHECKSUM_EXCLUDE_SIZE = ALIGN (0x0, CY_FLASH_ROW_SIZE)
                0x00000000                CY_APP_FOR_STACK_AND_COPIER = 0x0
                [!provide]                PROVIDE (__cy_heap_start, _end)
                0x00000001                PROVIDE (__cy_region_num, ((__cy_regions_end - __cy_regions) / 0x10))
                0x20008000                PROVIDE (__cy_stack, (ORIGIN (ram) + LENGTH (ram)))
                [!provide]                PROVIDE (__cy_heap_end, (__cy_stack - 0x800))

.cybootloader   0x00000000        0x0
 *(.cybootloader)
                0x00000000                appl1_start = CY_APPL_ORIGIN?CY_APPL_ORIGIN:ALIGN (CY_FLASH_ROW_SIZE)
                0x0001ff00                appl2_start = (appl1_start + ALIGN ((((LENGTH (rom) - appl1_start) - (0x2 * CY_FLASH_ROW_SIZE)) / 0x2), CY_FLASH_ROW_SIZE))
                0x00000000                appl_start = (CY_APPL_NUM == 0x1)?appl1_start:appl2_start
                0x00000001                cy_project_type_bootloader = (appl_start == 0x0)?0x1:0x0
                0x00000000                cy_project_type_app_for_stack_and_copier = (CY_APP_FOR_STACK_AND_COPIER == 0x1)?0x1:0x0

.text           0x00000000     0x15be
 CREATE_OBJECT_SYMBOLS
                0x00000000                PROVIDE (__cy_interrupt_vector, RomVectors)
 *(.romvectors)
 .romvectors    0x00000000       0x10 .\CortexM0\ARM_GCC_541\Debug\Cm0Start.o
                0x00000000                RomVectors
                0x00000001                ASSERT ((. != __cy_interrupt_vector), No interrupt vector)
                0x00000001                ASSERT (CY_APPL_ORIGIN?(SIZEOF (.cybootloader) <= CY_APPL_ORIGIN):0x1, Wrong image location)
                0x00000010                PROVIDE (__cy_reset, Reset)
 *(.text.Reset)
 .text.Reset    0x00000010        0x8 .\CortexM0\ARM_GCC_541\Debug\Cm0Start.o
                0x00000010                Reset
                0x00000001                ASSERT ((. != __cy_reset), No reset code)
 *(.psocinit)
 .psocinit      0x00000018      0x204 .\CortexM0\ARM_GCC_541\Debug\cyfitter_cfg.o
                0x00000110                cyfitter_cfg
                0x0000021c                . = MAX (., 0x100)
 *(.text .text.* .gnu.linkonce.t.*)
 .text          0x0000021c       0x60 d:/programs/cypress/psoc creator/4.3/psoc creator/import/gnu/arm/5.4.1/bin/../lib/gcc/arm-none-eabi/5.4.1/armv6-m/crtbegin.o
 .text.get_letter_pos
                0x0000027c       0x24 .\CortexM0\ARM_GCC_541\Debug\main.o
                0x0000027c                get_letter_pos
 .text.word_to_morse
                0x000002a0       0xe4 .\CortexM0\ARM_GCC_541\Debug\main.o
                0x000002a0                word_to_morse
 .text.main     0x00000384       0x34 .\CortexM0\ARM_GCC_541\Debug\main.o
                0x00000384                main
 .text.cfg_write_bytes32
                0x000003b8       0x34 .\CortexM0\ARM_GCC_541\Debug\cyfitter_cfg.o
 .text.AnalogSetDefault
                0x000003ec       0x20 .\CortexM0\ARM_GCC_541\Debug\cyfitter_cfg.o
 .text.CYMEMZERO
                0x0000040c        0xc .\CortexM0\ARM_GCC_541\Debug\cyfitter_cfg.o
 .text.IntDefaultHandler
                0x00000418       0x10 .\CortexM0\ARM_GCC_541\Debug\Cm0Start.o
                0x00000418                IntDefaultHandler
 .text._sbrk    0x00000428       0x30 .\CortexM0\ARM_GCC_541\Debug\Cm0Start.o
                0x00000428                _sbrk
 .text.Start_c  0x00000458       0x48 .\CortexM0\ARM_GCC_541\Debug\Cm0Start.o
                0x00000458                Start_c
 .text.initialize_psoc
                0x000004a0       0x4c .\CortexM0\ARM_GCC_541\Debug\Cm0Start.o
                0x000004a0                initialize_psoc
 .text.Pin_Red_Write
                0x000004ec       0x18 .\CortexM0\ARM_GCC_541\Debug\Code_Morse.a(Pin_Red.o)
                0x000004ec                Pin_Red_Write
 .text.CySysClkEcoReadStatus
                0x00000504       0x10 .\CortexM0\ARM_GCC_541\Debug\Code_Morse.a(CyLib.o)
                0x00000504                CySysClkEcoReadStatus
 .text.CyIntEnable
                0x00000514       0x14 .\CortexM0\ARM_GCC_541\Debug\Code_Morse.a(CyLib.o)
                0x00000514                CyIntEnable
 .text.CyHalt   0x00000528        0x4 .\CortexM0\ARM_GCC_541\Debug\Code_Morse.a(CyLib.o)
                0x00000528                CyHalt
 .text.CyIntSetVector
                0x0000052c       0x24 .\CortexM0\ARM_GCC_541\Debug\Code_Morse.a(CyLib.o)
                0x0000052c                CyIntSetVector
 .text.CyDelay  0x00000550       0x30 .\CortexM0\ARM_GCC_541\Debug\Code_Morse.a(CyLib.o)
                0x00000550                CyDelay
 .text.CyDelayUs
                0x00000580       0x14 .\CortexM0\ARM_GCC_541\Debug\Code_Morse.a(CyLib.o)
                0x00000580                CyDelayUs
 .text.CySysClkWriteImoFreq
                0x00000594      0x164 .\CortexM0\ARM_GCC_541\Debug\Code_Morse.a(CyLib.o)
                0x00000594                CySysClkWriteImoFreq
 .text.CySysClkEcoStart
                0x000006f8       0x54 .\CortexM0\ARM_GCC_541\Debug\Code_Morse.a(CyLib.o)
                0x000006f8                CySysClkEcoStart
 .text.CySysWdtLocked
                0x0000074c       0x14 .\CortexM0\ARM_GCC_541\Debug\Code_Morse.a(CyLFClk.o)
 .text.CySysClkWcoStart
                0x00000760       0x40 .\CortexM0\ARM_GCC_541\Debug\Code_Morse.a(CyLFClk.o)
                0x00000760                CySysClkWcoStart
 .text.CySysClkWcoSetPowerMode
                0x000007a0       0x80 .\CortexM0\ARM_GCC_541\Debug\Code_Morse.a(CyLFClk.o)
                0x000007a0                CySysClkWcoSetPowerMode
 .text.CySysWdtLock
                0x00000820       0x1c .\CortexM0\ARM_GCC_541\Debug\Code_Morse.a(CyLFClk.o)
                0x00000820                CySysWdtLock
 .text.CySysWdtUnlock
                0x0000083c       0x30 .\CortexM0\ARM_GCC_541\Debug\Code_Morse.a(CyLFClk.o)
                0x0000083c                CySysWdtUnlock
 .text.CySysWdtClearInterrupt
                0x0000086c       0x4c .\CortexM0\ARM_GCC_541\Debug\Code_Morse.a(CyLFClk.o)
                0x0000086c                CySysWdtClearInterrupt
 .text.CySysWdtIsr
                0x000008b8       0xa4 .\CortexM0\ARM_GCC_541\Debug\Code_Morse.a(CyLFClk.o)
                0x000008b8                CySysWdtIsr
 .text.PWM_1_Stop
                0x0000095c       0x1c .\CortexM0\ARM_GCC_541\Debug\Code_Morse.a(PWM_1.o)
                0x0000095c                PWM_1_Stop
 .text.PWM_1_WriteCounter
                0x00000978       0x10 .\CortexM0\ARM_GCC_541\Debug\Code_Morse.a(PWM_1.o)
                0x00000978                PWM_1_WriteCounter
 .text.PWM_1_WritePeriod
                0x00000988       0x10 .\CortexM0\ARM_GCC_541\Debug\Code_Morse.a(PWM_1.o)
                0x00000988                PWM_1_WritePeriod
 .text.PWM_1_WriteCompare
                0x00000998       0x10 .\CortexM0\ARM_GCC_541\Debug\Code_Morse.a(PWM_1.o)
                0x00000998                PWM_1_WriteCompare
 .text.PWM_1_TriggerCommand
                0x000009a8       0x1c .\CortexM0\ARM_GCC_541\Debug\Code_Morse.a(PWM_1.o)
                0x000009a8                PWM_1_TriggerCommand
 .text.PWM_1_Enable
                0x000009c4       0x24 .\CortexM0\ARM_GCC_541\Debug\Code_Morse.a(PWM_1.o)
                0x000009c4                PWM_1_Enable
 .text.PWM_1_SetInterruptMode
                0x000009e8        0xc .\CortexM0\ARM_GCC_541\Debug\Code_Morse.a(PWM_1.o)
                0x000009e8                PWM_1_SetInterruptMode
 .text.PWM_1_Init
                0x000009f4       0x4c .\CortexM0\ARM_GCC_541\Debug\Code_Morse.a(PWM_1.o)
                0x000009f4                PWM_1_Init
 .text.PWM_1_Start
                0x00000a40       0x20 .\CortexM0\ARM_GCC_541\Debug\Code_Morse.a(PWM_1.o)
                0x00000a40                PWM_1_Start
 .text.UART_ScbModePostEnable
                0x00000a60        0x8 .\CortexM0\ARM_GCC_541\Debug\Code_Morse.a(UART.o)
 .text.UART_Init
                0x00000a68        0x8 .\CortexM0\ARM_GCC_541\Debug\Code_Morse.a(UART.o)
                0x00000a68                UART_Init
 .text.UART_Enable
                0x00000a70       0x18 .\CortexM0\ARM_GCC_541\Debug\Code_Morse.a(UART.o)
                0x00000a70                UART_Enable
 .text.UART_Start
                0x00000a88       0x20 .\CortexM0\ARM_GCC_541\Debug\Code_Morse.a(UART.o)
                0x00000a88                UART_Start
 .text.UART_UartInit
                0x00000aa8       0xa8 .\CortexM0\ARM_GCC_541\Debug\Code_Morse.a(UART_UART.o)
                0x00000aa8                UART_UartInit
 .text.UART_UartPostEnable
                0x00000b50       0x2c .\CortexM0\ARM_GCC_541\Debug\Code_Morse.a(UART_UART.o)
                0x00000b50                UART_UartPostEnable
 .text.UART_UartPutString
                0x00000b7c       0x18 .\CortexM0\ARM_GCC_541\Debug\Code_Morse.a(UART_UART.o)
                0x00000b7c                UART_UartPutString
 *fill*         0x00000b94        0x4 
 .text          0x00000b98       0x20 .\CortexM0\ARM_GCC_541\Debug\Code_Morse.a(CyBootAsmGnu.o)
                0x00000b98                CyDelayCycles
                0x00000baa                CyEnterCriticalSection
                0x00000bb2                CyExitCriticalSection
 .text.UART_SpiUartWriteTxData
                0x00000bb8       0x1c .\CortexM0\ARM_GCC_541\Debug\Code_Morse.a(UART_SPI_UART.o)
                0x00000bb8                UART_SpiUartWriteTxData
 .text          0x00000bd4      0x114 d:/programs/cypress/psoc creator/4.3/psoc creator/import/gnu/arm/5.4.1/bin/../lib/gcc/arm-none-eabi/5.4.1/armv6-m\libgcc.a(_udivsi3.o)
                0x00000bd4                __aeabi_uidiv
                0x00000bd4                __udivsi3
                0x00000ce0                __aeabi_uidivmod
 .text          0x00000ce8        0x4 d:/programs/cypress/psoc creator/4.3/psoc creator/import/gnu/arm/5.4.1/bin/../lib/gcc/arm-none-eabi/5.4.1/armv6-m\libgcc.a(_dvmd_tls.o)
                0x00000ce8                __aeabi_idiv0
                0x00000ce8                __aeabi_ldiv0
 .text.__errno  0x00000cec        0xc d:/programs/cypress/psoc creator/4.3/psoc creator/import/gnu/arm/5.4.1/bin/../lib/gcc/arm-none-eabi/5.4.1/../../../../arm-none-eabi/lib/armv6-m\libg_nano.a(lib_a-errno.o)
                0x00000cec                __errno
 .text.__libc_init_array
                0x00000cf8       0x4c d:/programs/cypress/psoc creator/4.3/psoc creator/import/gnu/arm/5.4.1/bin/../lib/gcc/arm-none-eabi/5.4.1/../../../../arm-none-eabi/lib/armv6-m\libg_nano.a(lib_a-init.o)
                0x00000cf8                __libc_init_array
 .text.memcpy   0x00000d44       0x12 d:/programs/cypress/psoc creator/4.3/psoc creator/import/gnu/arm/5.4.1/bin/../lib/gcc/arm-none-eabi/5.4.1/../../../../arm-none-eabi/lib/armv6-m\libg_nano.a(lib_a-memcpy-stub.o)
                0x00000d44                memcpy
 .text.memset   0x00000d56       0x10 d:/programs/cypress/psoc creator/4.3/psoc creator/import/gnu/arm/5.4.1/bin/../lib/gcc/arm-none-eabi/5.4.1/../../../../arm-none-eabi/lib/armv6-m\libg_nano.a(lib_a-memset.o)
                0x00000d56                memset
 *fill*         0x00000d66        0x2 
 .text.sprintf  0x00000d68       0x44 d:/programs/cypress/psoc creator/4.3/psoc creator/import/gnu/arm/5.4.1/bin/../lib/gcc/arm-none-eabi/5.4.1/../../../../arm-none-eabi/lib/armv6-m\libg_nano.a(lib_a-sprintf.o)
                0x00000d68                siprintf
                0x00000d68                sprintf
 .text          0x00000dac        0xe d:/programs/cypress/psoc creator/4.3/psoc creator/import/gnu/arm/5.4.1/bin/../lib/gcc/arm-none-eabi/5.4.1/../../../../arm-none-eabi/lib/armv6-m\libg_nano.a(lib_a-strlen.o)
                0x00000dac                strlen
 *fill*         0x00000dba        0x2 
 .text.__ssputs_r
                0x00000dbc       0xc4 d:/programs/cypress/psoc creator/4.3/psoc creator/import/gnu/arm/5.4.1/bin/../lib/gcc/arm-none-eabi/5.4.1/../../../../arm-none-eabi/lib/armv6-m\libg_nano.a(lib_a-nano-svfprintf.o)
                0x00000dbc                __ssputs_r
 .text._svfprintf_r
                0x00000e80      0x1fc d:/programs/cypress/psoc creator/4.3/psoc creator/import/gnu/arm/5.4.1/bin/../lib/gcc/arm-none-eabi/5.4.1/../../../../arm-none-eabi/lib/armv6-m\libg_nano.a(lib_a-nano-svfprintf.o)
                0x00000e80                _svfiprintf_r
                0x00000e80                _svfprintf_r
 .text._printf_common
                0x0000107c       0xdc d:/programs/cypress/psoc creator/4.3/psoc creator/import/gnu/arm/5.4.1/bin/../lib/gcc/arm-none-eabi/5.4.1/../../../../arm-none-eabi/lib/armv6-m\libg_nano.a(lib_a-nano-vfprintf_i.o)
                0x0000107c                _printf_common
 .text._printf_i
                0x00001158      0x244 d:/programs/cypress/psoc creator/4.3/psoc creator/import/gnu/arm/5.4.1/bin/../lib/gcc/arm-none-eabi/5.4.1/../../../../arm-none-eabi/lib/armv6-m\libg_nano.a(lib_a-nano-vfprintf_i.o)
                0x00001158                _printf_i
 .text.memchr   0x0000139c       0x16 d:/programs/cypress/psoc creator/4.3/psoc creator/import/gnu/arm/5.4.1/bin/../lib/gcc/arm-none-eabi/5.4.1/../../../../arm-none-eabi/lib/armv6-m\libg_nano.a(lib_a-memchr-stub.o)
                0x0000139c                memchr
 .text.memmove  0x000013b2       0x2a d:/programs/cypress/psoc creator/4.3/psoc creator/import/gnu/arm/5.4.1/bin/../lib/gcc/arm-none-eabi/5.4.1/../../../../arm-none-eabi/lib/armv6-m\libg_nano.a(lib_a-memmove.o)
                0x000013b2                memmove
 .text._free_r  0x000013dc       0x98 d:/programs/cypress/psoc creator/4.3/psoc creator/import/gnu/arm/5.4.1/bin/../lib/gcc/arm-none-eabi/5.4.1/../../../../arm-none-eabi/lib/armv6-m\libg_nano.a(lib_a-nano-freer.o)
                0x000013dc                _free_r
 .text._malloc_r
                0x00001474       0xc0 d:/programs/cypress/psoc creator/4.3/psoc creator/import/gnu/arm/5.4.1/bin/../lib/gcc/arm-none-eabi/5.4.1/../../../../arm-none-eabi/lib/armv6-m\libg_nano.a(lib_a-nano-mallocr.o)
                0x00001474                _malloc_r
 .text._realloc_r
                0x00001534       0x4c d:/programs/cypress/psoc creator/4.3/psoc creator/import/gnu/arm/5.4.1/bin/../lib/gcc/arm-none-eabi/5.4.1/../../../../arm-none-eabi/lib/armv6-m\libg_nano.a(lib_a-nano-reallocr.o)
                0x00001534                _realloc_r
 .text._sbrk_r  0x00001580       0x24 d:/programs/cypress/psoc creator/4.3/psoc creator/import/gnu/arm/5.4.1/bin/../lib/gcc/arm-none-eabi/5.4.1/../../../../arm-none-eabi/lib/armv6-m\libg_nano.a(lib_a-sbrkr.o)
                0x00001580                _sbrk_r
 .text.__malloc_lock
                0x000015a4        0x2 d:/programs/cypress/psoc creator/4.3/psoc creator/import/gnu/arm/5.4.1/bin/../lib/gcc/arm-none-eabi/5.4.1/../../../../arm-none-eabi/lib/armv6-m\libg_nano.a(lib_a-mlock.o)
                0x000015a4                __malloc_lock
 .text.__malloc_unlock
                0x000015a6        0x2 d:/programs/cypress/psoc creator/4.3/psoc creator/import/gnu/arm/5.4.1/bin/../lib/gcc/arm-none-eabi/5.4.1/../../../../arm-none-eabi/lib/armv6-m\libg_nano.a(lib_a-mlock.o)
                0x000015a6                __malloc_unlock
 .text._malloc_usable_size_r
                0x000015a8       0x16 d:/programs/cypress/psoc creator/4.3/psoc creator/import/gnu/arm/5.4.1/bin/../lib/gcc/arm-none-eabi/5.4.1/../../../../arm-none-eabi/lib/armv6-m\libg_nano.a(lib_a-nano-msizer.o)
                0x000015a8                _malloc_usable_size_r
 *(.plt)
 *(.gnu.warning)
 *(.glue_7t)
 .glue_7t       0x000015be        0x0 linker stubs
 *(.glue_7)
 .glue_7        0x000015be        0x0 linker stubs
 *(.vfp11_veneer)
 .vfp11_veneer  0x000015be        0x0 linker stubs
 *(.bootloader)
 *(.ARM.extab* .gnu.linkonce.armextab.*)
 *(.gcc_except_table)

.v4_bx          0x000015c0        0x0
 .v4_bx         0x000015c0        0x0 linker stubs

.iplt           0x000015c0        0x0
 .iplt          0x000015c0        0x0 d:/programs/cypress/psoc creator/4.3/psoc creator/import/gnu/arm/5.4.1/bin/../lib/gcc/arm-none-eabi/5.4.1/armv6-m/crtbegin.o

.eh_frame_hdr
 *(.eh_frame_hdr)

.eh_frame       0x000015c0        0x4
 *(.eh_frame)
 .eh_frame      0x000015c0        0x0 d:/programs/cypress/psoc creator/4.3/psoc creator/import/gnu/arm/5.4.1/bin/../lib/gcc/arm-none-eabi/5.4.1/armv6-m/crtbegin.o
 .eh_frame      0x000015c0        0x4 d:/programs/cypress/psoc creator/4.3/psoc creator/import/gnu/arm/5.4.1/bin/../lib/gcc/arm-none-eabi/5.4.1/armv6-m/crtend.o
                [!provide]                PROVIDE (__exidx_start, .)

.ARM.exidx
 *(.ARM.exidx* .gnu.linkonce.armexidx.*)
                0x000015c4                __exidx_end = .

.rodata         0x000015c4       0xd4
 *(.rodata .rodata.* .gnu.linkonce.r.*)
 .rodata        0x000015c4        0x3 .\CortexM0\ARM_GCC_541\Debug\main.o
 *fill*         0x000015c7        0x1 
 .rodata.str1.4
                0x000015c8       0x18 .\CortexM0\ARM_GCC_541\Debug\main.o
 .rodata        0x000015e0       0x20 .\CortexM0\ARM_GCC_541\Debug\cyfitter_cfg.o
 .rodata        0x00001600       0x2e .\CortexM0\ARM_GCC_541\Debug\Code_Morse.a(CyLib.o)
                0x00001600                cyImoFreqMhz2Reg
 .rodata.str1.1
                0x0000162e        0x2 d:/programs/cypress/psoc creator/4.3/psoc creator/import/gnu/arm/5.4.1/bin/../lib/gcc/arm-none-eabi/5.4.1/../../../../arm-none-eabi/lib/armv6-m\libg_nano.a(lib_a-impure.o)
 .rodata.str1.1
                0x00001630       0x11 d:/programs/cypress/psoc creator/4.3/psoc creator/import/gnu/arm/5.4.1/bin/../lib/gcc/arm-none-eabi/5.4.1/../../../../arm-none-eabi/lib/armv6-m\libg_nano.a(lib_a-nano-svfprintf.o)
 .rodata.str1.1
                0x00001641       0x22 d:/programs/cypress/psoc creator/4.3/psoc creator/import/gnu/arm/5.4.1/bin/../lib/gcc/arm-none-eabi/5.4.1/../../../../arm-none-eabi/lib/armv6-m\libg_nano.a(lib_a-nano-vfprintf_i.o)
                0x00001664                . = ALIGN (0x4)
 *fill*         0x00001663        0x1 
 *(.init)
 .init          0x00001664        0x4 d:/programs/cypress/psoc creator/4.3/psoc creator/import/gnu/arm/5.4.1/bin/../lib/gcc/arm-none-eabi/5.4.1/armv6-m/crti.o
                0x00001664                _init
 .init          0x00001668        0x8 d:/programs/cypress/psoc creator/4.3/psoc creator/import/gnu/arm/5.4.1/bin/../lib/gcc/arm-none-eabi/5.4.1/armv6-m/crtn.o
                0x00001670                . = ALIGN (0x4)
                0x00001670                __preinit_array_start = .
 *(.preinit_array)
                0x00001670                __preinit_array_end = .
                0x00001670                . = ALIGN (0x4)
                0x00001670                __init_array_start = .
 *(SORT(.init_array.*))
 *(.init_array)
 .init_array    0x00001670        0x4 d:/programs/cypress/psoc creator/4.3/psoc creator/import/gnu/arm/5.4.1/bin/../lib/gcc/arm-none-eabi/5.4.1/armv6-m/crtbegin.o
 .init_array    0x00001674        0x4 .\CortexM0\ARM_GCC_541\Debug\Cm0Start.o
                0x00001678                __init_array_end = .
                0x00001678                . = ALIGN (0x4)
 *(.fini)
 .fini          0x00001678        0x4 d:/programs/cypress/psoc creator/4.3/psoc creator/import/gnu/arm/5.4.1/bin/../lib/gcc/arm-none-eabi/5.4.1/armv6-m/crti.o
                0x00001678                _fini
 .fini          0x0000167c        0x8 d:/programs/cypress/psoc creator/4.3/psoc creator/import/gnu/arm/5.4.1/bin/../lib/gcc/arm-none-eabi/5.4.1/armv6-m/crtn.o
                0x00001684                . = ALIGN (0x4)
                0x00001684                __fini_array_start = .
 *(.fini_array)
 .fini_array    0x00001684        0x4 d:/programs/cypress/psoc creator/4.3/psoc creator/import/gnu/arm/5.4.1/bin/../lib/gcc/arm-none-eabi/5.4.1/armv6-m/crtbegin.o
 *(SORT(.fini_array.*))
                0x00001688                __fini_array_end = .
                0x00001688                . = ALIGN (0x4)
 *crtbegin.o(.ctors)
 *(EXCLUDE_FILE(*crtend.o) .ctors)
 *(SORT(.ctors.*))
 *crtend.o(.ctors)
                0x00001688                . = ALIGN (0x4)
 *crtbegin.o(.dtors)
 *(EXCLUDE_FILE(*crtend.o) .dtors)
 *(SORT(.dtors.*))
 *crtend.o(.dtors)
                0x00001688                . = ALIGN (0x4)
                0x00001688                __cy_regions = .
                0x00001688        0x4 LONG 0x1698 __cy_region_init_ram
                0x0000168c        0x4 LONG 0x200000c0 __cy_region_start_data
                0x00001690        0x4 LONG 0xa0 __cy_region_init_size_ram
                0x00001694        0x4 LONG 0x70 __cy_region_zero_size_ram
                0x00001698                __cy_regions_end = .
                0x00001698                . = ALIGN (0x8)
                0x00001698                _etext = .

.cy_checksum_exclude
                0x00001698        0x0
 *(.cy_checksum_exclude)

.ramvectors     0x20000000       0xc0
                0x20000000                __cy_region_start_ram = .
 *(.ramvectors)
 .ramvectors    0x20000000       0xc0 .\CortexM0\ARM_GCC_541\Debug\Cm0Start.o
                0x20000000                CyRamVectors

.noinit
 *(.noinit)

.data           0x200000c0       0xa0 load address 0x00001698
                0x200000c0                __cy_region_start_data = .
 *(.jcr)
 .jcr           0x200000c0        0x0 d:/programs/cypress/psoc creator/4.3/psoc creator/import/gnu/arm/5.4.1/bin/../lib/gcc/arm-none-eabi/5.4.1/armv6-m/crtbegin.o
 .jcr           0x200000c0        0x4 d:/programs/cypress/psoc creator/4.3/psoc creator/import/gnu/arm/5.4.1/bin/../lib/gcc/arm-none-eabi/5.4.1/armv6-m/crtend.o
 *(.got.plt)
 *(.got)
 *(.shdata)
 *(.data .data.* .gnu.linkonce.d.*)
 .data          0x200000c4       0x12 .\CortexM0\ARM_GCC_541\Debug\main.o
                0x200000c4                letter_to_morse
 *fill*         0x200000d6        0x2 
 .data          0x200000d8        0x4 .\CortexM0\ARM_GCC_541\Debug\Cm0Start.o
 .data          0x200000dc       0x14 .\CortexM0\ARM_GCC_541\Debug\Code_Morse.a(CyLib.o)
                0x200000dc                CySysClkPumpConfig
                0x200000e0                cydelay32kMs
                0x200000e4                cydelayFreqKhz
                0x200000e8                cydelayFreqMhz
                0x200000ec                cydelayFreqHz
 .data          0x200000f0        0x8 .\CortexM0\ARM_GCC_541\Debug\Code_Morse.a(CyLFClk.o)
 .data.impure_data
                0x200000f8       0x60 d:/programs/cypress/psoc creator/4.3/psoc creator/import/gnu/arm/5.4.1/bin/../lib/gcc/arm-none-eabi/5.4.1/../../../../arm-none-eabi/lib/armv6-m\libg_nano.a(lib_a-impure.o)
 .data._impure_ptr
                0x20000158        0x4 d:/programs/cypress/psoc creator/4.3/psoc creator/import/gnu/arm/5.4.1/bin/../lib/gcc/arm-none-eabi/5.4.1/../../../../arm-none-eabi/lib/armv6-m\libg_nano.a(lib_a-impure.o)
                0x20000158                _impure_ptr
                0x20000160                . = ALIGN (0x8)
 *fill*         0x2000015c        0x4 
 *(.ram)
                0x20000160                _edata = .

.igot.plt       0x20000160        0x0 load address 0x00001738
 .igot.plt      0x20000160        0x0 d:/programs/cypress/psoc creator/4.3/psoc creator/import/gnu/arm/5.4.1/bin/../lib/gcc/arm-none-eabi/5.4.1/armv6-m/crtbegin.o

.bss            0x20000160       0x70 load address 0x00001738
                0x20000160                PROVIDE (__bss_start__, .)
 *(.shbss)
 *(.bss .bss.* .gnu.linkonce.b.*)
 .bss           0x20000160       0x1c d:/programs/cypress/psoc creator/4.3/psoc creator/import/gnu/arm/5.4.1/bin/../lib/gcc/arm-none-eabi/5.4.1/armv6-m/crtbegin.o
 .bss           0x2000017c       0x28 .\CortexM0\ARM_GCC_541\Debug\Code_Morse.a(CyLFClk.o)
 .bss           0x200001a4        0x1 .\CortexM0\ARM_GCC_541\Debug\Code_Morse.a(PWM_1.o)
                0x200001a4                PWM_1_initVar
 *fill*         0x200001a5        0x1 
 .bss           0x200001a6        0x4 .\CortexM0\ARM_GCC_541\Debug\Code_Morse.a(UART.o)
                0x200001a6                UART_initVar
                0x200001a8                UART_IntrTxMask
 *fill*         0x200001aa        0x2 
 .bss.__malloc_sbrk_start
                0x200001ac        0x4 d:/programs/cypress/psoc creator/4.3/psoc creator/import/gnu/arm/5.4.1/bin/../lib/gcc/arm-none-eabi/5.4.1/../../../../arm-none-eabi/lib/armv6-m\libg_nano.a(lib_a-nano-mallocr.o)
                0x200001ac                __malloc_sbrk_start
 .bss.__malloc_free_list
                0x200001b0        0x4 d:/programs/cypress/psoc creator/4.3/psoc creator/import/gnu/arm/5.4.1/bin/../lib/gcc/arm-none-eabi/5.4.1/../../../../arm-none-eabi/lib/armv6-m\libg_nano.a(lib_a-nano-mallocr.o)
                0x200001b0                __malloc_free_list
 *(COMMON)
 COMMON         0x200001b4       0x14 .\CortexM0\ARM_GCC_541\Debug\main.o
                0x200001b4                TEXT_BUF
 COMMON         0x200001c8        0x4 d:/programs/cypress/psoc creator/4.3/psoc creator/import/gnu/arm/5.4.1/bin/../lib/gcc/arm-none-eabi/5.4.1/../../../../arm-none-eabi/lib/armv6-m\libg_nano.a(lib_a-reent.o)
                0x200001c8                errno
                0x200001d0                . = ALIGN (0x8)
 *fill*         0x200001cc        0x4 
 *(.ram.b)
                0x200001d0                _end = .
                0x200001d0                __end = .
                0x200001d0                PROVIDE (end, .)
                0x200001d0                PROVIDE (__bss_end__, .)
                0x00001698                __cy_region_init_ram = LOADADDR (.data)
                0x000000a0                __cy_region_init_size_ram = (_edata - ADDR (.data))
                0x00000070                __cy_region_zero_size_ram = (_end - _edata)

.heap           0x200001d0       0x80 load address 0x00001738
                0x200001d0                . = _end
                0x20000250                . = (. + 0x80)
 *fill*         0x200001d0       0x80 
                0x20000250                __cy_heap_limit = .

.stack          0x20007800      0x800
                0x20007800                __cy_stack_limit = .
                0x20008000                . = (. + 0x800)
 *fill*         0x20007800      0x800 
                0x00000001                ASSERT ((__cy_stack_limit >= __cy_heap_limit), region RAM overflowed with stack)
                0x00000000                cy_checksum_exclude_size = (CY_APPL_LOADABLE == 0x1)?SIZEOF (.cy_checksum_exclude):0x0
                0x00000001                ASSERT ((cy_checksum_exclude_size <= CY_CHECKSUM_EXCLUDE_SIZE), CY_BOOT: Section .cy_checksum_exclude size exceedes specified limit.)
                0x0003ffc0                cyloadermeta_start = (cy_project_type_bootloader || cy_project_type_app_for_stack_and_copier)?(LENGTH (rom) - CY_METADATA_SIZE):0xf0000000

.cyloadermeta
 *(.cyloadermeta)
                0x0003ffc0                cyloadablemeta_start = cy_project_type_app_for_stack_and_copier?((LENGTH (rom) - CY_FLASH_ROW_SIZE) - CY_METADATA_SIZE):((LENGTH (rom) - (CY_FLASH_ROW_SIZE * (CY_APPL_NUM - 0x1))) - CY_METADATA_SIZE)

.cyloadablemeta
 *(.cyloadablemeta)

.cyflashprotect
                0x90400000       0x80
 *(.cyflashprotect)
 .cyflashprotect
                0x90400000       0x80 .\CortexM0\ARM_GCC_541\Debug\cymetadata.o
                0x90400000                cy_meta_flashprotect

.cymeta         0x90500000        0xc
 *(.cymeta)
 .cymeta        0x90500000        0xc .\CortexM0\ARM_GCC_541\Debug\cymetadata.o
                0x90500000                cy_metadata

.cychipprotect  0x90600000        0x1
 *(.cychipprotect)
 .cychipprotect
                0x90600000        0x1 .\CortexM0\ARM_GCC_541\Debug\cymetadata.o
                0x90600000                cy_meta_chipprotect

.rel.dyn        0x00001738        0x0 load address 0x90600004
 .rel.iplt      0x00001738        0x0 d:/programs/cypress/psoc creator/4.3/psoc creator/import/gnu/arm/5.4.1/bin/../lib/gcc/arm-none-eabi/5.4.1/armv6-m/crtbegin.o

.stab
 *(.stab)

.stabstr
 *(.stabstr)

.debug
 *(.debug)

.line
 *(.line)

.debug_srcinfo
 *(.debug_srcinfo)

.debug_sfnames
 *(.debug_sfnames)

.debug_aranges  0x00000000      0x730
 *(.debug_aranges)
 .debug_aranges
                0x00000000       0x30 .\CortexM0\ARM_GCC_541\Debug\main.o
 .debug_aranges
                0x00000030       0x40 .\CortexM0\ARM_GCC_541\Debug\cyfitter_cfg.o
 .debug_aranges
                0x00000070       0x18 .\CortexM0\ARM_GCC_541\Debug\cymetadata.o
 .debug_aranges
                0x00000088       0x48 .\CortexM0\ARM_GCC_541\Debug\Cm0Start.o
 .debug_aranges
                0x000000d0       0x48 .\CortexM0\ARM_GCC_541\Debug\Code_Morse.a(Pin_Red.o)
 .debug_aranges
                0x00000118      0x1d0 .\CortexM0\ARM_GCC_541\Debug\Code_Morse.a(CyLib.o)
 .debug_aranges
                0x000002e8      0x188 .\CortexM0\ARM_GCC_541\Debug\Code_Morse.a(CyLFClk.o)
 .debug_aranges
                0x00000470      0x158 .\CortexM0\ARM_GCC_541\Debug\Code_Morse.a(PWM_1.o)
 .debug_aranges
                0x000005c8       0x58 .\CortexM0\ARM_GCC_541\Debug\Code_Morse.a(UART.o)
 .debug_aranges
                0x00000620       0x90 .\CortexM0\ARM_GCC_541\Debug\Code_Morse.a(UART_UART.o)
 .debug_aranges
                0x000006b0       0x20 .\CortexM0\ARM_GCC_541\Debug\Code_Morse.a(CyBootAsmGnu.o)
 .debug_aranges
                0x000006d0       0x60 .\CortexM0\ARM_GCC_541\Debug\Code_Morse.a(UART_SPI_UART.o)

.debug_pubnames
 *(.debug_pubnames)

.debug_info     0x00000000     0x3e38
 *(.debug_info .gnu.linkonce.wi.*)
 .debug_info    0x00000000      0x458 .\CortexM0\ARM_GCC_541\Debug\main.o
 .debug_info    0x00000458      0x450 .\CortexM0\ARM_GCC_541\Debug\cyfitter_cfg.o
 .debug_info    0x000008a8       0xf8 .\CortexM0\ARM_GCC_541\Debug\cymetadata.o
 .debug_info    0x000009a0      0x3a2 .\CortexM0\ARM_GCC_541\Debug\Cm0Start.o
 .debug_info    0x00000d42      0x19d .\CortexM0\ARM_GCC_541\Debug\Code_Morse.a(Pin_Red.o)
 .debug_info    0x00000edf      0xd2c .\CortexM0\ARM_GCC_541\Debug\Code_Morse.a(CyLib.o)
 .debug_info    0x00001c0b     0x1071 .\CortexM0\ARM_GCC_541\Debug\Code_Morse.a(CyLFClk.o)
 .debug_info    0x00002c7c      0x90b .\CortexM0\ARM_GCC_541\Debug\Code_Morse.a(PWM_1.o)
 .debug_info    0x00003587      0x23a .\CortexM0\ARM_GCC_541\Debug\Code_Morse.a(UART.o)
 .debug_info    0x000037c1      0x3b5 .\CortexM0\ARM_GCC_541\Debug\Code_Morse.a(UART_UART.o)
 .debug_info    0x00003b76       0xa2 .\CortexM0\ARM_GCC_541\Debug\Code_Morse.a(CyBootAsmGnu.o)
 .debug_info    0x00003c18      0x220 .\CortexM0\ARM_GCC_541\Debug\Code_Morse.a(UART_SPI_UART.o)

.debug_abbrev   0x00000000      0xe9f
 *(.debug_abbrev)
 .debug_abbrev  0x00000000      0x156 .\CortexM0\ARM_GCC_541\Debug\main.o
 .debug_abbrev  0x00000156      0x1af .\CortexM0\ARM_GCC_541\Debug\cyfitter_cfg.o
 .debug_abbrev  0x00000305       0x5d .\CortexM0\ARM_GCC_541\Debug\cymetadata.o
 .debug_abbrev  0x00000362      0x1d7 .\CortexM0\ARM_GCC_541\Debug\Cm0Start.o
 .debug_abbrev  0x00000539       0xc8 .\CortexM0\ARM_GCC_541\Debug\Code_Morse.a(Pin_Red.o)
 .debug_abbrev  0x00000601      0x1d3 .\CortexM0\ARM_GCC_541\Debug\Code_Morse.a(CyLib.o)
 .debug_abbrev  0x000007d4      0x248 .\CortexM0\ARM_GCC_541\Debug\Code_Morse.a(CyLFClk.o)
 .debug_abbrev  0x00000a1c      0x119 .\CortexM0\ARM_GCC_541\Debug\Code_Morse.a(PWM_1.o)
 .debug_abbrev  0x00000b35       0xd5 .\CortexM0\ARM_GCC_541\Debug\Code_Morse.a(UART.o)
 .debug_abbrev  0x00000c0a      0x132 .\CortexM0\ARM_GCC_541\Debug\Code_Morse.a(UART_UART.o)
 .debug_abbrev  0x00000d3c       0x14 .\CortexM0\ARM_GCC_541\Debug\Code_Morse.a(CyBootAsmGnu.o)
 .debug_abbrev  0x00000d50      0x14f .\CortexM0\ARM_GCC_541\Debug\Code_Morse.a(UART_SPI_UART.o)

.debug_line     0x00000000     0x1a47
 *(.debug_line)
 .debug_line    0x00000000      0x1ad .\CortexM0\ARM_GCC_541\Debug\main.o
 .debug_line    0x000001ad      0x18b .\CortexM0\ARM_GCC_541\Debug\cyfitter_cfg.o
 .debug_line    0x00000338      0x12b .\CortexM0\ARM_GCC_541\Debug\cymetadata.o
 .debug_line    0x00000463      0x220 .\CortexM0\ARM_GCC_541\Debug\Cm0Start.o
 .debug_line    0x00000683       0xbf .\CortexM0\ARM_GCC_541\Debug\Code_Morse.a(Pin_Red.o)
 .debug_line    0x00000742      0x553 .\CortexM0\ARM_GCC_541\Debug\Code_Morse.a(CyLib.o)
 .debug_line    0x00000c95      0x5db .\CortexM0\ARM_GCC_541\Debug\Code_Morse.a(CyLFClk.o)
 .debug_line    0x00001270      0x37e .\CortexM0\ARM_GCC_541\Debug\Code_Morse.a(PWM_1.o)
 .debug_line    0x000015ee      0x108 .\CortexM0\ARM_GCC_541\Debug\Code_Morse.a(UART.o)
 .debug_line    0x000016f6      0x1cf .\CortexM0\ARM_GCC_541\Debug\Code_Morse.a(UART_UART.o)
 .debug_line    0x000018c5       0x68 .\CortexM0\ARM_GCC_541\Debug\Code_Morse.a(CyBootAsmGnu.o)
 .debug_line    0x0000192d      0x11a .\CortexM0\ARM_GCC_541\Debug\Code_Morse.a(UART_SPI_UART.o)

.debug_frame    0x00000000     0x1594
 *(.debug_frame)
 .debug_frame   0x00000000       0x6c .\CortexM0\ARM_GCC_541\Debug\main.o
 .debug_frame   0x0000006c       0x9c .\CortexM0\ARM_GCC_541\Debug\cyfitter_cfg.o
 .debug_frame   0x00000108       0xbc .\CortexM0\ARM_GCC_541\Debug\Cm0Start.o
 .debug_frame   0x000001c4       0x70 .\CortexM0\ARM_GCC_541\Debug\Code_Morse.a(Pin_Red.o)
 .debug_frame   0x00000234      0x4a4 .\CortexM0\ARM_GCC_541\Debug\Code_Morse.a(CyLib.o)
 .debug_frame   0x000006d8      0x4a8 .\CortexM0\ARM_GCC_541\Debug\Code_Morse.a(CyLFClk.o)
 .debug_frame   0x00000b80      0x3a0 .\CortexM0\ARM_GCC_541\Debug\Code_Morse.a(PWM_1.o)
 .debug_frame   0x00000f20       0xd8 .\CortexM0\ARM_GCC_541\Debug\Code_Morse.a(UART.o)
 .debug_frame   0x00000ff8      0x144 .\CortexM0\ARM_GCC_541\Debug\Code_Morse.a(UART_UART.o)
 .debug_frame   0x0000113c       0xb0 .\CortexM0\ARM_GCC_541\Debug\Code_Morse.a(UART_SPI_UART.o)
 .debug_frame   0x000011ec       0x20 d:/programs/cypress/psoc creator/4.3/psoc creator/import/gnu/arm/5.4.1/bin/../lib/gcc/arm-none-eabi/5.4.1/armv6-m\libgcc.a(_udivsi3.o)
 .debug_frame   0x0000120c       0x20 d:/programs/cypress/psoc creator/4.3/psoc creator/import/gnu/arm/5.4.1/bin/../lib/gcc/arm-none-eabi/5.4.1/armv6-m\libgcc.a(_divsi3.o)
 .debug_frame   0x0000122c       0x20 d:/programs/cypress/psoc creator/4.3/psoc creator/import/gnu/arm/5.4.1/bin/../lib/gcc/arm-none-eabi/5.4.1/../../../../arm-none-eabi/lib/armv6-m\libg_nano.a(lib_a-errno.o)
 .debug_frame   0x0000124c       0x28 d:/programs/cypress/psoc creator/4.3/psoc creator/import/gnu/arm/5.4.1/bin/../lib/gcc/arm-none-eabi/5.4.1/../../../../arm-none-eabi/lib/armv6-m\libg_nano.a(lib_a-exit.o)
 .debug_frame   0x00001274       0x2c d:/programs/cypress/psoc creator/4.3/psoc creator/import/gnu/arm/5.4.1/bin/../lib/gcc/arm-none-eabi/5.4.1/../../../../arm-none-eabi/lib/armv6-m\libg_nano.a(lib_a-init.o)
 .debug_frame   0x000012a0       0x28 d:/programs/cypress/psoc creator/4.3/psoc creator/import/gnu/arm/5.4.1/bin/../lib/gcc/arm-none-eabi/5.4.1/../../../../arm-none-eabi/lib/armv6-m\libg_nano.a(lib_a-memcpy-stub.o)
 .debug_frame   0x000012c8       0x20 d:/programs/cypress/psoc creator/4.3/psoc creator/import/gnu/arm/5.4.1/bin/../lib/gcc/arm-none-eabi/5.4.1/../../../../arm-none-eabi/lib/armv6-m\libg_nano.a(lib_a-memset.o)
 .debug_frame   0x000012e8       0x50 d:/programs/cypress/psoc creator/4.3/psoc creator/import/gnu/arm/5.4.1/bin/../lib/gcc/arm-none-eabi/5.4.1/../../../../arm-none-eabi/lib/armv6-m\libg_nano.a(lib_a-sprintf.o)
 .debug_frame   0x00001338       0x74 d:/programs/cypress/psoc creator/4.3/psoc creator/import/gnu/arm/5.4.1/bin/../lib/gcc/arm-none-eabi/5.4.1/../../../../arm-none-eabi/lib/armv6-m\libg_nano.a(lib_a-nano-svfprintf.o)
 .debug_frame   0x000013ac       0x54 d:/programs/cypress/psoc creator/4.3/psoc creator/import/gnu/arm/5.4.1/bin/../lib/gcc/arm-none-eabi/5.4.1/../../../../arm-none-eabi/lib/armv6-m\libg_nano.a(lib_a-nano-vfprintf_i.o)
 .debug_frame   0x00001400       0x20 d:/programs/cypress/psoc creator/4.3/psoc creator/import/gnu/arm/5.4.1/bin/../lib/gcc/arm-none-eabi/5.4.1/../../../../arm-none-eabi/lib/armv6-m\libg_nano.a(lib_a-memchr-stub.o)
 .debug_frame   0x00001420       0x28 d:/programs/cypress/psoc creator/4.3/psoc creator/import/gnu/arm/5.4.1/bin/../lib/gcc/arm-none-eabi/5.4.1/../../../../arm-none-eabi/lib/armv6-m\libg_nano.a(lib_a-memmove.o)
 .debug_frame   0x00001448       0x2c d:/programs/cypress/psoc creator/4.3/psoc creator/import/gnu/arm/5.4.1/bin/../lib/gcc/arm-none-eabi/5.4.1/../../../../arm-none-eabi/lib/armv6-m\libg_nano.a(lib_a-nano-freer.o)
 .debug_frame   0x00001474       0x2c d:/programs/cypress/psoc creator/4.3/psoc creator/import/gnu/arm/5.4.1/bin/../lib/gcc/arm-none-eabi/5.4.1/../../../../arm-none-eabi/lib/armv6-m\libg_nano.a(lib_a-nano-mallocr.o)
 .debug_frame   0x000014a0       0x30 d:/programs/cypress/psoc creator/4.3/psoc creator/import/gnu/arm/5.4.1/bin/../lib/gcc/arm-none-eabi/5.4.1/../../../../arm-none-eabi/lib/armv6-m\libg_nano.a(lib_a-nano-reallocr.o)
 .debug_frame   0x000014d0       0x2c d:/programs/cypress/psoc creator/4.3/psoc creator/import/gnu/arm/5.4.1/bin/../lib/gcc/arm-none-eabi/5.4.1/../../../../arm-none-eabi/lib/armv6-m\libg_nano.a(lib_a-sbrkr.o)
 .debug_frame   0x000014fc       0x30 d:/programs/cypress/psoc creator/4.3/psoc creator/import/gnu/arm/5.4.1/bin/../lib/gcc/arm-none-eabi/5.4.1/../../../../arm-none-eabi/lib/armv6-m\libg_nano.a(lib_a-mlock.o)
 .debug_frame   0x0000152c       0x20 d:/programs/cypress/psoc creator/4.3/psoc creator/import/gnu/arm/5.4.1/bin/../lib/gcc/arm-none-eabi/5.4.1/../../../../arm-none-eabi/lib/armv6-m\libg_nano.a(lib_a-nano-msizer.o)
 .debug_frame   0x0000154c       0x48 d:/programs/cypress/psoc creator/4.3/psoc creator/import/gnu/arm/5.4.1/bin/../lib/gcc/arm-none-eabi/5.4.1/../../../../arm-none-eabi/lib/armv6-m\libg_nano.a(lib_a-reent.o)

.debug_str      0x00000000     0x1a79
 *(.debug_str)
 .debug_str     0x00000000      0x292 .\CortexM0\ARM_GCC_541\Debug\main.o
                                0x2d9 (size before relaxing)
 .debug_str     0x00000292      0x183 .\CortexM0\ARM_GCC_541\Debug\cyfitter_cfg.o
                                0x33a (size before relaxing)
 .debug_str     0x00000415       0x63 .\CortexM0\ARM_GCC_541\Debug\cymetadata.o
                                0x1da (size before relaxing)
 .debug_str     0x00000478      0x13a .\CortexM0\ARM_GCC_541\Debug\Cm0Start.o
                                0x313 (size before relaxing)
 .debug_str     0x000005b2       0xb0 .\CortexM0\ARM_GCC_541\Debug\Code_Morse.a(Pin_Red.o)
                                0x256 (size before relaxing)
 .debug_str     0x00000662      0x5cf .\CortexM0\ARM_GCC_541\Debug\Code_Morse.a(CyLib.o)
                                0x80a (size before relaxing)
 .debug_str     0x00000c31      0x6e1 .\CortexM0\ARM_GCC_541\Debug\Code_Morse.a(CyLFClk.o)
                                0x94a (size before relaxing)
 .debug_str     0x00001312      0x3b5 .\CortexM0\ARM_GCC_541\Debug\Code_Morse.a(PWM_1.o)
                                0x5c3 (size before relaxing)
 .debug_str     0x000016c7       0xf7 .\CortexM0\ARM_GCC_541\Debug\Code_Morse.a(UART.o)
                                0x2a9 (size before relaxing)
 .debug_str     0x000017be      0x1d8 .\CortexM0\ARM_GCC_541\Debug\Code_Morse.a(UART_UART.o)
                                0x3da (size before relaxing)
 .debug_str     0x00001996       0xe3 .\CortexM0\ARM_GCC_541\Debug\Code_Morse.a(UART_SPI_UART.o)
                                0x2e0 (size before relaxing)

.debug_loc      0x00000000     0x228e
 *(.debug_loc)
 .debug_loc     0x00000000      0x145 .\CortexM0\ARM_GCC_541\Debug\main.o
 .debug_loc     0x00000145      0x118 .\CortexM0\ARM_GCC_541\Debug\cyfitter_cfg.o
 .debug_loc     0x0000025d      0x14f .\CortexM0\ARM_GCC_541\Debug\Cm0Start.o
 .debug_loc     0x000003ac       0xa2 .\CortexM0\ARM_GCC_541\Debug\Code_Morse.a(Pin_Red.o)
 .debug_loc     0x0000044e      0x818 .\CortexM0\ARM_GCC_541\Debug\Code_Morse.a(CyLib.o)
 .debug_loc     0x00000c66      0xdaa .\CortexM0\ARM_GCC_541\Debug\Code_Morse.a(CyLFClk.o)
 .debug_loc     0x00001a10      0x547 .\CortexM0\ARM_GCC_541\Debug\Code_Morse.a(PWM_1.o)
 .debug_loc     0x00001f57       0x7e .\CortexM0\ARM_GCC_541\Debug\Code_Morse.a(UART.o)
 .debug_loc     0x00001fd5      0x223 .\CortexM0\ARM_GCC_541\Debug\Code_Morse.a(UART_UART.o)
 .debug_loc     0x000021f8       0x96 .\CortexM0\ARM_GCC_541\Debug\Code_Morse.a(UART_SPI_UART.o)

.debug_macinfo
 *(.debug_macinfo)

.debug_ranges   0x00000000      0x658
 *(.debug_ranges)
 .debug_ranges  0x00000000       0x20 .\CortexM0\ARM_GCC_541\Debug\main.o
 .debug_ranges  0x00000020       0x30 .\CortexM0\ARM_GCC_541\Debug\cyfitter_cfg.o
 .debug_ranges  0x00000050       0x38 .\CortexM0\ARM_GCC_541\Debug\Cm0Start.o
 .debug_ranges  0x00000088       0x38 .\CortexM0\ARM_GCC_541\Debug\Code_Morse.a(Pin_Red.o)
 .debug_ranges  0x000000c0      0x1c0 .\CortexM0\ARM_GCC_541\Debug\Code_Morse.a(CyLib.o)
 .debug_ranges  0x00000280      0x178 .\CortexM0\ARM_GCC_541\Debug\Code_Morse.a(CyLFClk.o)
 .debug_ranges  0x000003f8      0x148 .\CortexM0\ARM_GCC_541\Debug\Code_Morse.a(PWM_1.o)
 .debug_ranges  0x00000540       0x48 .\CortexM0\ARM_GCC_541\Debug\Code_Morse.a(UART.o)
 .debug_ranges  0x00000588       0x80 .\CortexM0\ARM_GCC_541\Debug\Code_Morse.a(UART_UART.o)
 .debug_ranges  0x00000608       0x50 .\CortexM0\ARM_GCC_541\Debug\Code_Morse.a(UART_SPI_UART.o)

.comment        0x00000000       0x6e
 .comment       0x00000000       0x6e .\CortexM0\ARM_GCC_541\Debug\main.o
                                 0x6f (size before relaxing)
 .comment       0x0000006e       0x6f .\CortexM0\ARM_GCC_541\Debug\cyfitter_cfg.o
 .comment       0x0000006e       0x6f .\CortexM0\ARM_GCC_541\Debug\cymetadata.o
 .comment       0x0000006e       0x6f .\CortexM0\ARM_GCC_541\Debug\Cm0Start.o
 .comment       0x0000006e       0x6f .\CortexM0\ARM_GCC_541\Debug\Code_Morse.a(Pin_Red.o)
 .comment       0x0000006e       0x6f .\CortexM0\ARM_GCC_541\Debug\Code_Morse.a(CyLib.o)
 .comment       0x0000006e       0x6f .\CortexM0\ARM_GCC_541\Debug\Code_Morse.a(CyLFClk.o)
 .comment       0x0000006e       0x6f .\CortexM0\ARM_GCC_541\Debug\Code_Morse.a(PWM_1.o)
 .comment       0x0000006e       0x6f .\CortexM0\ARM_GCC_541\Debug\Code_Morse.a(UART.o)
 .comment       0x0000006e       0x6f .\CortexM0\ARM_GCC_541\Debug\Code_Morse.a(UART_UART.o)
 .comment       0x0000006e       0x6f .\CortexM0\ARM_GCC_541\Debug\Code_Morse.a(UART_SPI_UART.o)

.debug_weaknames
 *(.debug_weaknames)

.debug_funcnames
 *(.debug_funcnames)

.debug_typenames
 *(.debug_typenames)

.debug_varnames
 *(.debug_varnames)

.note.gnu.arm.ident
 *(.note.gnu.arm.ident)

.ARM.attributes
                0x00000000       0x28
 *(.ARM.attributes)
 .ARM.attributes
                0x00000000       0x1e d:/programs/cypress/psoc creator/4.3/psoc creator/import/gnu/arm/5.4.1/bin/../lib/gcc/arm-none-eabi/5.4.1/armv6-m/crti.o
 .ARM.attributes
                0x0000001e       0x2c d:/programs/cypress/psoc creator/4.3/psoc creator/import/gnu/arm/5.4.1/bin/../lib/gcc/arm-none-eabi/5.4.1/armv6-m/crtbegin.o
 .ARM.attributes
                0x0000004a       0x1b d:/programs/cypress/psoc creator/4.3/psoc creator/import/gnu/arm/5.4.1/bin/../lib/gcc/arm-none-eabi/5.4.1/../../../../arm-none-eabi/lib/armv6-m/crt0.o
 .ARM.attributes
                0x00000065       0x31 .\CortexM0\ARM_GCC_541\Debug\main.o
 .ARM.attributes
                0x00000096       0x31 .\CortexM0\ARM_GCC_541\Debug\cyfitter_cfg.o
 .ARM.attributes
                0x000000c7       0x31 .\CortexM0\ARM_GCC_541\Debug\cymetadata.o
 .ARM.attributes
                0x000000f8       0x31 .\CortexM0\ARM_GCC_541\Debug\Cm0Start.o
 .ARM.attributes
                0x00000129       0x31 .\CortexM0\ARM_GCC_541\Debug\Code_Morse.a(Pin_Red.o)
 .ARM.attributes
                0x0000015a       0x31 .\CortexM0\ARM_GCC_541\Debug\Code_Morse.a(CyLib.o)
 .ARM.attributes
                0x0000018b       0x31 .\CortexM0\ARM_GCC_541\Debug\Code_Morse.a(CyLFClk.o)
 .ARM.attributes
                0x000001bc       0x31 .\CortexM0\ARM_GCC_541\Debug\Code_Morse.a(PWM_1.o)
 .ARM.attributes
                0x000001ed       0x31 .\CortexM0\ARM_GCC_541\Debug\Code_Morse.a(UART.o)
 .ARM.attributes
                0x0000021e       0x31 .\CortexM0\ARM_GCC_541\Debug\Code_Morse.a(UART_UART.o)
 .ARM.attributes
                0x0000024f       0x21 .\CortexM0\ARM_GCC_541\Debug\Code_Morse.a(CyBootAsmGnu.o)
 .ARM.attributes
                0x00000270       0x31 .\CortexM0\ARM_GCC_541\Debug\Code_Morse.a(UART_SPI_UART.o)
 .ARM.attributes
                0x000002a1       0x1e d:/programs/cypress/psoc creator/4.3/psoc creator/import/gnu/arm/5.4.1/bin/../lib/gcc/arm-none-eabi/5.4.1/armv6-m\libgcc.a(_udivsi3.o)
 .ARM.attributes
                0x000002bf       0x1e d:/programs/cypress/psoc creator/4.3/psoc creator/import/gnu/arm/5.4.1/bin/../lib/gcc/arm-none-eabi/5.4.1/armv6-m\libgcc.a(_divsi3.o)
 .ARM.attributes
                0x000002dd       0x1e d:/programs/cypress/psoc creator/4.3/psoc creator/import/gnu/arm/5.4.1/bin/../lib/gcc/arm-none-eabi/5.4.1/armv6-m\libgcc.a(_dvmd_tls.o)
 .ARM.attributes
                0x000002fb       0x2c d:/programs/cypress/psoc creator/4.3/psoc creator/import/gnu/arm/5.4.1/bin/../lib/gcc/arm-none-eabi/5.4.1/../../../../arm-none-eabi/lib/armv6-m\libg_nano.a(lib_a-errno.o)
 .ARM.attributes
                0x00000327       0x2c d:/programs/cypress/psoc creator/4.3/psoc creator/import/gnu/arm/5.4.1/bin/../lib/gcc/arm-none-eabi/5.4.1/../../../../arm-none-eabi/lib/armv6-m\libg_nano.a(lib_a-exit.o)
 .ARM.attributes
                0x00000353       0x2c d:/programs/cypress/psoc creator/4.3/psoc creator/import/gnu/arm/5.4.1/bin/../lib/gcc/arm-none-eabi/5.4.1/../../../../arm-none-eabi/lib/armv6-m\libg_nano.a(lib_a-impure.o)
 .ARM.attributes
                0x0000037f       0x2c d:/programs/cypress/psoc creator/4.3/psoc creator/import/gnu/arm/5.4.1/bin/../lib/gcc/arm-none-eabi/5.4.1/../../../../arm-none-eabi/lib/armv6-m\libg_nano.a(lib_a-init.o)
 .ARM.attributes
                0x000003ab       0x2c d:/programs/cypress/psoc creator/4.3/psoc creator/import/gnu/arm/5.4.1/bin/../lib/gcc/arm-none-eabi/5.4.1/../../../../arm-none-eabi/lib/armv6-m\libg_nano.a(lib_a-memcpy-stub.o)
 .ARM.attributes
                0x000003d7       0x2c d:/programs/cypress/psoc creator/4.3/psoc creator/import/gnu/arm/5.4.1/bin/../lib/gcc/arm-none-eabi/5.4.1/../../../../arm-none-eabi/lib/armv6-m\libg_nano.a(lib_a-memset.o)
 .ARM.attributes
                0x00000403       0x2c d:/programs/cypress/psoc creator/4.3/psoc creator/import/gnu/arm/5.4.1/bin/../lib/gcc/arm-none-eabi/5.4.1/../../../../arm-none-eabi/lib/armv6-m\libg_nano.a(lib_a-sprintf.o)
 .ARM.attributes
                0x0000042f       0x1c d:/programs/cypress/psoc creator/4.3/psoc creator/import/gnu/arm/5.4.1/bin/../lib/gcc/arm-none-eabi/5.4.1/../../../../arm-none-eabi/lib/armv6-m\libg_nano.a(lib_a-strlen.o)
 .ARM.attributes
                0x0000044b       0x2c d:/programs/cypress/psoc creator/4.3/psoc creator/import/gnu/arm/5.4.1/bin/../lib/gcc/arm-none-eabi/5.4.1/../../../../arm-none-eabi/lib/armv6-m\libg_nano.a(lib_a-nano-svfprintf.o)
 .ARM.attributes
                0x00000477       0x2c d:/programs/cypress/psoc creator/4.3/psoc creator/import/gnu/arm/5.4.1/bin/../lib/gcc/arm-none-eabi/5.4.1/../../../../arm-none-eabi/lib/armv6-m\libg_nano.a(lib_a-nano-vfprintf_i.o)
 .ARM.attributes
                0x000004a3       0x2c d:/programs/cypress/psoc creator/4.3/psoc creator/import/gnu/arm/5.4.1/bin/../lib/gcc/arm-none-eabi/5.4.1/../../../../arm-none-eabi/lib/armv6-m\libg_nano.a(lib_a-memchr-stub.o)
 .ARM.attributes
                0x000004cf       0x2c d:/programs/cypress/psoc creator/4.3/psoc creator/import/gnu/arm/5.4.1/bin/../lib/gcc/arm-none-eabi/5.4.1/../../../../arm-none-eabi/lib/armv6-m\libg_nano.a(lib_a-memmove.o)
 .ARM.attributes
                0x000004fb       0x2c d:/programs/cypress/psoc creator/4.3/psoc creator/import/gnu/arm/5.4.1/bin/../lib/gcc/arm-none-eabi/5.4.1/../../../../arm-none-eabi/lib/armv6-m\libg_nano.a(lib_a-nano-freer.o)
 .ARM.attributes
                0x00000527       0x2c d:/programs/cypress/psoc creator/4.3/psoc creator/import/gnu/arm/5.4.1/bin/../lib/gcc/arm-none-eabi/5.4.1/../../../../arm-none-eabi/lib/armv6-m\libg_nano.a(lib_a-nano-mallocr.o)
 .ARM.attributes
                0x00000553       0x2c d:/programs/cypress/psoc creator/4.3/psoc creator/import/gnu/arm/5.4.1/bin/../lib/gcc/arm-none-eabi/5.4.1/../../../../arm-none-eabi/lib/armv6-m\libg_nano.a(lib_a-nano-reallocr.o)
 .ARM.attributes
                0x0000057f       0x2c d:/programs/cypress/psoc creator/4.3/psoc creator/import/gnu/arm/5.4.1/bin/../lib/gcc/arm-none-eabi/5.4.1/../../../../arm-none-eabi/lib/armv6-m\libg_nano.a(lib_a-sbrkr.o)
 .ARM.attributes
                0x000005ab       0x2c d:/programs/cypress/psoc creator/4.3/psoc creator/import/gnu/arm/5.4.1/bin/../lib/gcc/arm-none-eabi/5.4.1/../../../../arm-none-eabi/lib/armv6-m\libg_nano.a(lib_a-mlock.o)
 .ARM.attributes
                0x000005d7       0x2c d:/programs/cypress/psoc creator/4.3/psoc creator/import/gnu/arm/5.4.1/bin/../lib/gcc/arm-none-eabi/5.4.1/../../../../arm-none-eabi/lib/armv6-m\libg_nano.a(lib_a-nano-msizer.o)
 .ARM.attributes
                0x00000603       0x2c d:/programs/cypress/psoc creator/4.3/psoc creator/import/gnu/arm/5.4.1/bin/../lib/gcc/arm-none-eabi/5.4.1/../../../../arm-none-eabi/lib/armv6-m\libg_nano.a(lib_a-reent.o)
 .ARM.attributes
                0x0000062f       0x2c d:/programs/cypress/psoc creator/4.3/psoc creator/import/gnu/arm/5.4.1/bin/../lib/gcc/arm-none-eabi/5.4.1/armv6-m/crtend.o
 .ARM.attributes
                0x0000065b       0x1e d:/programs/cypress/psoc creator/4.3/psoc creator/import/gnu/arm/5.4.1/bin/../lib/gcc/arm-none-eabi/5.4.1/armv6-m/crtn.o

/DISCARD/
 *(.note.GNU-stack)
OUTPUT(D:\ucu\2_course1_term\POC\programs\my_works\Smart_lightning_system\Code_Morse.cydsn\CortexM0\ARM_GCC_541\Debug\Code_Morse.elf elf32-littlearm)
